Job: 227152  Node: node26  Started: Tue Jul  7 11:15:52 KST 2026
0, NVIDIA H100 80GB HBM3, 81559 MiB
1, NVIDIA H100 80GB HBM3, 81559 MiB
2, NVIDIA H100 80GB HBM3, 81559 MiB
3, NVIDIA H100 80GB HBM3, 81559 MiB
Loading base model + LoRA from /data/gyuyeonlim/snu_ai_challenge/v8_lora128/checkpoints/best_v8 ...
Val samples: 476  (checkpoint: best_v8, LB 0.89528)

[A_baseline] overall exact_match=0.5840 (278/476)  adj_swap_fail=67  other_fail=131
  n_nouns bucket     n      acc
  1-4            137   33.6%
  5-6             71   33.8%
  7-8             81   64.2%
  9-10            92   80.4%
  11-15+          95   86.3%

[B_adjswap_hint] overall exact_match=0.5777 (275/476)  adj_swap_fail=69  other_fail=132
  n_nouns bucket     n      acc
  1-4            137   32.8%
  5-6             71   32.4%
  7-8             81   65.4%
  9-10            92   77.2%
  11-15+          95   87.4%

[D_noun_grounding] overall exact_match=0.5840 (278/476)  adj_swap_fail=65  other_fail=133
  n_nouns bucket     n      acc
  1-4            137   33.6%
  5-6             71   33.8%
  7-8             81   65.4%
  9-10            92   77.2%
  11-15+          95   88.4%

======================================================================
최종 요약 (overall / n_nouns 하위 구간 1-4,5-6 평균)
======================================================================
  A_baseline            overall=0.5840  low_n_nouns(1-6)=0.3365  (n_low=208)
  B_adjswap_hint        overall=0.5777  low_n_nouns(1-6)=0.3269  (n_low=208)
  D_noun_grounding      overall=0.5840  low_n_nouns(1-6)=0.3365  (n_low=208)
Done: Tue Jul  7 11:54:12 KST 2026
