Job: 225461  Node: node24  Started: Wed Jul  1 00:57:06 KST 2026
0, NVIDIA H100 80GB HBM3, 81559 MiB
1, NVIDIA H100 80GB HBM3, 81559 MiB
2, NVIDIA H100 80GB HBM3, 81559 MiB
3, NVIDIA H100 80GB HBM3, 81559 MiB
Processes: 4  Device: cuda:0
  GPU 0: NVIDIA H100 80GB HBM3  85.0GB
  GPU 1: NVIDIA H100 80GB HBM3  85.0GB
  GPU 2: NVIDIA H100 80GB HBM3  85.0GB
  GPU 3: NVIDIA H100 80GB HBM3  85.0GB
[hard_negative] positive: 7658, hard_neg: 22974, total: 30632
Train groups: 7658  Val raw: 476
Loading processor...
Loading processor...
Loading processor...
Loading processor...
Loading model (bfloat16)...
Loading model (bfloat16)...
Loading model (bfloat16)...
Loading model (bfloat16)...
trainable params: 80,740,352 || all params: 8,372,115,968 || trainable%: 0.9644
trainable params: 80,740,352 || all params: 8,372,115,968 || trainable%: 0.9644
trainable params: 80,740,352 || all params: 8,372,115,968 || trainable%: 0.9644
trainable params: 80,740,352 || all params: 8,372,115,968 || trainable%: 0.9644

============================================================
Epoch 1/5  시작: 00:58:21
  Processes=4  Effective batch=32
============================================================
  step=   50  loss=0.7967  bce=0.9543  rank=0.5917  lr=2.01e-06
  step=  100  loss=0.8206  bce=0.7473  rank=0.7583  lr=4.02e-06
  step=  150  loss=0.8136  bce=0.6066  rank=0.9250  lr=6.03e-06
  step=  200  loss=0.8050  bce=0.6507  rank=0.5083  lr=8.37e-06
  step=  250  loss=0.7734  bce=0.3869  rank=0.0583  lr=1.04e-05
  step=  300  loss=0.7478  bce=0.5657  rank=0.6583  lr=1.24e-05
  step=  350  loss=0.7334  bce=0.8602  rank=1.0917  lr=1.44e-05
  step=  400  loss=0.7114  bce=0.2763  rank=0.0000  lr=1.67e-05
  step=  450  loss=0.7063  bce=0.4937  rank=0.2667  lr=1.87e-05
  step=  500  loss=0.6878  bce=0.4767  rank=0.4083  lr=2.00e-05
  step=  550  loss=0.6870  bce=0.1326  rank=0.0000  lr=2.00e-05
  step=  600  loss=0.6771  bce=0.5504  rank=0.2417  lr=2.00e-05
  step=  650  loss=0.6630  bce=0.6516  rank=1.2167  lr=2.00e-05
  step=  700  loss=0.6457  bce=0.4569  rank=0.4333  lr=2.00e-05
  step=  750  loss=0.6397  bce=0.6692  rank=0.5500  lr=2.00e-05
  step=  800  loss=0.6308  bce=0.3450  rank=0.0000  lr=1.99e-05
  step=  850  loss=0.6237  bce=0.4272  rank=0.3500  lr=1.99e-05
  step=  900  loss=0.6172  bce=0.5150  rank=0.2417  lr=1.99e-05
  step=  950  loss=0.6133  bce=0.3065  rank=0.0000  lr=1.99e-05
  step= 1000  loss=0.6103  bce=0.6460  rank=0.9250  lr=1.98e-05
  step= 1050  loss=0.6075  bce=0.0842  rank=0.0000  lr=1.98e-05
  step= 1100  loss=0.6011  bce=0.6954  rank=1.1750  lr=1.98e-05
  step= 1150  loss=0.5980  bce=0.2545  rank=0.0000  lr=1.97e-05
  step= 1200  loss=0.5880  bce=0.3526  rank=0.0583  lr=1.97e-05
  step= 1250  loss=0.5856  bce=0.8704  rank=1.5917  lr=1.96e-05
  step= 1300  loss=0.5801  bce=0.2659  rank=0.0000  lr=1.96e-05
  step= 1350  loss=0.5736  bce=0.1571  rank=0.0000  lr=1.96e-05
  step= 1400  loss=0.5658  bce=0.3506  rank=0.0167  lr=1.95e-05
  step= 1450  loss=0.5639  bce=0.6064  rank=0.8667  lr=1.94e-05
  step= 1500  loss=0.5655  bce=0.1558  rank=0.0000  lr=1.94e-05
  step= 1550  loss=0.5614  bce=0.7068  rank=1.4250  lr=1.93e-05
  step= 1600  loss=0.5628  bce=0.4774  rank=0.3917  lr=1.93e-05
  step= 1650  loss=0.5574  bce=0.6023  rank=0.9250  lr=1.92e-05
  step= 1700  loss=0.5535  bce=0.2462  rank=0.0000  lr=1.91e-05
  step= 1750  loss=0.5534  bce=0.3238  rank=0.0000  lr=1.91e-05
  step= 1800  loss=0.5504  bce=0.3056  rank=0.0000  lr=1.90e-05
  step= 1850  loss=0.5475  bce=0.5984  rank=0.1000  lr=1.89e-05
  step= 1900  loss=0.5425  bce=0.2020  rank=0.0000  lr=1.88e-05

[Epoch 1/5 완료]
  소요: 188.1분  avg_loss: 0.5407
  GPU0 max_alloc: 21.49GB

[Val] exact_match=0.3700 (37/100)  adj_swap_fail=15  other_fail=48
  npjZ5g  gt=[1, 4, 3, 2]  pred=[2, 4, 3, 1]  [other]
  I0KSxU  gt=[1, 3, 4, 2]  pred=[2, 4, 3, 1]  [other]
  CMjeGS  gt=[1, 2, 3, 4]  pred=[2, 1, 3, 4]  [adj_swap]
  ★ Best model saved  (val_acc=0.3700)

============================================================
Epoch 2/5  시작: 04:18:29
  Processes=4  Effective batch=32
============================================================
  step= 1950  loss=0.5516  bce=0.4548  rank=0.4083  lr=1.87e-05
  step= 2000  loss=0.4391  bce=0.4285  rank=0.0000  lr=1.86e-05
  step= 2050  loss=0.4305  bce=0.2143  rank=0.0000  lr=1.86e-05
  step= 2100  loss=0.4199  bce=0.5475  rank=0.6750  lr=1.85e-05
  step= 2150  loss=0.4348  bce=0.8193  rank=1.2583  lr=1.84e-05
  step= 2200  loss=0.4341  bce=0.0572  rank=0.0000  lr=1.83e-05
  step= 2250  loss=0.4368  bce=0.5363  rank=0.4917  lr=1.82e-05
  step= 2300  loss=0.4384  bce=0.6196  rank=0.7833  lr=1.81e-05
  step= 2350  loss=0.4342  bce=0.2839  rank=0.0167  lr=1.80e-05
  step= 2400  loss=0.4385  bce=0.1821  rank=0.0000  lr=1.79e-05
  step= 2450  loss=0.4483  bce=0.7577  rank=0.9667  lr=1.78e-05
  step= 2500  loss=0.4567  bce=0.3665  rank=0.1417  lr=1.76e-05
  step= 2550  loss=0.4535  bce=0.2666  rank=0.0000  lr=1.75e-05
  step= 2600  loss=0.4539  bce=0.2056  rank=0.0000  lr=1.74e-05
  step= 2650  loss=0.4584  bce=0.3300  rank=0.0167  lr=1.73e-05
  step= 2700  loss=0.4551  bce=0.5341  rank=0.4250  lr=1.72e-05
  step= 2750  loss=0.4557  bce=0.3399  rank=0.0167  lr=1.71e-05
  step= 2800  loss=0.4596  bce=0.4129  rank=0.0000  lr=1.70e-05
  step= 2850  loss=0.4540  bce=0.2199  rank=0.0000  lr=1.68e-05
  step= 2900  loss=0.4514  bce=0.6517  rank=0.5917  lr=1.67e-05
  step= 2950  loss=0.4530  bce=0.1732  rank=0.0000  lr=1.66e-05
  step= 3000  loss=0.4539  bce=0.7991  rank=1.2167  lr=1.64e-05
  step= 3050  loss=0.4513  bce=0.4905  rank=0.1167  lr=1.63e-05
  step= 3100  loss=0.4497  bce=0.5177  rank=0.5333  lr=1.62e-05
  step= 3150  loss=0.4495  bce=0.3329  rank=0.0000  lr=1.60e-05
  step= 3200  loss=0.4498  bce=0.3360  rank=0.0000  lr=1.59e-05
  step= 3250  loss=0.4545  bce=0.5474  rank=0.0583  lr=1.58e-05
  step= 3300  loss=0.4562  bce=0.6350  rank=0.0000  lr=1.56e-05
  step= 3350  loss=0.4541  bce=0.1946  rank=0.0000  lr=1.55e-05
  step= 3400  loss=0.4518  bce=0.4918  rank=0.3833  lr=1.53e-05
  step= 3450  loss=0.4495  bce=0.8510  rank=0.9917  lr=1.52e-05
  step= 3500  loss=0.4469  bce=0.5408  rank=0.4500  lr=1.50e-05
  step= 3550  loss=0.4499  bce=0.1364  rank=0.0000  lr=1.49e-05
  step= 3600  loss=0.4485  bce=0.3203  rank=0.0000  lr=1.47e-05
  step= 3650  loss=0.4507  bce=0.4331  rank=0.1000  lr=1.46e-05
  step= 3700  loss=0.4509  bce=0.5224  rank=0.4917  lr=1.44e-05
  step= 3750  loss=0.4502  bce=0.3275  rank=0.0000  lr=1.43e-05
  step= 3800  loss=0.4488  bce=0.1111  rank=0.0000  lr=1.41e-05

[Epoch 2/5 완료]
  소요: 195.2분  avg_loss: 0.4489
  GPU0 max_alloc: 21.48GB

[Val] exact_match=0.4000 (40/100)  adj_swap_fail=14  other_fail=46
  npjZ5g  gt=[1, 4, 3, 2]  pred=[2, 4, 3, 1]  [other]
  I0KSxU  gt=[1, 3, 4, 2]  pred=[2, 4, 3, 1]  [other]
  K5FJrU  gt=[1, 2, 4, 3]  pred=[1, 2, 3, 4]  [adj_swap]
  ★ Best model saved  (val_acc=0.4000)

============================================================
Epoch 3/5  시작: 07:46:07
  Processes=4  Effective batch=32
============================================================
  step= 3850  loss=0.3825  bce=0.5596  rank=0.3250  lr=1.39e-05
  step= 3900  loss=0.3436  bce=0.1718  rank=0.0000  lr=1.38e-05
  step= 3950  loss=0.3808  bce=0.6005  rank=0.7583  lr=1.36e-05
  step= 4000  loss=0.3745  bce=0.3278  rank=0.0167  lr=1.34e-05
  step= 4050  loss=0.3641  bce=0.4525  rank=0.3500  lr=1.33e-05
  step= 4100  loss=0.3767  bce=0.3532  rank=0.0000  lr=1.31e-05
  step= 4150  loss=0.3803  bce=0.7767  rank=0.0000  lr=1.29e-05
  step= 4200  loss=0.3807  bce=0.5009  rank=0.4917  lr=1.28e-05
  step= 4250  loss=0.3686  bce=0.2818  rank=0.0000  lr=1.26e-05
  step= 4300  loss=0.3689  bce=0.3895  rank=0.0000  lr=1.25e-05
  step= 4350  loss=0.3749  bce=0.4445  rank=0.0583  lr=1.23e-05
  step= 4400  loss=0.3763  bce=0.2608  rank=0.0000  lr=1.21e-05
  step= 4450  loss=0.3770  bce=0.2167  rank=0.0000  lr=1.20e-05
  step= 4500  loss=0.3812  bce=0.4830  rank=0.4083  lr=1.18e-05
  step= 4550  loss=0.3873  bce=0.2920  rank=0.0000  lr=1.16e-05
  step= 4600  loss=0.3833  bce=0.2453  rank=0.0000  lr=1.14e-05
  step= 4650  loss=0.3844  bce=0.5975  rank=0.7833  lr=1.13e-05
  step= 4700  loss=0.3830  bce=0.3383  rank=0.0583  lr=1.11e-05
  step= 4750  loss=0.3896  bce=0.5611  rank=0.6583  lr=1.09e-05
  step= 4800  loss=0.3962  bce=0.4049  rank=0.1417  lr=1.07e-05
  step= 4850  loss=0.4021  bce=0.1812  rank=0.0000  lr=1.06e-05
  step= 4900  loss=0.4017  bce=0.4641  rank=0.2167  lr=1.04e-05
  step= 4950  loss=0.4053  bce=0.5419  rank=0.5583  lr=1.02e-05
  step= 5000  loss=0.4089  bce=0.4494  rank=0.3917  lr=1.01e-05
  step= 5050  loss=0.4082  bce=0.3292  rank=0.0000  lr=9.89e-06
  step= 5100  loss=0.4080  bce=0.4362  rank=0.4333  lr=9.72e-06
  step= 5150  loss=0.4052  bce=0.0785  rank=0.0000  lr=9.53e-06
  step= 5200  loss=0.4026  bce=0.5172  rank=0.3667  lr=9.36e-06
  step= 5250  loss=0.4048  bce=0.3657  rank=0.0000  lr=9.20e-06
  step= 5300  loss=0.4041  bce=0.4545  rank=0.0167  lr=9.03e-06
  step= 5350  loss=0.4016  bce=0.2906  rank=0.0000  lr=8.84e-06
  step= 5400  loss=0.4040  bce=0.3718  rank=0.0167  lr=8.68e-06
  step= 5450  loss=0.4043  bce=0.0825  rank=0.0000  lr=8.51e-06
  step= 5500  loss=0.4067  bce=0.0270  rank=0.0000  lr=8.35e-06
  step= 5550  loss=0.4052  bce=0.1658  rank=0.0000  lr=8.16e-06
