Job: 227163  Node: node26  Started: Tue Jul  7 13:01:23 KST 2026
LORA_R=128  LORA_ALPHA=256  (alpha/r=2.00, v8과 동일해야 함)
샘플 20개 중 No_ordering 분포:
 No_ordering
False    18
True      2
Name: count, dtype: int64
그룹 크기(1 pos+7 neg): [8]
Loading processor...
Loading model (Qwen3VLForConditionalGeneration, bf16, attn=flash_attention_2)...
  -> flash_attention_2 OK
trainable params: 349,175,808 || all params: 9,116,299,504 || trainable%: 3.8302
logits shape: torch.Size([8])
loss: 0.9663541316986084 finite: True
per_dist avg_neg_prob (diag only): {1: 0.10304079204797745, 2: 0.08489380776882172, 3: 0.0661153644323349, 4: 0.031230688095092773, 5: 0.1797201931476593, 6: 0.05149069428443909}
weights (uniform placeholder): [0.1666666716337204, 0.1666666716337204, 0.1666666716337204, 0.1666666716337204, 0.1666666716337204, 0.1666666716337204]
backward 성공
Peak VRAM: 75.89 GB  (v8 r=128 기준과 거의 동일해야 함 — loss만 바뀌었으므로)

=== val_exact_match 스모크 (n=3) ===

[Val] exact_match=0.3333 (1/3)  adj_swap_fail=0  other_fail=2
val smoke acc: 0.3333333333333333

스모크 테스트 전체 통과
Done: Tue Jul  7 13:01:47 KST 2026
