Job: 227164  Node: node26  Started: Tue Jul  7 13:06:53 KST 2026
0, NVIDIA H100 80GB HBM3, 81559 MiB
1, NVIDIA H100 80GB HBM3, 81559 MiB
2, NVIDIA H100 80GB HBM3, 81559 MiB
3, NVIDIA H100 80GB HBM3, 81559 MiB
====================================================
STAGE 1: Training (v8 레시피 100% 동일 + loss만 ListwiseSoftmaxLoss)
====================================================
[v14] Processes=4  Device=cuda:0
  lora_r=128  lora_alpha=256  lr=5e-05
  Loss: ListwiseSoftmaxLoss (8-way joint softmax, distance 가중치 없음, v8과 동일 hard-negative 구성 K=7 d=1..6 전 구간)
  Hard negatives: LIVE resampled every __getitem__ (v8과 동일)
Train samples (raw, pre-expansion): 9059
Loading processor...
Loading processor...
Loading processor...
Loading processor...
Loading model (Qwen3VLForConditionalGeneration, bf16, attn=flash_attention_2)...
Loading model (Qwen3VLForConditionalGeneration, bf16, attn=flash_attention_2)...
Loading model (Qwen3VLForConditionalGeneration, bf16, attn=flash_attention_2)...
Loading model (Qwen3VLForConditionalGeneration, bf16, attn=flash_attention_2)...
  -> flash_attention_2 OK
  -> flash_attention_2 OK
  -> flash_attention_2 OK
  -> flash_attention_2 OK
trainable params: 349,175,808 || all params: 9,116,299,504 || trainable%: 3.8302
trainable params: 349,175,808 || all params: 9,116,299,504 || trainable%: 3.8302
trainable params: 349,175,808 || all params: 9,116,299,504 || trainable%: 3.8302
trainable params: 349,175,808 || all params: 9,116,299,504 || trainable%: 3.8302

============================================================
Epoch 1/5  시작: 13:07:17
  Effective batch = 1×8×4
============================================================
  step=   50  loss=1.4527  lr=4.24e-06  avg_neg_prob=[0.011,0.055,0.043,0.012,0.007,0.000]
  step=  100  loss=1.6299  lr=8.48e-06  avg_neg_prob=[0.019,0.696,0.000,0.000,0.256,0.001]
  step=  150  loss=1.4709  lr=1.27e-05  avg_neg_prob=[0.195,0.052,0.024,0.040,0.046,0.066]
  step=  200  loss=1.3433  lr=1.77e-05  avg_neg_prob=[0.104,0.016,0.407,0.247,0.026,0.026]
  step=  250  loss=1.2668  lr=2.19e-05  avg_neg_prob=[0.204,0.299,0.001,0.015,0.012,0.233]
  step=  300  loss=1.2376  lr=2.61e-05  avg_neg_prob=[0.232,0.004,0.004,0.002,0.004,0.008]
  step=  350  loss=1.2171  lr=3.04e-05  avg_neg_prob=[0.118,0.005,0.071,0.005,0.001,0.011]
  step=  400  loss=1.1999  lr=3.53e-05  avg_neg_prob=[0.138,0.006,0.006,0.005,0.005,0.010]
  step=  450  loss=1.2512  lr=3.96e-05  avg_neg_prob=[0.005,0.004,0.000,0.003,0.001,0.000]
  step=  500  loss=1.2552  lr=4.38e-05  avg_neg_prob=[0.032,0.060,0.036,0.053,0.162,0.499]
  step=  550  loss=1.2289  lr=4.81e-05  avg_neg_prob=[0.086,0.001,0.000,0.009,0.000,0.002]
  step=  600  loss=1.2166  lr=5.00e-05  avg_neg_prob=[0.209,0.044,0.000,0.000,0.000,0.000]
  step=  650  loss=1.2066  lr=5.00e-05  avg_neg_prob=[0.111,0.071,0.043,0.038,0.134,0.320]
  step=  700  loss=1.1870  lr=5.00e-05  avg_neg_prob=[0.001,0.000,0.000,0.018,0.018,0.001]
  step=  750  loss=1.2063  lr=5.00e-05  avg_neg_prob=[0.179,0.028,0.015,0.236,0.162,0.015]
  step=  800  loss=1.2093  lr=4.99e-05  avg_neg_prob=[0.086,0.000,0.008,0.031,0.000,0.000]
  step=  850  loss=1.1916  lr=4.99e-05  avg_neg_prob=[0.008,0.000,0.000,0.000,0.000,0.000]
  step=  900  loss=1.1880  lr=4.99e-05  avg_neg_prob=[0.004,0.001,0.434,0.000,0.000,0.000]
  step=  950  loss=1.1826  lr=4.98e-05  avg_neg_prob=[0.000,0.000,0.000,0.000,0.033,0.000]
  step= 1000  loss=1.1692  lr=4.98e-05  avg_neg_prob=[0.000,0.000,0.000,0.000,0.000,0.000]
  step= 1050  loss=1.1572  lr=4.98e-05  avg_neg_prob=[0.083,0.151,0.034,0.036,0.036,0.194]
  step= 1100  loss=1.1546  lr=4.97e-05  avg_neg_prob=[0.145,0.453,0.024,0.008,0.018,0.007]
  step= 1150  loss=1.1379  lr=4.96e-05  avg_neg_prob=[0.054,0.255,0.225,0.121,0.128,0.078]
  step= 1200  loss=1.1412  lr=4.96e-05  avg_neg_prob=[0.022,0.000,0.000,0.000,0.064,0.004]
  step= 1250  loss=1.1422  lr=4.95e-05  avg_neg_prob=[0.007,0.034,0.005,0.009,0.527,0.003]
  step= 1300  loss=1.1245  lr=4.94e-05  avg_neg_prob=[0.024,0.000,0.000,0.000,0.000,0.000]
  step= 1350  loss=1.1267  lr=4.94e-05  avg_neg_prob=[0.226,0.126,0.098,0.002,0.001,0.017]
  step= 1400  loss=1.1233  lr=4.93e-05  avg_neg_prob=[0.000,0.000,0.000,0.003,0.000,0.000]
  step= 1450  loss=1.1326  lr=4.92e-05  avg_neg_prob=[0.000,0.000,0.245,0.000,0.000,0.000]
  step= 1500  loss=1.1224  lr=4.91e-05  avg_neg_prob=[0.019,0.006,0.000,0.000,0.000,0.000]
  step= 1550  loss=1.1194  lr=4.90e-05  avg_neg_prob=[0.084,0.093,0.323,0.173,0.027,0.135]
  step= 1600  loss=1.1113  lr=4.89e-05  avg_neg_prob=[0.328,0.006,0.004,0.001,0.017,0.007]
  step= 1650  loss=1.1034  lr=4.88e-05  avg_neg_prob=[0.000,0.007,0.000,0.000,0.000,0.000]
  step= 1700  loss=1.0979  lr=4.87e-05  avg_neg_prob=[0.130,0.045,0.013,0.549,0.058,0.058]
  step= 1750  loss=1.0883  lr=4.85e-05  avg_neg_prob=[0.007,0.005,0.000,0.001,0.001,0.000]
  step= 1800  loss=1.0841  lr=4.84e-05  avg_neg_prob=[0.207,0.024,0.254,0.154,0.014,0.006]
  step= 1850  loss=1.0818  lr=4.83e-05  avg_neg_prob=[0.122,0.001,0.009,0.001,0.001,0.001]
  step= 1900  loss=1.0722  lr=4.81e-05  avg_neg_prob=[0.096,0.127,0.144,0.112,0.127,0.210]
  step= 1950  loss=1.0676  lr=4.80e-05  avg_neg_prob=[0.000,0.000,0.000,0.000,0.000,0.000]
  step= 2000  loss=1.0670  lr=4.78e-05  avg_neg_prob=[0.043,0.915,0.000,0.000,0.000,0.000]
  step= 2050  loss=1.0681  lr=4.77e-05  avg_neg_prob=[0.286,0.111,0.206,0.022,0.013,0.025]
  step= 2100  loss=1.0694  lr=4.75e-05  avg_neg_prob=[0.476,0.000,0.000,0.000,0.000,0.000]
  step= 2150  loss=1.0640  lr=4.74e-05  avg_neg_prob=[0.352,0.011,0.093,0.050,0.011,0.013]
  step= 2200  loss=1.0676  lr=4.72e-05  avg_neg_prob=[0.189,0.020,0.008,0.003,0.002,0.002]
  step= 2250  loss=1.0645  lr=4.70e-05  avg_neg_prob=[0.172,0.082,0.021,0.009,0.008,0.006]

[Epoch 1/5 완료]  소요: 42.6분  avg_loss: 1.0643

[Val] exact_match=0.5651 (269/476)  adj_swap_fail=62  other_fail=145
  ★ Best saved (val_acc=0.5651)
  → Last saved to best_v14_last

============================================================
Epoch 2/5  시작: 14:01:05
  Effective batch = 1×8×4
============================================================
  step= 2300  loss=0.6975  lr=4.68e-05  avg_neg_prob=[0.000,0.000,0.000,0.000,0.000,0.000]
  step= 2350  loss=0.7603  lr=4.67e-05  avg_neg_prob=[0.000,0.000,0.000,0.000,0.000,0.000]
  step= 2400  loss=1.0164  lr=4.65e-05  avg_neg_prob=[0.334,0.114,0.048,0.006,0.025,0.037]
  step= 2450  loss=0.9792  lr=4.63e-05  avg_neg_prob=[0.177,0.056,0.071,0.249,0.056,0.063]
  step= 2500  loss=0.9781  lr=4.61e-05  avg_neg_prob=[0.025,0.001,0.000,0.000,0.000,0.000]
  step= 2550  loss=0.9578  lr=4.59e-05  avg_neg_prob=[0.001,0.006,0.001,0.001,0.000,0.000]
  step= 2600  loss=0.9227  lr=4.57e-05  avg_neg_prob=[0.000,0.000,0.000,0.000,0.000,0.000]
  step= 2650  loss=0.9024  lr=4.55e-05  avg_neg_prob=[0.000,0.000,0.000,0.000,0.000,0.000]
  step= 2700  loss=0.9221  lr=4.53e-05  avg_neg_prob=[0.089,0.114,0.166,0.188,0.078,0.089]
  step= 2750  loss=0.9289  lr=4.51e-05  avg_neg_prob=[0.038,0.000,0.000,0.000,0.000,0.000]
  step= 2800  loss=0.9376  lr=4.49e-05  avg_neg_prob=[0.059,0.008,0.019,0.032,0.005,0.004]
  step= 2850  loss=0.9388  lr=4.46e-05  avg_neg_prob=[0.289,0.000,0.000,0.000,0.000,0.000]
  step= 2900  loss=0.9199  lr=4.44e-05  avg_neg_prob=[0.032,0.000,0.000,0.000,0.044,0.006]
  step= 2950  loss=0.9137  lr=4.42e-05  avg_neg_prob=[0.000,0.000,0.000,0.000,0.000,0.000]
  step= 3000  loss=0.9295  lr=4.39e-05  avg_neg_prob=[0.062,0.113,0.088,0.032,0.240,0.349]
  step= 3050  loss=0.9257  lr=4.37e-05  avg_neg_prob=[0.150,0.031,0.017,0.059,0.180,0.180]
  step= 3100  loss=0.9321  lr=4.34e-05  avg_neg_prob=[0.017,0.001,0.000,0.000,0.000,0.000]
  step= 3150  loss=0.9137  lr=4.32e-05  avg_neg_prob=[0.002,0.000,0.002,0.002,0.001,0.000]
  step= 3200  loss=0.9159  lr=4.30e-05  avg_neg_prob=[0.021,0.000,0.000,0.001,0.025,0.001]
  step= 3250  loss=0.9214  lr=4.27e-05  avg_neg_prob=[0.000,0.000,0.000,0.000,0.000,0.000]
  step= 3300  loss=0.9245  lr=4.24e-05  avg_neg_prob=[0.078,0.090,0.079,0.403,0.079,0.102]
  step= 3350  loss=0.9159  lr=4.22e-05  avg_neg_prob=[0.248,0.001,0.007,0.009,0.022,0.028]
  step= 3400  loss=0.9116  lr=4.19e-05  avg_neg_prob=[0.000,0.000,0.000,0.000,0.000,0.000]
  step= 3450  loss=0.9127  lr=4.16e-05  avg_neg_prob=[0.240,0.039,0.000,0.000,0.001,0.000]
  step= 3500  loss=0.9067  lr=4.13e-05  avg_neg_prob=[0.155,0.022,0.241,0.017,0.022,0.037]
  step= 3550  loss=0.8940  lr=4.11e-05  avg_neg_prob=[0.000,0.000,0.000,0.000,0.016,0.000]
  step= 3600  loss=0.9062  lr=4.08e-05  avg_neg_prob=[0.077,0.003,0.022,0.000,0.000,0.000]
  step= 3650  loss=0.8982  lr=4.05e-05  avg_neg_prob=[0.000,0.000,0.000,0.000,0.000,0.000]
  step= 3700  loss=0.8914  lr=4.02e-05  avg_neg_prob=[0.048,0.000,0.000,0.000,0.000,0.000]
  step= 3750  loss=0.8910  lr=3.99e-05  avg_neg_prob=[0.258,0.027,0.035,0.121,0.044,0.031]
  step= 3800  loss=0.8993  lr=3.96e-05  avg_neg_prob=[0.093,0.073,0.064,0.093,0.064,0.044]
  step= 3850  loss=0.8888  lr=3.93e-05  avg_neg_prob=[0.058,0.004,0.000,0.000,0.000,0.004]
  step= 3900  loss=0.8880  lr=3.90e-05  avg_neg_prob=[0.074,0.000,0.000,0.000,0.001,0.001]
  step= 3950  loss=0.8930  lr=3.87e-05  avg_neg_prob=[0.000,0.000,0.000,0.000,0.000,0.000]
  step= 4000  loss=0.8934  lr=3.84e-05  avg_neg_prob=[0.092,0.034,0.030,0.026,0.081,0.044]
  step= 4050  loss=0.8896  lr=3.81e-05  avg_neg_prob=[0.103,0.000,0.000,0.494,0.000,0.000]
  step= 4100  loss=0.8937  lr=3.78e-05  avg_neg_prob=[0.028,0.812,0.003,0.040,0.015,0.022]
  step= 4150  loss=0.8949  lr=3.75e-05  avg_neg_prob=[0.207,0.049,0.023,0.011,0.043,0.103]
  step= 4200  loss=0.9008  lr=3.72e-05  avg_neg_prob=[0.000,0.000,0.000,0.000,0.001,0.001]
  step= 4250  loss=0.8983  lr=3.68e-05  avg_neg_prob=[0.189,0.027,0.108,0.157,0.035,0.259]
  step= 4300  loss=0.9034  lr=3.65e-05  avg_neg_prob=[0.335,0.090,0.020,0.102,0.008,0.007]
  step= 4350  loss=0.8999  lr=3.62e-05  avg_neg_prob=[0.069,0.001,0.291,0.000,0.256,0.057]
  step= 4400  loss=0.8996  lr=3.59e-05  avg_neg_prob=[0.140,0.148,0.130,0.148,0.115,0.101]
  step= 4450  loss=0.8961  lr=3.55e-05  avg_neg_prob=[0.220,0.059,0.041,0.076,0.076,0.076]
  step= 4500  loss=0.9000  lr=3.52e-05  avg_neg_prob=[0.108,0.004,0.130,0.037,0.516,0.026]

[Epoch 2/5 완료]  소요: 42.4분  avg_loss: 0.9037

[Val] exact_match=0.5693 (271/476)  adj_swap_fail=63  other_fail=142
  ★ Best saved (val_acc=0.5693)
  → Last saved to best_v14_last

============================================================
Epoch 3/5  시작: 14:54:29
  Effective batch = 1×8×4
============================================================
  step= 4550  loss=0.5226  lr=3.48e-05  avg_neg_prob=[0.000,0.000,0.000,0.000,0.000,0.000]
  step= 4600  loss=0.8069  lr=3.45e-05  avg_neg_prob=[0.027,0.022,0.144,0.645,0.022,0.087]
  step= 4650  loss=0.8938  lr=3.41e-05  avg_neg_prob=[0.142,0.121,0.083,0.156,0.073,0.107]
  step= 4700  loss=0.8215  lr=3.38e-05  avg_neg_prob=[0.000,0.000,0.004,0.002,0.002,0.000]
  step= 4750  loss=0.8277  lr=3.35e-05  avg_neg_prob=[0.298,0.001,0.000,0.000,0.000,0.000]
  step= 4800  loss=0.8609  lr=3.31e-05  avg_neg_prob=[0.159,0.055,0.007,0.010,0.005,0.141]
  step= 4850  loss=0.8549  lr=3.28e-05  avg_neg_prob=[0.005,0.000,0.000,0.000,0.000,0.000]
  step= 4900  loss=0.8445  lr=3.24e-05  avg_neg_prob=[0.078,0.092,0.063,0.134,0.134,0.250]
  step= 4950  loss=0.8133  lr=3.21e-05  avg_neg_prob=[0.006,0.000,0.033,0.000,0.001,0.000]
  step= 5000  loss=0.8239  lr=3.17e-05  avg_neg_prob=[0.134,0.004,0.000,0.000,0.000,0.000]
  step= 5050  loss=0.7969  lr=3.13e-05  avg_neg_prob=[0.000,0.026,0.000,0.000,0.000,0.000]
  step= 5100  loss=0.8097  lr=3.10e-05  avg_neg_prob=[0.000,0.000,0.000,0.000,0.000,0.000]
  step= 5150  loss=0.7936  lr=3.07e-05  avg_neg_prob=[0.202,0.099,0.053,0.013,0.036,0.268]
  step= 5200  loss=0.8031  lr=3.03e-05  avg_neg_prob=[0.146,0.094,0.289,0.027,0.065,0.035]
  step= 5250  loss=0.7986  lr=2.99e-05  avg_neg_prob=[0.000,0.000,0.000,0.000,0.000,0.000]
  step= 5300  loss=0.8001  lr=2.96e-05  avg_neg_prob=[0.001,0.000,0.000,0.000,0.000,0.000]
  step= 5350  loss=0.7957  lr=2.92e-05  avg_neg_prob=[0.019,0.000,0.001,0.006,0.280,0.004]
  step= 5400  loss=0.7942  lr=2.89e-05  avg_neg_prob=[0.151,0.026,0.011,0.000,0.000,0.000]
  step= 5450  loss=0.7877  lr=2.85e-05  avg_neg_prob=[0.000,0.000,0.000,0.000,0.000,0.000]
  step= 5500  loss=0.7866  lr=2.81e-05  avg_neg_prob=[0.077,0.178,0.202,0.229,0.084,0.108]
  step= 5550  loss=0.7911  lr=2.78e-05  avg_neg_prob=[0.002,0.000,0.000,0.000,0.000,0.000]
  step= 5600  loss=0.7781  lr=2.74e-05  avg_neg_prob=[0.145,0.021,0.001,0.005,0.155,0.328]
  step= 5650  loss=0.7705  lr=2.70e-05  avg_neg_prob=[0.000,0.000,0.000,0.000,0.000,0.000]
  step= 5700  loss=0.7667  lr=2.67e-05  avg_neg_prob=[0.315,0.045,0.139,0.015,0.027,0.005]
  step= 5750  loss=0.7774  lr=2.63e-05  avg_neg_prob=[0.160,0.000,0.000,0.000,0.000,0.000]
  step= 5800  loss=0.7787  lr=2.60e-05  avg_neg_prob=[0.001,0.000,0.080,0.003,0.002,0.000]
  step= 5850  loss=0.7852  lr=2.56e-05  avg_neg_prob=[0.004,0.005,0.002,0.002,0.005,0.002]
  step= 5900  loss=0.7803  lr=2.52e-05  avg_neg_prob=[0.000,0.000,0.000,0.000,0.000,0.000]
  step= 5950  loss=0.7799  lr=2.49e-05  avg_neg_prob=[0.072,0.247,0.062,0.033,0.010,0.043]
  step= 6000  loss=0.7792  lr=2.45e-05  avg_neg_prob=[0.059,0.001,0.001,0.012,0.000,0.000]
  step= 6050  loss=0.7811  lr=2.41e-05  avg_neg_prob=[0.218,0.316,0.091,0.023,0.048,0.048]
  step= 6100  loss=0.7791  lr=2.38e-05  avg_neg_prob=[0.293,0.102,0.000,0.000,0.000,0.000]
  step= 6150  loss=0.7796  lr=2.34e-05  avg_neg_prob=[0.391,0.001,0.001,0.007,0.106,0.030]
  step= 6200  loss=0.7784  lr=2.31e-05  avg_neg_prob=[0.001,0.000,0.000,0.000,0.000,0.000]
  step= 6250  loss=0.7886  lr=2.27e-05  avg_neg_prob=[0.190,0.096,0.108,0.058,0.123,0.139]
  step= 6300  loss=0.7937  lr=2.23e-05  avg_neg_prob=[0.237,0.075,0.051,0.179,0.040,0.096]
  step= 6350  loss=0.7930  lr=2.20e-05  avg_neg_prob=[0.000,0.000,0.000,0.000,0.000,0.000]
  step= 6400  loss=0.7846  lr=2.16e-05  avg_neg_prob=[0.115,0.025,0.208,0.012,0.076,0.009]
  step= 6450  loss=0.7840  lr=2.12e-05  avg_neg_prob=[0.039,0.003,0.076,0.004,0.001,0.017]
  step= 6500  loss=0.7832  lr=2.09e-05  avg_neg_prob=[0.030,0.000,0.000,0.000,0.000,0.000]
  step= 6550  loss=0.7780  lr=2.05e-05  avg_neg_prob=[0.004,0.080,0.000,0.000,0.000,0.000]
  step= 6600  loss=0.7723  lr=2.02e-05  avg_neg_prob=[0.010,0.001,0.004,0.000,0.000,0.000]
  step= 6650  loss=0.7644  lr=1.98e-05  avg_neg_prob=[0.020,0.008,0.016,0.105,0.324,0.416]
  step= 6700  loss=0.7602  lr=1.94e-05  avg_neg_prob=[0.000,0.000,0.000,0.000,0.000,0.000]
  step= 6750  loss=0.7549  lr=1.91e-05  avg_neg_prob=[0.070,0.066,0.021,0.027,0.005,0.031]

[Epoch 3/5 완료]  소요: 42.7분  avg_loss: 0.7555

[Val] exact_match=0.5966 (284/476)  adj_swap_fail=64  other_fail=128
  ★ Best saved (val_acc=0.5966)
  → Last saved to best_v14_last

============================================================
Epoch 4/5  시작: 15:48:04
  Effective batch = 1×8×4
============================================================
  step= 6800  loss=0.6390  lr=1.87e-05  avg_neg_prob=[0.000,0.000,0.000,0.000,0.000,0.000]
  step= 6850  loss=0.7012  lr=1.84e-05  avg_neg_prob=[0.048,0.045,0.293,0.009,0.482,0.001]
  step= 6900  loss=0.7361  lr=1.80e-05  avg_neg_prob=[0.090,0.157,0.202,0.157,0.051,0.095]
  step= 6950  loss=0.7897  lr=1.76e-05  avg_neg_prob=[0.123,0.059,0.066,0.085,0.085,0.382]
  step= 7000  loss=0.7313  lr=1.73e-05  avg_neg_prob=[0.000,0.000,0.000,0.000,0.000,0.000]
  step= 7050  loss=0.6933  lr=1.70e-05  avg_neg_prob=[0.000,0.000,0.000,0.000,0.000,0.000]
  step= 7100  loss=0.6487  lr=1.66e-05  avg_neg_prob=[0.000,0.000,0.000,0.000,0.000,0.000]
  step= 7150  loss=0.6411  lr=1.62e-05  avg_neg_prob=[0.457,0.000,0.000,0.000,0.001,0.000]
  step= 7200  loss=0.6247  lr=1.59e-05  avg_neg_prob=[0.000,0.001,0.004,0.012,0.010,0.000]
  step= 7250  loss=0.6806  lr=1.56e-05  avg_neg_prob=[0.000,0.000,0.001,0.000,0.000,0.000]
  step= 7300  loss=0.6685  lr=1.52e-05  avg_neg_prob=[0.005,0.001,0.025,0.001,0.004,0.036]
  step= 7350  loss=0.6661  lr=1.49e-05  avg_neg_prob=[0.000,0.000,0.000,0.000,0.000,0.000]
  step= 7400  loss=0.6603  lr=1.46e-05  avg_neg_prob=[0.042,0.349,0.014,0.029,0.272,0.165]
  step= 7450  loss=0.6658  lr=1.43e-05  avg_neg_prob=[0.175,0.095,0.024,0.058,0.021,0.027]
  step= 7500  loss=0.6639  lr=1.39e-05  avg_neg_prob=[0.050,0.040,0.017,0.085,0.010,0.035]
  step= 7550  loss=0.6800  lr=1.36e-05  avg_neg_prob=[0.000,0.000,0.000,0.000,0.000,0.000]
  step= 7600  loss=0.6731  lr=1.33e-05  avg_neg_prob=[0.000,0.000,0.000,0.000,0.000,0.000]
  step= 7650  loss=0.6790  lr=1.30e-05  avg_neg_prob=[0.146,0.032,0.206,0.097,0.059,0.015]
  step= 7700  loss=0.6742  lr=1.26e-05  avg_neg_prob=[0.000,0.000,0.000,0.000,0.000,0.000]
  step= 7750  loss=0.6588  lr=1.23e-05  avg_neg_prob=[0.152,0.070,0.089,0.214,0.054,0.079]
  step= 7800  loss=0.6494  lr=1.20e-05  avg_neg_prob=[0.000,0.000,0.000,0.000,0.000,0.000]
  step= 7850  loss=0.6399  lr=1.17e-05  avg_neg_prob=[0.000,0.000,0.000,0.000,0.000,0.000]
  step= 7900  loss=0.6454  lr=1.14e-05  avg_neg_prob=[0.385,0.013,0.000,0.002,0.001,0.005]
  step= 7950  loss=0.6478  lr=1.11e-05  avg_neg_prob=[0.005,0.000,0.000,0.000,0.000,0.000]
  step= 8000  loss=0.6466  lr=1.08e-05  avg_neg_prob=[0.006,0.002,0.113,0.078,0.054,0.739]
  step= 8050  loss=0.6415  lr=1.05e-05  avg_neg_prob=[0.004,0.000,0.000,0.001,0.000,0.000]
  step= 8100  loss=0.6420  lr=1.02e-05  avg_neg_prob=[0.000,0.000,0.000,0.000,0.000,0.000]
  step= 8150  loss=0.6472  lr=9.87e-06  avg_neg_prob=[0.158,0.167,0.054,0.189,0.070,0.037]
  step= 8200  loss=0.6450  lr=9.59e-06  avg_neg_prob=[0.000,0.000,0.007,0.031,0.001,0.000]
  step= 8250  loss=0.6418  lr=9.32e-06  avg_neg_prob=[0.000,0.000,0.000,0.000,0.000,0.000]
  step= 8300  loss=0.6335  lr=9.00e-06  avg_neg_prob=[0.078,0.000,0.064,0.000,0.002,0.000]
  step= 8350  loss=0.6278  lr=8.73e-06  avg_neg_prob=[0.000,0.000,0.000,0.000,0.000,0.000]
  step= 8400  loss=0.6313  lr=8.47e-06  avg_neg_prob=[0.000,0.000,0.001,0.000,0.000,0.000]
  step= 8450  loss=0.6394  lr=8.21e-06  avg_neg_prob=[0.097,0.218,0.002,0.004,0.408,0.170]
  step= 8500  loss=0.6438  lr=7.91e-06  avg_neg_prob=[0.085,0.076,0.086,0.076,0.017,0.015]
  step= 8550  loss=0.6377  lr=7.65e-06  avg_neg_prob=[0.126,0.169,0.071,0.043,0.132,0.217]
  step= 8600  loss=0.6350  lr=7.40e-06  avg_neg_prob=[0.017,0.103,0.000,0.000,0.000,0.000]
  step= 8650  loss=0.6341  lr=7.16e-06  avg_neg_prob=[0.000,0.000,0.000,0.000,0.000,0.000]
  step= 8700  loss=0.6288  lr=6.87e-06  avg_neg_prob=[0.000,0.000,0.000,0.000,0.047,0.000]
  step= 8750  loss=0.6292  lr=6.63e-06  avg_neg_prob=[0.004,0.000,0.000,0.003,0.059,0.001]
  step= 8800  loss=0.6284  lr=6.40e-06  avg_neg_prob=[0.001,0.000,0.000,0.000,0.000,0.002]
  step= 8850  loss=0.6367  lr=6.16e-06  avg_neg_prob=[0.000,0.000,0.000,0.000,0.000,0.000]
  step= 8900  loss=0.6419  lr=5.90e-06  avg_neg_prob=[0.005,0.000,0.060,0.000,0.000,0.000]
  step= 8950  loss=0.6364  lr=5.67e-06  avg_neg_prob=[0.021,0.000,0.000,0.000,0.005,0.000]
  step= 9000  loss=0.6337  lr=5.45e-06  avg_neg_prob=[0.160,0.006,0.004,0.012,0.048,0.020]
  step= 9050  loss=0.6381  lr=5.24e-06  avg_neg_prob=[0.070,0.001,0.001,0.001,0.597,0.010]

[Epoch 4/5 완료]  소요: 42.4분  avg_loss: 0.6360

[Val] exact_match=0.5966 (284/476)  adj_swap_fail=54  other_fail=138
  → Last saved to best_v14_last

============================================================
Epoch 5/5  시작: 16:41:11
  Effective batch = 1×8×4
============================================================
  step= 9100  loss=0.3946  lr=4.95e-06  avg_neg_prob=[0.006,0.000,0.001,0.001,0.000,0.000]
  step= 9150  loss=0.5829  lr=4.75e-06  avg_neg_prob=[0.000,0.000,0.000,0.000,0.000,0.000]
  step= 9200  loss=0.6289  lr=4.54e-06  avg_neg_prob=[0.105,0.016,0.001,0.008,0.002,0.008]
  step= 9250  loss=0.6099  lr=4.34e-06  avg_neg_prob=[0.055,0.068,0.047,0.032,0.022,0.077]
  step= 9300  loss=0.6287  lr=4.11e-06  avg_neg_prob=[0.012,0.724,0.000,0.006,0.010,0.001]
  step= 9350  loss=0.6182  lr=3.92e-06  avg_neg_prob=[0.012,0.000,0.000,0.005,0.015,0.001]
  step= 9400  loss=0.6012  lr=3.74e-06  avg_neg_prob=[0.209,0.050,0.024,0.030,0.135,0.223]
  step= 9450  loss=0.5955  lr=3.56e-06  avg_neg_prob=[0.014,0.000,0.000,0.000,0.000,0.000]
  step= 9500  loss=0.5924  lr=3.35e-06  avg_neg_prob=[0.021,0.333,0.001,0.003,0.058,0.015]
  step= 9550  loss=0.6041  lr=3.18e-06  avg_neg_prob=[0.464,0.000,0.000,0.000,0.000,0.000]
  step= 9600  loss=0.6082  lr=3.01e-06  avg_neg_prob=[0.000,0.000,0.000,0.000,0.000,0.000]
  step= 9650  loss=0.5809  lr=2.84e-06  avg_neg_prob=[0.000,0.000,0.000,0.000,0.000,0.000]
  step= 9700  loss=0.5652  lr=2.66e-06  avg_neg_prob=[0.000,0.000,0.000,0.000,0.000,0.000]
  step= 9750  loss=0.5567  lr=2.50e-06  avg_neg_prob=[0.190,0.020,0.026,0.042,0.148,0.070]
  step= 9800  loss=0.5522  lr=2.35e-06  avg_neg_prob=[0.071,0.030,0.072,0.250,0.221,0.092]
  step= 9850  loss=0.5426  lr=2.20e-06  avg_neg_prob=[0.000,0.000,0.000,0.000,0.000,0.000]
  step= 9900  loss=0.5440  lr=2.04e-06  avg_neg_prob=[0.028,0.000,0.000,0.908,0.001,0.004]
  step= 9950  loss=0.5560  lr=1.90e-06  avg_neg_prob=[0.003,0.000,0.000,0.001,0.000,0.000]
  step=10000  loss=0.5653  lr=1.77e-06  avg_neg_prob=[0.007,0.000,0.000,0.000,0.000,0.000]
  step=10050  loss=0.5584  lr=1.64e-06  avg_neg_prob=[0.000,0.000,0.000,0.000,0.000,0.000]
  step=10100  loss=0.5590  lr=1.50e-06  avg_neg_prob=[0.000,0.000,0.000,0.000,0.000,0.000]
  step=10150  loss=0.5602  lr=1.38e-06  avg_neg_prob=[0.067,0.266,0.161,0.142,0.046,0.183]
  step=10200  loss=0.5481  lr=1.27e-06  avg_neg_prob=[0.000,0.000,0.000,0.000,0.000,0.000]
  step=10250  loss=0.5463  lr=1.16e-06  avg_neg_prob=[0.001,0.009,0.032,0.012,0.000,0.000]
  step=10300  loss=0.5538  lr=1.04e-06  avg_neg_prob=[0.147,0.108,0.258,0.122,0.108,0.027]
  step=10350  loss=0.5514  lr=9.45e-07  avg_neg_prob=[0.000,0.000,0.000,0.000,0.000,0.000]
  step=10400  loss=0.5597  lr=8.52e-07  avg_neg_prob=[0.001,0.011,0.009,0.044,0.880,0.050]
  step=10450  loss=0.5648  lr=7.63e-07  avg_neg_prob=[0.000,0.000,0.000,0.002,0.000,0.000]
  step=10500  loss=0.5615  lr=6.66e-07  avg_neg_prob=[0.000,0.000,0.000,0.000,0.000,0.000]
  step=10550  loss=0.5689  lr=5.88e-07  avg_neg_prob=[0.000,0.000,0.000,0.000,0.000,0.000]
  step=10600  loss=0.5713  lr=5.15e-07  avg_neg_prob=[0.082,0.007,0.003,0.000,0.000,0.000]
  step=10650  loss=0.5688  lr=4.47e-07  avg_neg_prob=[0.003,0.000,0.000,0.010,0.000,0.004]
  step=10700  loss=0.5678  lr=3.73e-07  avg_neg_prob=[0.042,0.579,0.037,0.017,0.015,0.025]
  step=10750  loss=0.5620  lr=3.15e-07  avg_neg_prob=[0.464,0.000,0.000,0.000,0.000,0.000]
  step=10800  loss=0.5624  lr=2.62e-07  avg_neg_prob=[0.103,0.000,0.025,0.125,0.012,0.000]
  step=10850  loss=0.5613  lr=2.14e-07  avg_neg_prob=[0.045,0.003,0.000,0.002,0.001,0.011]
  step=10900  loss=0.5556  lr=1.64e-07  avg_neg_prob=[0.000,0.000,0.000,0.000,0.000,0.000]
  step=10950  loss=0.5642  lr=1.26e-07  avg_neg_prob=[0.174,0.000,0.000,0.000,0.001,0.000]
  step=11000  loss=0.5631  lr=9.34e-08  avg_neg_prob=[0.000,0.000,0.000,0.000,0.000,0.000]
  step=11050  loss=0.5725  lr=6.56e-08  avg_neg_prob=[0.000,0.000,0.000,0.000,0.000,0.000]
  step=11100  loss=0.5704  lr=3.93e-08  avg_neg_prob=[0.174,0.000,0.001,0.001,0.000,0.000]
  step=11150  loss=0.5679  lr=2.21e-08  avg_neg_prob=[0.000,0.000,0.000,0.000,0.000,0.000]
  step=11200  loss=0.5690  lr=9.83e-09  avg_neg_prob=[0.000,0.000,0.000,0.000,0.000,0.000]
  step=11250  loss=0.5671  lr=2.46e-09  avg_neg_prob=[0.007,0.000,0.000,0.000,0.000,0.000]
  step=11300  loss=0.5635  lr=6.83e-11  avg_neg_prob=[0.139,0.230,0.013,0.019,0.021,0.011]

[Epoch 5/5 완료]  소요: 42.5분  avg_loss: 0.5666

[Val] exact_match=0.5987 (285/476)  adj_swap_fail=54  other_fail=137
  ★ Best saved (val_acc=0.5987)
  → Last saved to best_v14_last

학습 완료. Best val_acc: 0.5987

====================================================
STAGE 2: Inference (best_v14 / best_v14_last, DDP 4-GPU)
====================================================
World size: 4  |  Resolution: 448px
Total: 819 samples → 205 per GPU

==================================================
Checkpoint: /data/gyuyeonlim/snu_ai_challenge/v14_listwise_softmax/checkpoints/best_v14

저장: /data/gyuyeonlim/snu_ai_challenge/v14_listwise_softmax/submission_v14_best.csv  (819 rows)

==================================================
Checkpoint: /data/gyuyeonlim/snu_ai_challenge/v14_listwise_softmax/checkpoints/best_v14_last

저장: /data/gyuyeonlim/snu_ai_challenge/v14_listwise_softmax/submission_v14_last.csv  (819 rows)
Done: Tue Jul  7 17:48:11 KST 2026
