Job: 233068  Node: node26  Started: Sun Jul 19 04:40:04 KST 2026
0, NVIDIA H100 80GB HBM3, 81559 MiB
1, NVIDIA H100 80GB HBM3, 81559 MiB
2, NVIDIA H100 80GB HBM3, 81559 MiB
3, NVIDIA H100 80GB HBM3, 81559 MiB
====================================================
STAGE 1: Training (Pairwise Bradley-Terry, vision encoder 샘플당 1회 인코딩)
====================================================
[v18] Processes=4  Device=cuda:0
  lora_r=128  lora_alpha=256  lr=5e-05
  Loss: pairwise_bt_loss (Bradley-Terry BCE, 6쌍/샘플, d=1 가중치 적용)
  Vision encoder: 샘플당 1번만 인코딩 (pairwise_logits_fast)
Train samples (raw): 9059  Val: 476
Loading processor...
Loading processor...
Loading processor...
Loading processor...
Loading model (Qwen3VLForConditionalGeneration, bf16, attn=flash_attention_2)...
Loading model (Qwen3VLForConditionalGeneration, bf16, attn=flash_attention_2)...
Loading model (Qwen3VLForConditionalGeneration, bf16, attn=flash_attention_2)...
Loading model (Qwen3VLForConditionalGeneration, bf16, attn=flash_attention_2)...
  -> flash_attention_2 OK
  -> flash_attention_2 OK
  -> flash_attention_2 OK
  -> flash_attention_2 OK
trainable params: 349,175,808 || all params: 9,116,299,504 || trainable%: 3.8302
trainable params: 349,175,808 || all params: 9,116,299,504 || trainable%: 3.8302
trainable params: 349,175,808 || all params: 9,116,299,504 || trainable%: 3.8302
trainable params: 349,175,808 || all params: 9,116,299,504 || trainable%: 3.8302

============================================================
Epoch 1/5  시작: 04:40:29  (예상 step 수: 9059)
  Effective batch = 1×8×4
============================================================
  step=   20 (20/9059)  loss=1.7321  lr=1.41e-06  avg_step=1.20s  ETA(에폭 잔여)=181.3분
  step=   40 (40/9059)  loss=1.9181  lr=3.53e-06  avg_step=1.12s  ETA(에폭 잔여)=168.5분
  step=   60 (60/9059)  loss=1.7155  lr=4.95e-06  avg_step=1.13s  ETA(에폭 잔여)=169.9분
  step=   80 (80/9059)  loss=1.5696  lr=7.07e-06  avg_step=1.14s  ETA(에폭 잔여)=170.5분
  step=  100 (100/9059)  loss=1.4898  lr=8.48e-06  avg_step=1.15s  ETA(에폭 잔여)=171.1분
  step=  120 (120/9059)  loss=1.4006  lr=1.06e-05  avg_step=1.09s  ETA(에폭 잔여)=162.7분
  step=  140 (140/9059)  loss=1.3086  lr=1.20e-05  avg_step=1.16s  ETA(에폭 잔여)=173.1분
  step=  160 (160/9059)  loss=1.2260  lr=1.41e-05  avg_step=1.12s  ETA(에폭 잔여)=166.6분
  step=  180 (180/9059)  loss=1.1647  lr=1.55e-05  avg_step=1.13s  ETA(에폭 잔여)=167.7분
  step=  200 (200/9059)  loss=1.1243  lr=1.77e-05  avg_step=1.13s  ETA(에폭 잔여)=167.4분
  step=  220 (220/9059)  loss=1.0760  lr=1.91e-05  avg_step=1.13s  ETA(에폭 잔여)=166.4분
  step=  240 (240/9059)  loss=1.0491  lr=2.12e-05  avg_step=1.14s  ETA(에폭 잔여)=167.8분
  step=  260 (260/9059)  loss=1.0161  lr=2.26e-05  avg_step=1.15s  ETA(에폭 잔여)=169.0분
  step=  280 (280/9059)  loss=0.9902  lr=2.47e-05  avg_step=1.14s  ETA(에폭 잔여)=166.9분
  step=  300 (300/9059)  loss=0.9570  lr=2.61e-05  avg_step=1.16s  ETA(에폭 잔여)=169.7분
  step=  320 (320/9059)  loss=0.9384  lr=2.83e-05  avg_step=1.16s  ETA(에폭 잔여)=169.2분
  step=  340 (340/9059)  loss=0.9235  lr=2.97e-05  avg_step=1.13s  ETA(에폭 잔여)=164.6분
  step=  360 (360/9059)  loss=0.9186  lr=3.18e-05  avg_step=1.13s  ETA(에폭 잔여)=164.1분
  step=  380 (380/9059)  loss=0.9016  lr=3.32e-05  avg_step=1.14s  ETA(에폭 잔여)=164.9분
  step=  400 (400/9059)  loss=0.8875  lr=3.53e-05  avg_step=1.13s  ETA(에폭 잔여)=163.1분
  step=  420 (420/9059)  loss=0.8748  lr=3.67e-05  avg_step=1.15s  ETA(에폭 잔여)=165.9분
  step=  440 (440/9059)  loss=0.8600  lr=3.89e-05  avg_step=1.14s  ETA(에폭 잔여)=164.3분
  step=  460 (460/9059)  loss=0.8456  lr=4.03e-05  avg_step=1.11s  ETA(에폭 잔여)=158.8분
  step=  480 (480/9059)  loss=0.8377  lr=4.24e-05  avg_step=1.12s  ETA(에폭 잔여)=160.5분
  step=  500 (500/9059)  loss=0.8341  lr=4.38e-05  avg_step=1.10s  ETA(에폭 잔여)=157.3분
  step=  520 (520/9059)  loss=0.8235  lr=4.59e-05  avg_step=1.12s  ETA(에폭 잔여)=159.4분
  step=  540 (540/9059)  loss=0.8109  lr=4.73e-05  avg_step=1.13s  ETA(에폭 잔여)=161.0분
  step=  560 (560/9059)  loss=0.8013  lr=4.95e-05  avg_step=1.15s  ETA(에폭 잔여)=163.1분
  step=  580 (580/9059)  loss=0.7917  lr=5.00e-05  avg_step=1.15s  ETA(에폭 잔여)=162.3분
  step=  600 (600/9059)  loss=0.7863  lr=5.00e-05  avg_step=1.16s  ETA(에폭 잔여)=164.1분
  step=  620 (620/9059)  loss=0.7819  lr=5.00e-05  avg_step=1.12s  ETA(에폭 잔여)=157.7분
  step=  640 (640/9059)  loss=0.7771  lr=5.00e-05  avg_step=1.12s  ETA(에폭 잔여)=157.4분
  step=  660 (660/9059)  loss=0.7730  lr=5.00e-05  avg_step=1.12s  ETA(에폭 잔여)=156.3분
  step=  680 (680/9059)  loss=0.7669  lr=5.00e-05  avg_step=1.14s  ETA(에폭 잔여)=158.5분
  step=  700 (700/9059)  loss=0.7652  lr=5.00e-05  avg_step=1.11s  ETA(에폭 잔여)=155.2분
  step=  720 (720/9059)  loss=0.7634  lr=5.00e-05  avg_step=1.11s  ETA(에폭 잔여)=154.3분
  step=  740 (740/9059)  loss=0.7594  lr=5.00e-05  avg_step=1.13s  ETA(에폭 잔여)=156.9분
  step=  760 (760/9059)  loss=0.7614  lr=5.00e-05  avg_step=1.15s  ETA(에폭 잔여)=158.6분
  step=  780 (780/9059)  loss=0.7551  lr=5.00e-05  avg_step=1.14s  ETA(에폭 잔여)=157.0분
  step=  800 (800/9059)  loss=0.7507  lr=4.99e-05  avg_step=1.14s  ETA(에폭 잔여)=157.4분
  step=  820 (820/9059)  loss=0.7491  lr=4.99e-05  avg_step=1.17s  ETA(에폭 잔여)=160.3분
  step=  840 (840/9059)  loss=0.7417  lr=4.99e-05  avg_step=1.12s  ETA(에폭 잔여)=153.9분
  step=  860 (860/9059)  loss=0.7394  lr=4.99e-05  avg_step=1.13s  ETA(에폭 잔여)=154.3분
  step=  880 (880/9059)  loss=0.7343  lr=4.99e-05  avg_step=1.13s  ETA(에폭 잔여)=154.0분
  step=  900 (900/9059)  loss=0.7306  lr=4.99e-05  avg_step=1.14s  ETA(에폭 잔여)=155.1분
  step=  920 (920/9059)  loss=0.7266  lr=4.99e-05  avg_step=1.11s  ETA(에폭 잔여)=151.1분
  step=  940 (940/9059)  loss=0.7250  lr=4.99e-05  avg_step=1.11s  ETA(에폭 잔여)=150.7분
  step=  960 (960/9059)  loss=0.7217  lr=4.98e-05  avg_step=1.18s  ETA(에폭 잔여)=159.6분
  step=  980 (980/9059)  loss=0.7199  lr=4.98e-05  avg_step=1.10s  ETA(에폭 잔여)=148.4분
  step= 1000 (1000/9059)  loss=0.7165  lr=4.98e-05  avg_step=1.14s  ETA(에폭 잔여)=152.9분
  step= 1020 (1020/9059)  loss=0.7119  lr=4.98e-05  avg_step=1.17s  ETA(에폭 잔여)=156.3분
  step= 1040 (1040/9059)  loss=0.7086  lr=4.98e-05  avg_step=1.12s  ETA(에폭 잔여)=149.1분
  step= 1060 (1060/9059)  loss=0.7056  lr=4.97e-05  avg_step=1.15s  ETA(에폭 잔여)=154.0분
  step= 1080 (1080/9059)  loss=0.7033  lr=4.97e-05  avg_step=1.09s  ETA(에폭 잔여)=144.7분
  step= 1100 (1100/9059)  loss=0.7022  lr=4.97e-05  avg_step=1.15s  ETA(에폭 잔여)=152.3분
  step= 1120 (1120/9059)  loss=0.6974  lr=4.97e-05  avg_step=1.11s  ETA(에폭 잔여)=146.7분
  step= 1140 (1140/9059)  loss=0.6927  lr=4.97e-05  avg_step=1.15s  ETA(에폭 잔여)=151.8분
  step= 1160 (1160/9059)  loss=0.6919  lr=4.96e-05  avg_step=1.11s  ETA(에폭 잔여)=146.7분
  step= 1180 (1180/9059)  loss=0.6924  lr=4.96e-05  avg_step=1.15s  ETA(에폭 잔여)=150.4분
  step= 1200 (1200/9059)  loss=0.6897  lr=4.96e-05  avg_step=1.13s  ETA(에폭 잔여)=148.0분
  step= 1220 (1220/9059)  loss=0.6878  lr=4.96e-05  avg_step=1.14s  ETA(에폭 잔여)=148.6분
  step= 1240 (1240/9059)  loss=0.6846  lr=4.95e-05  avg_step=1.14s  ETA(에폭 잔여)=148.2분
  step= 1260 (1260/9059)  loss=0.6823  lr=4.95e-05  avg_step=1.15s  ETA(에폭 잔여)=149.2분
  step= 1280 (1280/9059)  loss=0.6775  lr=4.95e-05  avg_step=1.11s  ETA(에폭 잔여)=143.8분
  step= 1300 (1300/9059)  loss=0.6727  lr=4.94e-05  avg_step=1.13s  ETA(에폭 잔여)=145.7분
  step= 1320 (1320/9059)  loss=0.6717  lr=4.94e-05  avg_step=1.14s  ETA(에폭 잔여)=146.6분
  step= 1340 (1340/9059)  loss=0.6698  lr=4.94e-05  avg_step=1.09s  ETA(에폭 잔여)=140.7분
  step= 1360 (1360/9059)  loss=0.6691  lr=4.93e-05  avg_step=1.16s  ETA(에폭 잔여)=149.3분
  step= 1380 (1380/9059)  loss=0.6647  lr=4.93e-05  avg_step=1.12s  ETA(에폭 잔여)=143.9분
  step= 1400 (1400/9059)  loss=0.6652  lr=4.93e-05  avg_step=1.11s  ETA(에폭 잔여)=142.1분
  step= 1420 (1420/9059)  loss=0.6625  lr=4.92e-05  avg_step=1.12s  ETA(에폭 잔여)=143.2분
  step= 1440 (1440/9059)  loss=0.6623  lr=4.92e-05  avg_step=1.12s  ETA(에폭 잔여)=142.2분
  step= 1460 (1460/9059)  loss=0.6618  lr=4.92e-05  avg_step=1.10s  ETA(에폭 잔여)=138.7분
  step= 1480 (1480/9059)  loss=0.6597  lr=4.91e-05  avg_step=1.15s  ETA(에폭 잔여)=144.9분
  step= 1500 (1500/9059)  loss=0.6582  lr=4.91e-05  avg_step=1.11s  ETA(에폭 잔여)=139.4분
  step= 1520 (1520/9059)  loss=0.6559  lr=4.90e-05  avg_step=1.10s  ETA(에폭 잔여)=138.8분
  step= 1540 (1540/9059)  loss=0.6547  lr=4.90e-05  avg_step=1.13s  ETA(에폭 잔여)=142.1분
  step= 1560 (1560/9059)  loss=0.6517  lr=4.90e-05  avg_step=1.14s  ETA(에폭 잔여)=142.8분
  step= 1580 (1580/9059)  loss=0.6503  lr=4.89e-05  avg_step=1.15s  ETA(에폭 잔여)=143.3분
  step= 1600 (1600/9059)  loss=0.6479  lr=4.89e-05  avg_step=1.17s  ETA(에폭 잔여)=145.6분
  step= 1620 (1620/9059)  loss=0.6474  lr=4.88e-05  avg_step=1.12s  ETA(에폭 잔여)=139.4분
  step= 1640 (1640/9059)  loss=0.6457  lr=4.88e-05  avg_step=1.12s  ETA(에폭 잔여)=139.1분
  step= 1660 (1660/9059)  loss=0.6435  lr=4.87e-05  avg_step=1.12s  ETA(에폭 잔여)=138.3분
  step= 1680 (1680/9059)  loss=0.6411  lr=4.87e-05  avg_step=1.18s  ETA(에폭 잔여)=145.7분
  step= 1700 (1700/9059)  loss=0.6395  lr=4.87e-05  avg_step=1.12s  ETA(에폭 잔여)=136.8분
  step= 1720 (1720/9059)  loss=0.6359  lr=4.86e-05  avg_step=1.12s  ETA(에폭 잔여)=137.0분
  step= 1740 (1740/9059)  loss=0.6322  lr=4.86e-05  avg_step=1.15s  ETA(에폭 잔여)=140.9분
  step= 1760 (1760/9059)  loss=0.6338  lr=4.85e-05  avg_step=1.13s  ETA(에폭 잔여)=137.2분
  step= 1780 (1780/9059)  loss=0.6327  lr=4.85e-05  avg_step=1.13s  ETA(에폭 잔여)=136.6분
  step= 1800 (1800/9059)  loss=0.6291  lr=4.84e-05  avg_step=1.11s  ETA(에폭 잔여)=133.8분
  step= 1820 (1820/9059)  loss=0.6278  lr=4.84e-05  avg_step=1.11s  ETA(에폭 잔여)=133.5분
  step= 1840 (1840/9059)  loss=0.6282  lr=4.83e-05  avg_step=1.10s  ETA(에폭 잔여)=132.4분
  step= 1860 (1860/9059)  loss=0.6257  lr=4.82e-05  avg_step=1.17s  ETA(에폭 잔여)=140.7분
  step= 1880 (1880/9059)  loss=0.6257  lr=4.82e-05  avg_step=1.15s  ETA(에폭 잔여)=137.6분
  step= 1900 (1900/9059)  loss=0.6244  lr=4.81e-05  avg_step=1.12s  ETA(에폭 잔여)=134.0분
  step= 1920 (1920/9059)  loss=0.6230  lr=4.81e-05  avg_step=1.15s  ETA(에폭 잔여)=137.4분
  step= 1940 (1940/9059)  loss=0.6212  lr=4.80e-05  avg_step=1.12s  ETA(에폭 잔여)=133.3분
  step= 1960 (1960/9059)  loss=0.6212  lr=4.80e-05  avg_step=1.11s  ETA(에폭 잔여)=131.7분
  step= 1980 (1980/9059)  loss=0.6196  lr=4.79e-05  avg_step=1.13s  ETA(에폭 잔여)=133.8분
  step= 2000 (2000/9059)  loss=0.6195  lr=4.78e-05  avg_step=1.12s  ETA(에폭 잔여)=132.2분
  step= 2020 (2020/9059)  loss=0.6179  lr=4.78e-05  avg_step=1.17s  ETA(에폭 잔여)=136.8분
  step= 2040 (2040/9059)  loss=0.6193  lr=4.77e-05  avg_step=1.12s  ETA(에폭 잔여)=130.7분
  step= 2060 (2060/9059)  loss=0.6182  lr=4.77e-05  avg_step=1.11s  ETA(에폭 잔여)=130.0분
  step= 2080 (2080/9059)  loss=0.6172  lr=4.76e-05  avg_step=1.12s  ETA(에폭 잔여)=130.9분
  step= 2100 (2100/9059)  loss=0.6168  lr=4.75e-05  avg_step=1.14s  ETA(에폭 잔여)=132.2분
  step= 2120 (2120/9059)  loss=0.6162  lr=4.75e-05  avg_step=1.15s  ETA(에폭 잔여)=133.2분
  step= 2140 (2140/9059)  loss=0.6143  lr=4.74e-05  avg_step=1.13s  ETA(에폭 잔여)=130.7분
  step= 2160 (2160/9059)  loss=0.6152  lr=4.73e-05  avg_step=1.15s  ETA(에폭 잔여)=132.0분
  step= 2180 (2180/9059)  loss=0.6141  lr=4.73e-05  avg_step=1.13s  ETA(에폭 잔여)=130.1분
  step= 2200 (2200/9059)  loss=0.6151  lr=4.72e-05  avg_step=1.12s  ETA(에폭 잔여)=127.8분
  step= 2220 (2220/9059)  loss=0.6146  lr=4.72e-05  avg_step=1.14s  ETA(에폭 잔여)=129.7분
  step= 2240 (2240/9059)  loss=0.6134  lr=4.71e-05  avg_step=1.18s  ETA(에폭 잔여)=133.9분
  step= 2260 (2260/9059)  loss=0.6126  lr=4.70e-05  avg_step=1.13s  ETA(에폭 잔여)=128.0분

[Epoch 1/5 완료]  소요: 42.9분  avg_loss: 0.6125

[Val] exact_match=0.4286 (204/476)  raw_pairwise_acc=0.7948  raw_adjacent(d=1)_acc=0.7556
  ★ Best saved (val_acc=0.4286)
  → Last saved to best_v18_last

============================================================
Epoch 2/5  시작: 05:27:50  (예상 step 수: 9059)
  Effective batch = 1×8×4
============================================================
  step= 2280 (15/9059)  loss=0.6530  lr=4.69e-05  avg_step=1.10s  ETA(에폭 잔여)=165.7분
  step= 2300 (35/9059)  loss=0.4326  lr=4.68e-05  avg_step=1.15s  ETA(에폭 잔여)=172.7분
  step= 2320 (55/9059)  loss=0.4607  lr=4.68e-05  avg_step=1.14s  ETA(에폭 잔여)=171.3분
  step= 2340 (75/9059)  loss=0.4494  lr=4.67e-05  avg_step=1.17s  ETA(에폭 잔여)=175.0분
  step= 2360 (95/9059)  loss=0.4722  lr=4.66e-05  avg_step=1.15s  ETA(에폭 잔여)=171.6분
  step= 2380 (115/9059)  loss=0.4819  lr=4.66e-05  avg_step=1.12s  ETA(에폭 잔여)=166.4분
  step= 2400 (135/9059)  loss=0.5087  lr=4.65e-05  avg_step=1.16s  ETA(에폭 잔여)=172.5분
  step= 2420 (155/9059)  loss=0.5149  lr=4.64e-05  avg_step=1.09s  ETA(에폭 잔여)=162.1분
  step= 2440 (175/9059)  loss=0.5110  lr=4.63e-05  avg_step=1.11s  ETA(에폭 잔여)=164.6분
  step= 2460 (195/9059)  loss=0.5075  lr=4.63e-05  avg_step=1.15s  ETA(에폭 잔여)=169.8분
  step= 2480 (215/9059)  loss=0.4981  lr=4.62e-05  avg_step=1.14s  ETA(에폭 잔여)=167.7분
  step= 2500 (235/9059)  loss=0.5133  lr=4.61e-05  avg_step=1.14s  ETA(에폭 잔여)=167.4분
  step= 2520 (255/9059)  loss=0.5232  lr=4.60e-05  avg_step=1.14s  ETA(에폭 잔여)=167.1분
  step= 2540 (275/9059)  loss=0.5132  lr=4.59e-05  avg_step=1.16s  ETA(에폭 잔여)=169.3분
  step= 2560 (295/9059)  loss=0.5012  lr=4.59e-05  avg_step=1.12s  ETA(에폭 잔여)=163.2분
  step= 2580 (315/9059)  loss=0.4978  lr=4.58e-05  avg_step=1.11s  ETA(에폭 잔여)=162.0분
  step= 2600 (335/9059)  loss=0.4950  lr=4.57e-05  avg_step=1.13s  ETA(에폭 잔여)=164.9분
  step= 2620 (355/9059)  loss=0.4925  lr=4.56e-05  avg_step=1.17s  ETA(에폭 잔여)=169.3분
  step= 2640 (375/9059)  loss=0.4978  lr=4.55e-05  avg_step=1.15s  ETA(에폭 잔여)=166.3분
  step= 2660 (395/9059)  loss=0.5021  lr=4.54e-05  avg_step=1.14s  ETA(에폭 잔여)=164.2분
  step= 2680 (415/9059)  loss=0.5008  lr=4.54e-05  avg_step=1.18s  ETA(에폭 잔여)=170.0분
  step= 2700 (435/9059)  loss=0.4997  lr=4.53e-05  avg_step=1.15s  ETA(에폭 잔여)=164.8분
  step= 2720 (455/9059)  loss=0.5029  lr=4.52e-05  avg_step=1.16s  ETA(에폭 잔여)=165.8분
  step= 2740 (475/9059)  loss=0.5158  lr=4.51e-05  avg_step=1.15s  ETA(에폭 잔여)=164.1분
  step= 2760 (495/9059)  loss=0.5162  lr=4.50e-05  avg_step=1.14s  ETA(에폭 잔여)=162.2분
  step= 2780 (515/9059)  loss=0.5234  lr=4.49e-05  avg_step=1.13s  ETA(에폭 잔여)=160.7분
  step= 2800 (535/9059)  loss=0.5268  lr=4.49e-05  avg_step=1.16s  ETA(에폭 잔여)=165.2분
  step= 2820 (555/9059)  loss=0.5214  lr=4.48e-05  avg_step=1.15s  ETA(에폭 잔여)=163.4분
  step= 2840 (575/9059)  loss=0.5205  lr=4.47e-05  avg_step=1.12s  ETA(에폭 잔여)=158.9분
  step= 2860 (595/9059)  loss=0.5125  lr=4.46e-05  avg_step=1.13s  ETA(에폭 잔여)=159.6분
  step= 2880 (615/9059)  loss=0.5102  lr=4.45e-05  avg_step=1.11s  ETA(에폭 잔여)=155.6분
  step= 2900 (635/9059)  loss=0.5207  lr=4.44e-05  avg_step=1.12s  ETA(에폭 잔여)=157.1분
  step= 2920 (655/9059)  loss=0.5180  lr=4.43e-05  avg_step=1.09s  ETA(에폭 잔여)=152.1분
  step= 2940 (675/9059)  loss=0.5189  lr=4.42e-05  avg_step=1.13s  ETA(에폭 잔여)=158.0분
  step= 2960 (695/9059)  loss=0.5188  lr=4.41e-05  avg_step=1.11s  ETA(에폭 잔여)=154.7분
  step= 2980 (715/9059)  loss=0.5194  lr=4.40e-05  avg_step=1.13s  ETA(에폭 잔여)=157.7분
  step= 3000 (735/9059)  loss=0.5217  lr=4.39e-05  avg_step=1.14s  ETA(에폭 잔여)=157.9분
  step= 3020 (755/9059)  loss=0.5214  lr=4.38e-05  avg_step=1.13s  ETA(에폭 잔여)=157.0분
  step= 3040 (775/9059)  loss=0.5203  lr=4.37e-05  avg_step=1.14s  ETA(에폭 잔여)=157.5분
  step= 3060 (795/9059)  loss=0.5179  lr=4.36e-05  avg_step=1.14s  ETA(에폭 잔여)=156.8분
  step= 3080 (815/9059)  loss=0.5216  lr=4.36e-05  avg_step=1.16s  ETA(에폭 잔여)=159.1분
  step= 3100 (835/9059)  loss=0.5186  lr=4.34e-05  avg_step=1.12s  ETA(에폭 잔여)=153.4분
  step= 3120 (855/9059)  loss=0.5176  lr=4.34e-05  avg_step=1.16s  ETA(에폭 잔여)=159.1분
  step= 3140 (875/9059)  loss=0.5164  lr=4.32e-05  avg_step=1.13s  ETA(에폭 잔여)=154.2분
  step= 3160 (895/9059)  loss=0.5152  lr=4.32e-05  avg_step=1.15s  ETA(에폭 잔여)=156.2분
  step= 3180 (915/9059)  loss=0.5143  lr=4.30e-05  avg_step=1.14s  ETA(에폭 잔여)=155.0분
  step= 3200 (935/9059)  loss=0.5143  lr=4.30e-05  avg_step=1.14s  ETA(에폭 잔여)=153.8분
  step= 3220 (955/9059)  loss=0.5155  lr=4.28e-05  avg_step=1.12s  ETA(에폭 잔여)=151.5분
  step= 3240 (975/9059)  loss=0.5130  lr=4.28e-05  avg_step=1.15s  ETA(에폭 잔여)=154.9분
  step= 3260 (995/9059)  loss=0.5118  lr=4.26e-05  avg_step=1.13s  ETA(에폭 잔여)=151.5분
  step= 3280 (1015/9059)  loss=0.5122  lr=4.25e-05  avg_step=1.16s  ETA(에폭 잔여)=154.9분
  step= 3300 (1035/9059)  loss=0.5114  lr=4.24e-05  avg_step=1.14s  ETA(에폭 잔여)=152.7분
  step= 3320 (1055/9059)  loss=0.5117  lr=4.23e-05  avg_step=1.11s  ETA(에폭 잔여)=147.7분
  step= 3340 (1075/9059)  loss=0.5063  lr=4.22e-05  avg_step=1.10s  ETA(에폭 잔여)=145.9분
  step= 3360 (1095/9059)  loss=0.5046  lr=4.21e-05  avg_step=1.14s  ETA(에폭 잔여)=151.5분
  step= 3380 (1115/9059)  loss=0.5047  lr=4.20e-05  avg_step=1.10s  ETA(에폭 잔여)=145.4분
  step= 3400 (1135/9059)  loss=0.5012  lr=4.19e-05  avg_step=1.15s  ETA(에폭 잔여)=151.6분
  step= 3420 (1155/9059)  loss=0.5011  lr=4.18e-05  avg_step=1.13s  ETA(에폭 잔여)=148.5분
  step= 3440 (1175/9059)  loss=0.5017  lr=4.17e-05  avg_step=1.13s  ETA(에폭 잔여)=149.0분
  step= 3460 (1195/9059)  loss=0.5029  lr=4.16e-05  avg_step=1.12s  ETA(에폭 잔여)=146.8분
  step= 3480 (1215/9059)  loss=0.5014  lr=4.15e-05  avg_step=1.11s  ETA(에폭 잔여)=145.6분
  step= 3500 (1235/9059)  loss=0.4978  lr=4.13e-05  avg_step=1.14s  ETA(에폭 잔여)=148.8분
  step= 3520 (1255/9059)  loss=0.4968  lr=4.13e-05  avg_step=1.10s  ETA(에폭 잔여)=143.2분
  step= 3540 (1275/9059)  loss=0.4974  lr=4.11e-05  avg_step=1.13s  ETA(에폭 잔여)=147.0분
  step= 3560 (1295/9059)  loss=0.4951  lr=4.10e-05  avg_step=1.13s  ETA(에폭 잔여)=145.8분
  step= 3580 (1315/9059)  loss=0.4952  lr=4.09e-05  avg_step=1.13s  ETA(에폭 잔여)=145.6분
  step= 3600 (1335/9059)  loss=0.4938  lr=4.08e-05  avg_step=1.15s  ETA(에폭 잔여)=147.5분
  step= 3620 (1355/9059)  loss=0.4931  lr=4.07e-05  avg_step=1.16s  ETA(에폭 잔여)=149.3분
  step= 3640 (1375/9059)  loss=0.4945  lr=4.06e-05  avg_step=1.11s  ETA(에폭 잔여)=141.7분
  step= 3660 (1395/9059)  loss=0.4948  lr=4.04e-05  avg_step=1.15s  ETA(에폭 잔여)=146.7분
  step= 3680 (1415/9059)  loss=0.4935  lr=4.03e-05  avg_step=1.18s  ETA(에폭 잔여)=150.5분
  step= 3700 (1435/9059)  loss=0.4934  lr=4.02e-05  avg_step=1.15s  ETA(에폭 잔여)=145.6분
  step= 3720 (1455/9059)  loss=0.4939  lr=4.01e-05  avg_step=1.11s  ETA(에폭 잔여)=140.9분
  step= 3740 (1475/9059)  loss=0.4936  lr=4.00e-05  avg_step=1.16s  ETA(에폭 잔여)=146.8분
  step= 3760 (1495/9059)  loss=0.4934  lr=3.99e-05  avg_step=1.10s  ETA(에폭 잔여)=138.3분
  step= 3780 (1515/9059)  loss=0.4928  lr=3.97e-05  avg_step=1.10s  ETA(에폭 잔여)=138.0분
  step= 3800 (1535/9059)  loss=0.4955  lr=3.96e-05  avg_step=1.13s  ETA(에폭 잔여)=141.1분
  step= 3820 (1555/9059)  loss=0.4939  lr=3.95e-05  avg_step=1.15s  ETA(에폭 잔여)=143.9분
  step= 3840 (1575/9059)  loss=0.4913  lr=3.94e-05  avg_step=1.13s  ETA(에폭 잔여)=141.4분
  step= 3860 (1595/9059)  loss=0.4889  lr=3.93e-05  avg_step=1.12s  ETA(에폭 잔여)=139.8분
  step= 3880 (1615/9059)  loss=0.4916  lr=3.92e-05  avg_step=1.12s  ETA(에폭 잔여)=138.8분
  step= 3900 (1635/9059)  loss=0.4912  lr=3.90e-05  avg_step=1.13s  ETA(에폭 잔여)=140.0분
  step= 3920 (1655/9059)  loss=0.4904  lr=3.89e-05  avg_step=1.14s  ETA(에폭 잔여)=141.2분
  step= 3940 (1675/9059)  loss=0.4903  lr=3.88e-05  avg_step=1.15s  ETA(에폭 잔여)=141.1분
  step= 3960 (1695/9059)  loss=0.4897  lr=3.87e-05  avg_step=1.13s  ETA(에폭 잔여)=138.1분
  step= 3980 (1715/9059)  loss=0.4900  lr=3.85e-05  avg_step=1.13s  ETA(에폭 잔여)=138.6분
  step= 4000 (1735/9059)  loss=0.4908  lr=3.84e-05  avg_step=1.10s  ETA(에폭 잔여)=134.0분
  step= 4020 (1755/9059)  loss=0.4896  lr=3.83e-05  avg_step=1.14s  ETA(에폭 잔여)=139.1분
  step= 4040 (1775/9059)  loss=0.4912  lr=3.82e-05  avg_step=1.13s  ETA(에폭 잔여)=137.4분
  step= 4060 (1795/9059)  loss=0.4909  lr=3.80e-05  avg_step=1.11s  ETA(에폭 잔여)=134.5분
  step= 4080 (1815/9059)  loss=0.4924  lr=3.79e-05  avg_step=1.11s  ETA(에폭 잔여)=133.5분
  step= 4100 (1835/9059)  loss=0.4911  lr=3.78e-05  avg_step=1.18s  ETA(에폭 잔여)=142.0분
  step= 4120 (1855/9059)  loss=0.4900  lr=3.77e-05  avg_step=1.14s  ETA(에폭 잔여)=137.0분
  step= 4140 (1875/9059)  loss=0.4894  lr=3.75e-05  avg_step=1.14s  ETA(에폭 잔여)=136.5분
  step= 4160 (1895/9059)  loss=0.4894  lr=3.74e-05  avg_step=1.14s  ETA(에폭 잔여)=135.6분
  step= 4180 (1915/9059)  loss=0.4898  lr=3.73e-05  avg_step=1.14s  ETA(에폭 잔여)=135.5분
  step= 4200 (1935/9059)  loss=0.4908  lr=3.72e-05  avg_step=1.13s  ETA(에폭 잔여)=133.6분
  step= 4220 (1955/9059)  loss=0.4918  lr=3.70e-05  avg_step=1.13s  ETA(에폭 잔여)=134.0분
  step= 4240 (1975/9059)  loss=0.4921  lr=3.69e-05  avg_step=1.14s  ETA(에폭 잔여)=134.7분
  step= 4260 (1995/9059)  loss=0.4924  lr=3.68e-05  avg_step=1.12s  ETA(에폭 잔여)=132.2분
  step= 4280 (2015/9059)  loss=0.4930  lr=3.67e-05  avg_step=1.13s  ETA(에폭 잔여)=133.0분
  step= 4300 (2035/9059)  loss=0.4929  lr=3.65e-05  avg_step=1.12s  ETA(에폭 잔여)=130.7분
  step= 4320 (2055/9059)  loss=0.4926  lr=3.64e-05  avg_step=1.16s  ETA(에폭 잔여)=135.7분
  step= 4340 (2075/9059)  loss=0.4912  lr=3.63e-05  avg_step=1.07s  ETA(에폭 잔여)=125.1분
  step= 4360 (2095/9059)  loss=0.4897  lr=3.62e-05  avg_step=1.12s  ETA(에폭 잔여)=130.2분
  step= 4380 (2115/9059)  loss=0.4910  lr=3.60e-05  avg_step=1.12s  ETA(에폭 잔여)=129.7분
  step= 4400 (2135/9059)  loss=0.4896  lr=3.59e-05  avg_step=1.19s  ETA(에폭 잔여)=137.1분
  step= 4420 (2155/9059)  loss=0.4896  lr=3.57e-05  avg_step=1.14s  ETA(에폭 잔여)=131.4분
  step= 4440 (2175/9059)  loss=0.4879  lr=3.56e-05  avg_step=1.11s  ETA(에폭 잔여)=127.2분
  step= 4460 (2195/9059)  loss=0.4884  lr=3.55e-05  avg_step=1.16s  ETA(에폭 잔여)=132.2분
  step= 4480 (2215/9059)  loss=0.4881  lr=3.54e-05  avg_step=1.17s  ETA(에폭 잔여)=133.0분
  step= 4500 (2235/9059)  loss=0.4866  lr=3.52e-05  avg_step=1.10s  ETA(에폭 잔여)=124.9분
  step= 4520 (2255/9059)  loss=0.4878  lr=3.51e-05  avg_step=1.08s  ETA(에폭 잔여)=122.3분

[Epoch 2/5 완료]  소요: 42.9분  avg_loss: 0.4874

[Val] exact_match=0.4811 (229/476)  raw_pairwise_acc=0.7843  raw_adjacent(d=1)_acc=0.7479
  ★ Best saved (val_acc=0.4811)
  → Last saved to best_v18_last

============================================================
Epoch 3/5  시작: 06:14:10  (예상 step 수: 9059)
  Effective batch = 1×8×4
============================================================
  step= 4540 (10/9059)  loss=0.2381  lr=3.49e-05  avg_step=1.16s  ETA(에폭 잔여)=174.2분
  step= 4560 (30/9059)  loss=0.2866  lr=3.48e-05  avg_step=1.11s  ETA(에폭 잔여)=167.5분
  step= 4580 (50/9059)  loss=0.3684  lr=3.46e-05  avg_step=1.15s  ETA(에폭 잔여)=172.8분
  step= 4600 (70/9059)  loss=0.4122  lr=3.45e-05  avg_step=1.12s  ETA(에폭 잔여)=168.0분
  step= 4620 (90/9059)  loss=0.4141  lr=3.43e-05  avg_step=1.11s  ETA(에폭 잔여)=166.3분
  step= 4640 (110/9059)  loss=0.4554  lr=3.42e-05  avg_step=1.12s  ETA(에폭 잔여)=167.2분
  step= 4660 (130/9059)  loss=0.4698  lr=3.41e-05  avg_step=1.13s  ETA(에폭 잔여)=168.5분
  step= 4680 (150/9059)  loss=0.4719  lr=3.40e-05  avg_step=1.14s  ETA(에폭 잔여)=169.9분
  step= 4700 (170/9059)  loss=0.4481  lr=3.38e-05  avg_step=1.14s  ETA(에폭 잔여)=168.4분
  step= 4720 (190/9059)  loss=0.4464  lr=3.37e-05  avg_step=1.13s  ETA(에폭 잔여)=166.7분
  step= 4740 (210/9059)  loss=0.4423  lr=3.35e-05  avg_step=1.08s  ETA(에폭 잔여)=160.0분
  step= 4760 (230/9059)  loss=0.4360  lr=3.34e-05  avg_step=1.16s  ETA(에폭 잔여)=170.6분
  step= 4780 (250/9059)  loss=0.4321  lr=3.32e-05  avg_step=1.13s  ETA(에폭 잔여)=165.9분
  step= 4800 (270/9059)  loss=0.4230  lr=3.31e-05  avg_step=1.14s  ETA(에폭 잔여)=167.4분
  step= 4820 (290/9059)  loss=0.4290  lr=3.30e-05  avg_step=1.16s  ETA(에폭 잔여)=170.2분
  step= 4840 (310/9059)  loss=0.4214  lr=3.29e-05  avg_step=1.13s  ETA(에폭 잔여)=164.9분
  step= 4860 (330/9059)  loss=0.4236  lr=3.27e-05  avg_step=1.12s  ETA(에폭 잔여)=163.4분
  step= 4880 (350/9059)  loss=0.4258  lr=3.26e-05  avg_step=1.11s  ETA(에폭 잔여)=160.8분
  step= 4900 (370/9059)  loss=0.4245  lr=3.24e-05  avg_step=1.11s  ETA(에폭 잔여)=160.3분
  step= 4920 (390/9059)  loss=0.4212  lr=3.23e-05  avg_step=1.14s  ETA(에폭 잔여)=164.4분
  step= 4940 (410/9059)  loss=0.4216  lr=3.21e-05  avg_step=1.13s  ETA(에폭 잔여)=163.6분
  step= 4960 (430/9059)  loss=0.4226  lr=3.20e-05  avg_step=1.16s  ETA(에폭 잔여)=167.4분
  step= 4980 (450/9059)  loss=0.4264  lr=3.19e-05  avg_step=1.13s  ETA(에폭 잔여)=162.5분
  step= 5000 (470/9059)  loss=0.4254  lr=3.17e-05  avg_step=1.11s  ETA(에폭 잔여)=159.1분
  step= 5020 (490/9059)  loss=0.4177  lr=3.16e-05  avg_step=1.18s  ETA(에폭 잔여)=168.2분
  step= 5040 (510/9059)  loss=0.4166  lr=3.15e-05  avg_step=1.16s  ETA(에폭 잔여)=165.8분
  step= 5060 (530/9059)  loss=0.4169  lr=3.13e-05  avg_step=1.14s  ETA(에폭 잔여)=162.4분
  step= 5080 (550/9059)  loss=0.4235  lr=3.12e-05  avg_step=1.10s  ETA(에폭 잔여)=155.7분
  step= 5100 (570/9059)  loss=0.4275  lr=3.10e-05  avg_step=1.15s  ETA(에폭 잔여)=162.5분
  step= 5120 (590/9059)  loss=0.4244  lr=3.09e-05  avg_step=1.16s  ETA(에폭 잔여)=163.9분
  step= 5140 (610/9059)  loss=0.4256  lr=3.07e-05  avg_step=1.10s  ETA(에폭 잔여)=154.5분
  step= 5160 (630/9059)  loss=0.4276  lr=3.06e-05  avg_step=1.14s  ETA(에폭 잔여)=159.5분
  step= 5180 (650/9059)  loss=0.4270  lr=3.04e-05  avg_step=1.11s  ETA(에폭 잔여)=155.8분
  step= 5200 (670/9059)  loss=0.4274  lr=3.03e-05  avg_step=1.18s  ETA(에폭 잔여)=165.0분
  step= 5220 (690/9059)  loss=0.4279  lr=3.02e-05  avg_step=1.13s  ETA(에폭 잔여)=157.6분
  step= 5240 (710/9059)  loss=0.4270  lr=3.00e-05  avg_step=1.14s  ETA(에폭 잔여)=159.0분
  step= 5260 (730/9059)  loss=0.4259  lr=2.99e-05  avg_step=1.14s  ETA(에폭 잔여)=157.7분
  step= 5280 (750/9059)  loss=0.4325  lr=2.98e-05  avg_step=1.14s  ETA(에폭 잔여)=158.1분
  step= 5300 (770/9059)  loss=0.4341  lr=2.96e-05  avg_step=1.11s  ETA(에폭 잔여)=154.0분
  step= 5320 (790/9059)  loss=0.4313  lr=2.95e-05  avg_step=1.13s  ETA(에폭 잔여)=155.9분
  step= 5340 (810/9059)  loss=0.4328  lr=2.93e-05  avg_step=1.14s  ETA(에폭 잔여)=156.4분
  step= 5360 (830/9059)  loss=0.4285  lr=2.92e-05  avg_step=1.14s  ETA(에폭 잔여)=156.8분
  step= 5380 (850/9059)  loss=0.4280  lr=2.90e-05  avg_step=1.13s  ETA(에폭 잔여)=154.2분
  step= 5400 (870/9059)  loss=0.4273  lr=2.89e-05  avg_step=1.16s  ETA(에폭 잔여)=158.1분
  step= 5420 (890/9059)  loss=0.4247  lr=2.87e-05  avg_step=1.15s  ETA(에폭 잔여)=156.4분
  step= 5440 (910/9059)  loss=0.4238  lr=2.86e-05  avg_step=1.12s  ETA(에폭 잔여)=152.7분
  step= 5460 (930/9059)  loss=0.4295  lr=2.84e-05  avg_step=1.13s  ETA(에폭 잔여)=153.1분
  step= 5480 (950/9059)  loss=0.4281  lr=2.83e-05  avg_step=1.16s  ETA(에폭 잔여)=157.1분
  step= 5500 (970/9059)  loss=0.4254  lr=2.81e-05  avg_step=1.12s  ETA(에폭 잔여)=150.8분
  step= 5520 (990/9059)  loss=0.4264  lr=2.80e-05  avg_step=1.12s  ETA(에폭 잔여)=150.9분
  step= 5540 (1010/9059)  loss=0.4251  lr=2.78e-05  avg_step=1.18s  ETA(에폭 잔여)=157.8분
  step= 5560 (1030/9059)  loss=0.4258  lr=2.77e-05  avg_step=1.18s  ETA(에폭 잔여)=158.1분
  step= 5580 (1050/9059)  loss=0.4244  lr=2.76e-05  avg_step=1.13s  ETA(에폭 잔여)=150.4분
  step= 5600 (1070/9059)  loss=0.4262  lr=2.74e-05  avg_step=1.12s  ETA(에폭 잔여)=149.4분
  step= 5620 (1090/9059)  loss=0.4238  lr=2.73e-05  avg_step=1.12s  ETA(에폭 잔여)=149.1분
  step= 5640 (1110/9059)  loss=0.4212  lr=2.72e-05  avg_step=1.11s  ETA(에폭 잔여)=147.3분
  step= 5660 (1130/9059)  loss=0.4194  lr=2.70e-05  avg_step=1.12s  ETA(에폭 잔여)=147.4분
  step= 5680 (1150/9059)  loss=0.4183  lr=2.69e-05  avg_step=1.13s  ETA(에폭 잔여)=149.5분
  step= 5700 (1170/9059)  loss=0.4202  lr=2.67e-05  avg_step=1.10s  ETA(에폭 잔여)=145.3분
  step= 5720 (1190/9059)  loss=0.4238  lr=2.66e-05  avg_step=1.14s  ETA(에폭 잔여)=148.9분
  step= 5740 (1210/9059)  loss=0.4234  lr=2.64e-05  avg_step=1.13s  ETA(에폭 잔여)=148.3분
  step= 5760 (1230/9059)  loss=0.4249  lr=2.63e-05  avg_step=1.13s  ETA(에폭 잔여)=147.6분
  step= 5780 (1250/9059)  loss=0.4235  lr=2.61e-05  avg_step=1.14s  ETA(에폭 잔여)=148.4분
  step= 5800 (1270/9059)  loss=0.4267  lr=2.60e-05  avg_step=1.16s  ETA(에폭 잔여)=151.2분
  step= 5820 (1290/9059)  loss=0.4263  lr=2.58e-05  avg_step=1.12s  ETA(에폭 잔여)=145.2분
  step= 5840 (1310/9059)  loss=0.4271  lr=2.57e-05  avg_step=1.15s  ETA(에폭 잔여)=148.5분
  step= 5860 (1330/9059)  loss=0.4305  lr=2.55e-05  avg_step=1.11s  ETA(에폭 잔여)=142.6분
  step= 5880 (1350/9059)  loss=0.4303  lr=2.54e-05  avg_step=1.14s  ETA(에폭 잔여)=146.4분
  step= 5900 (1370/9059)  loss=0.4292  lr=2.52e-05  avg_step=1.13s  ETA(에폭 잔여)=144.8분
  step= 5920 (1390/9059)  loss=0.4292  lr=2.51e-05  avg_step=1.17s  ETA(에폭 잔여)=149.4분
  step= 5940 (1410/9059)  loss=0.4271  lr=2.49e-05  avg_step=1.13s  ETA(에폭 잔여)=143.7분
  step= 5960 (1430/9059)  loss=0.4271  lr=2.48e-05  avg_step=1.18s  ETA(에폭 잔여)=149.5분
  step= 5980 (1450/9059)  loss=0.4266  lr=2.46e-05  avg_step=1.15s  ETA(에폭 잔여)=146.2분
  step= 6000 (1470/9059)  loss=0.4262  lr=2.45e-05  avg_step=1.13s  ETA(에폭 잔여)=143.3분
  step= 6020 (1490/9059)  loss=0.4253  lr=2.44e-05  avg_step=1.14s  ETA(에폭 잔여)=143.4분
  step= 6040 (1510/9059)  loss=0.4259  lr=2.42e-05  avg_step=1.11s  ETA(에폭 잔여)=139.2분
  step= 6060 (1530/9059)  loss=0.4264  lr=2.41e-05  avg_step=1.11s  ETA(에폭 잔여)=138.7분
  step= 6080 (1550/9059)  loss=0.4265  lr=2.39e-05  avg_step=1.13s  ETA(에폭 잔여)=141.4분
  step= 6100 (1570/9059)  loss=0.4268  lr=2.38e-05  avg_step=1.15s  ETA(에폭 잔여)=143.6분
  step= 6120 (1590/9059)  loss=0.4271  lr=2.36e-05  avg_step=1.11s  ETA(에폭 잔여)=137.9분
  step= 6140 (1610/9059)  loss=0.4286  lr=2.35e-05  avg_step=1.17s  ETA(에폭 잔여)=145.0분
  step= 6160 (1630/9059)  loss=0.4280  lr=2.34e-05  avg_step=1.13s  ETA(에폭 잔여)=140.0분
  step= 6180 (1650/9059)  loss=0.4298  lr=2.32e-05  avg_step=1.07s  ETA(에폭 잔여)=132.0분
  step= 6200 (1670/9059)  loss=0.4284  lr=2.31e-05  avg_step=1.13s  ETA(에폭 잔여)=138.9분
  step= 6220 (1690/9059)  loss=0.4291  lr=2.29e-05  avg_step=1.10s  ETA(에폭 잔여)=135.6분
  step= 6240 (1710/9059)  loss=0.4291  lr=2.28e-05  avg_step=1.13s  ETA(에폭 잔여)=138.3분
  step= 6260 (1730/9059)  loss=0.4305  lr=2.26e-05  avg_step=1.15s  ETA(에폭 잔여)=140.1분
  step= 6280 (1750/9059)  loss=0.4302  lr=2.25e-05  avg_step=1.16s  ETA(에폭 잔여)=141.6분
  step= 6300 (1770/9059)  loss=0.4307  lr=2.23e-05  avg_step=1.12s  ETA(에폭 잔여)=136.4분
  step= 6320 (1790/9059)  loss=0.4309  lr=2.22e-05  avg_step=1.13s  ETA(에폭 잔여)=136.9분
  step= 6340 (1810/9059)  loss=0.4300  lr=2.20e-05  avg_step=1.13s  ETA(에폭 잔여)=136.1분
  step= 6360 (1830/9059)  loss=0.4287  lr=2.19e-05  avg_step=1.16s  ETA(에폭 잔여)=140.2분
  step= 6380 (1850/9059)  loss=0.4273  lr=2.17e-05  avg_step=1.17s  ETA(에폭 잔여)=140.7분
  step= 6400 (1870/9059)  loss=0.4249  lr=2.16e-05  avg_step=1.13s  ETA(에폭 잔여)=135.6분
  step= 6420 (1890/9059)  loss=0.4266  lr=2.14e-05  avg_step=1.12s  ETA(에폭 잔여)=134.3분
  step= 6440 (1910/9059)  loss=0.4273  lr=2.13e-05  avg_step=1.10s  ETA(에폭 잔여)=130.6분
  step= 6460 (1930/9059)  loss=0.4258  lr=2.12e-05  avg_step=1.15s  ETA(에폭 잔여)=136.6분
  step= 6480 (1950/9059)  loss=0.4250  lr=2.10e-05  avg_step=1.16s  ETA(에폭 잔여)=137.9분
  step= 6500 (1970/9059)  loss=0.4243  lr=2.09e-05  avg_step=1.15s  ETA(에폭 잔여)=136.0분
  step= 6520 (1990/9059)  loss=0.4235  lr=2.07e-05  avg_step=1.15s  ETA(에폭 잔여)=134.9분
  step= 6540 (2010/9059)  loss=0.4229  lr=2.06e-05  avg_step=1.11s  ETA(에폭 잔여)=130.9분
  step= 6560 (2030/9059)  loss=0.4208  lr=2.05e-05  avg_step=1.11s  ETA(에폭 잔여)=129.6분
  step= 6580 (2050/9059)  loss=0.4196  lr=2.03e-05  avg_step=1.15s  ETA(에폭 잔여)=134.4분
  step= 6600 (2070/9059)  loss=0.4184  lr=2.02e-05  avg_step=1.14s  ETA(에폭 잔여)=133.3분
  step= 6620 (2090/9059)  loss=0.4183  lr=2.00e-05  avg_step=1.14s  ETA(에폭 잔여)=133.0분
  step= 6640 (2110/9059)  loss=0.4177  lr=1.99e-05  avg_step=1.13s  ETA(에폭 잔여)=130.8분
  step= 6660 (2130/9059)  loss=0.4177  lr=1.97e-05  avg_step=1.12s  ETA(에폭 잔여)=129.5분
  step= 6680 (2150/9059)  loss=0.4156  lr=1.96e-05  avg_step=1.13s  ETA(에폭 잔여)=129.9분
  step= 6700 (2170/9059)  loss=0.4158  lr=1.94e-05  avg_step=1.18s  ETA(에폭 잔여)=135.2분
  step= 6720 (2190/9059)  loss=0.4144  lr=1.93e-05  avg_step=1.13s  ETA(에폭 잔여)=129.3분
  step= 6740 (2210/9059)  loss=0.4134  lr=1.91e-05  avg_step=1.11s  ETA(에폭 잔여)=127.2분
  step= 6760 (2230/9059)  loss=0.4139  lr=1.90e-05  avg_step=1.13s  ETA(에폭 잔여)=128.3분
  step= 6780 (2250/9059)  loss=0.4142  lr=1.89e-05  avg_step=1.13s  ETA(에폭 잔여)=128.6분

[Epoch 3/5 완료]  소요: 43.0분  avg_loss: 0.4161

[Val] exact_match=0.4769 (227/476)  raw_pairwise_acc=0.7910  raw_adjacent(d=1)_acc=0.7661
  → Last saved to best_v18_last

============================================================
Epoch 4/5  시작: 07:00:33  (예상 step 수: 9059)
  Effective batch = 1×8×4
============================================================
  step= 6800 (5/9059)  loss=0.6048  lr=1.87e-05  avg_step=1.13s  ETA(에폭 잔여)=170.3분
  step= 6820 (25/9059)  loss=0.3768  lr=1.85e-05  avg_step=1.13s  ETA(에폭 잔여)=170.2분
  step= 6840 (45/9059)  loss=0.3967  lr=1.84e-05  avg_step=1.14s  ETA(에폭 잔여)=170.6분
  step= 6860 (65/9059)  loss=0.4322  lr=1.82e-05  avg_step=1.14s  ETA(에폭 잔여)=170.7분
  step= 6880 (85/9059)  loss=0.4175  lr=1.81e-05  avg_step=1.13s  ETA(에폭 잔여)=168.8분
  step= 6900 (105/9059)  loss=0.4108  lr=1.80e-05  avg_step=1.12s  ETA(에폭 잔여)=166.6분
  step= 6920 (125/9059)  loss=0.4396  lr=1.78e-05  avg_step=1.19s  ETA(에폭 잔여)=177.9분
  step= 6940 (145/9059)  loss=0.4226  lr=1.77e-05  avg_step=1.12s  ETA(에폭 잔여)=165.7분
  step= 6960 (165/9059)  loss=0.4243  lr=1.76e-05  avg_step=1.14s  ETA(에폭 잔여)=169.6분
  step= 6980 (185/9059)  loss=0.4108  lr=1.74e-05  avg_step=1.13s  ETA(에폭 잔여)=166.6분
  step= 7000 (205/9059)  loss=0.4019  lr=1.73e-05  avg_step=1.15s  ETA(에폭 잔여)=169.5분
  step= 7020 (225/9059)  loss=0.4056  lr=1.71e-05  avg_step=1.09s  ETA(에폭 잔여)=159.9분
  step= 7040 (245/9059)  loss=0.4104  lr=1.70e-05  avg_step=1.16s  ETA(에폭 잔여)=170.9분
  step= 7060 (265/9059)  loss=0.4124  lr=1.68e-05  avg_step=1.13s  ETA(에폭 잔여)=165.8분
  step= 7080 (285/9059)  loss=0.4086  lr=1.67e-05  avg_step=1.09s  ETA(에폭 잔여)=158.8분
  step= 7100 (305/9059)  loss=0.3995  lr=1.66e-05  avg_step=1.14s  ETA(에폭 잔여)=165.7분
  step= 7120 (325/9059)  loss=0.3990  lr=1.65e-05  avg_step=1.18s  ETA(에폭 잔여)=171.5분
  step= 7140 (345/9059)  loss=0.4002  lr=1.63e-05  avg_step=1.12s  ETA(에폭 잔여)=163.2분
  step= 7160 (365/9059)  loss=0.3893  lr=1.62e-05  avg_step=1.11s  ETA(에폭 잔여)=161.5분
  step= 7180 (385/9059)  loss=0.3875  lr=1.60e-05  avg_step=1.18s  ETA(에폭 잔여)=170.2분
  step= 7200 (405/9059)  loss=0.3798  lr=1.59e-05  avg_step=1.14s  ETA(에폭 잔여)=164.8분
  step= 7220 (425/9059)  loss=0.3871  lr=1.58e-05  avg_step=1.10s  ETA(에폭 잔여)=158.4분
  step= 7240 (445/9059)  loss=0.3936  lr=1.56e-05  avg_step=1.08s  ETA(에폭 잔여)=155.6분
  step= 7260 (465/9059)  loss=0.3911  lr=1.55e-05  avg_step=1.13s  ETA(에폭 잔여)=161.6분
  step= 7280 (485/9059)  loss=0.3881  lr=1.54e-05  avg_step=1.12s  ETA(에폭 잔여)=159.4분
  step= 7300 (505/9059)  loss=0.3882  lr=1.52e-05  avg_step=1.16s  ETA(에폭 잔여)=166.0분
  step= 7320 (525/9059)  loss=0.3862  lr=1.51e-05  avg_step=1.19s  ETA(에폭 잔여)=168.6분
  step= 7340 (545/9059)  loss=0.3818  lr=1.49e-05  avg_step=1.14s  ETA(에폭 잔여)=161.1분
  step= 7360 (565/9059)  loss=0.3787  lr=1.48e-05  avg_step=1.15s  ETA(에폭 잔여)=162.6분
  step= 7380 (585/9059)  loss=0.3818  lr=1.47e-05  avg_step=1.09s  ETA(에폭 잔여)=153.4분
  step= 7400 (605/9059)  loss=0.3835  lr=1.46e-05  avg_step=1.14s  ETA(에폭 잔여)=160.1분
  step= 7420 (625/9059)  loss=0.3828  lr=1.44e-05  avg_step=1.16s  ETA(에폭 잔여)=163.4분
  step= 7440 (645/9059)  loss=0.3848  lr=1.43e-05  avg_step=1.14s  ETA(에폭 잔여)=159.5분
  step= 7460 (665/9059)  loss=0.3882  lr=1.41e-05  avg_step=1.08s  ETA(에폭 잔여)=151.1분
  step= 7480 (685/9059)  loss=0.3843  lr=1.40e-05  avg_step=1.15s  ETA(에폭 잔여)=160.0분
  step= 7500 (705/9059)  loss=0.3854  lr=1.39e-05  avg_step=1.14s  ETA(에폭 잔여)=158.3분
  step= 7520 (725/9059)  loss=0.3820  lr=1.38e-05  avg_step=1.16s  ETA(에폭 잔여)=160.8분
  step= 7540 (745/9059)  loss=0.3851  lr=1.36e-05  avg_step=1.14s  ETA(에폭 잔여)=158.6분
  step= 7560 (765/9059)  loss=0.3833  lr=1.35e-05  avg_step=1.11s  ETA(에폭 잔여)=152.8분
  step= 7580 (785/9059)  loss=0.3867  lr=1.34e-05  avg_step=1.13s  ETA(에폭 잔여)=155.7분
  step= 7600 (805/9059)  loss=0.3831  lr=1.33e-05  avg_step=1.14s  ETA(에폭 잔여)=156.5분
  step= 7620 (825/9059)  loss=0.3874  lr=1.31e-05  avg_step=1.13s  ETA(에폭 잔여)=154.8분
  step= 7640 (845/9059)  loss=0.3901  lr=1.30e-05  avg_step=1.16s  ETA(에폭 잔여)=159.1분
  step= 7660 (865/9059)  loss=0.3924  lr=1.29e-05  avg_step=1.13s  ETA(에폭 잔여)=154.4분
  step= 7680 (885/9059)  loss=0.3927  lr=1.27e-05  avg_step=1.12s  ETA(에폭 잔여)=152.7분
  step= 7700 (905/9059)  loss=0.3903  lr=1.26e-05  avg_step=1.09s  ETA(에폭 잔여)=147.7분
  step= 7720 (925/9059)  loss=0.3910  lr=1.25e-05  avg_step=1.14s  ETA(에폭 잔여)=154.4분
  step= 7740 (945/9059)  loss=0.3888  lr=1.23e-05  avg_step=1.13s  ETA(에폭 잔여)=153.1분
  step= 7760 (965/9059)  loss=0.3873  lr=1.22e-05  avg_step=1.14s  ETA(에폭 잔여)=154.4분
  step= 7780 (985/9059)  loss=0.3870  lr=1.21e-05  avg_step=1.11s  ETA(에폭 잔여)=148.8분
  step= 7800 (1005/9059)  loss=0.3862  lr=1.20e-05  avg_step=1.16s  ETA(에폭 잔여)=155.6분
  step= 7820 (1025/9059)  loss=0.3828  lr=1.18e-05  avg_step=1.17s  ETA(에폭 잔여)=156.5분
  step= 7840 (1045/9059)  loss=0.3822  lr=1.17e-05  avg_step=1.12s  ETA(에폭 잔여)=150.0분
  step= 7860 (1065/9059)  loss=0.3792  lr=1.16e-05  avg_step=1.17s  ETA(에폭 잔여)=155.7분
  step= 7880 (1085/9059)  loss=0.3773  lr=1.15e-05  avg_step=1.14s  ETA(에폭 잔여)=151.3분
  step= 7900 (1105/9059)  loss=0.3776  lr=1.14e-05  avg_step=1.15s  ETA(에폭 잔여)=152.9분
  step= 7920 (1125/9059)  loss=0.3799  lr=1.13e-05  avg_step=1.14s  ETA(에폭 잔여)=150.5분
  step= 7940 (1145/9059)  loss=0.3772  lr=1.11e-05  avg_step=1.14s  ETA(에폭 잔여)=149.9분
  step= 7960 (1165/9059)  loss=0.3795  lr=1.10e-05  avg_step=1.15s  ETA(에폭 잔여)=150.8분
  step= 7980 (1185/9059)  loss=0.3775  lr=1.09e-05  avg_step=1.14s  ETA(에폭 잔여)=149.7분
  step= 8000 (1205/9059)  loss=0.3769  lr=1.08e-05  avg_step=1.12s  ETA(에폭 잔여)=146.6분
  step= 8020 (1225/9059)  loss=0.3752  lr=1.06e-05  avg_step=1.16s  ETA(에폭 잔여)=151.0분
  step= 8040 (1245/9059)  loss=0.3738  lr=1.05e-05  avg_step=1.13s  ETA(에폭 잔여)=146.5분
  step= 8060 (1265/9059)  loss=0.3709  lr=1.04e-05  avg_step=1.14s  ETA(에폭 잔여)=147.5분
  step= 8080 (1285/9059)  loss=0.3697  lr=1.03e-05  avg_step=1.17s  ETA(에폭 잔여)=151.1분
  step= 8100 (1305/9059)  loss=0.3690  lr=1.02e-05  avg_step=1.10s  ETA(에폭 잔여)=142.6분
  step= 8120 (1325/9059)  loss=0.3715  lr=1.01e-05  avg_step=1.14s  ETA(에폭 잔여)=146.9분
  step= 8140 (1345/9059)  loss=0.3742  lr=9.92e-06  avg_step=1.17s  ETA(에폭 잔여)=150.6분
  step= 8160 (1365/9059)  loss=0.3755  lr=9.82e-06  avg_step=1.14s  ETA(에폭 잔여)=145.8분
  step= 8180 (1385/9059)  loss=0.3755  lr=9.69e-06  avg_step=1.15s  ETA(에폭 잔여)=146.5분
  step= 8200 (1405/9059)  loss=0.3748  lr=9.59e-06  avg_step=1.15s  ETA(에폭 잔여)=146.6분
  step= 8220 (1425/9059)  loss=0.3748  lr=9.46e-06  avg_step=1.15s  ETA(에폭 잔여)=146.2분
  step= 8240 (1445/9059)  loss=0.3746  lr=9.36e-06  avg_step=1.11s  ETA(에폭 잔여)=141.2분
  step= 8260 (1465/9059)  loss=0.3727  lr=9.23e-06  avg_step=1.16s  ETA(에폭 잔여)=146.4분
  step= 8280 (1485/9059)  loss=0.3738  lr=9.14e-06  avg_step=1.14s  ETA(에폭 잔여)=143.8분
  step= 8300 (1505/9059)  loss=0.3734  lr=9.00e-06  avg_step=1.17s  ETA(에폭 잔여)=147.9분
  step= 8320 (1525/9059)  loss=0.3734  lr=8.91e-06  avg_step=1.18s  ETA(에폭 잔여)=148.3분
  step= 8340 (1545/9059)  loss=0.3718  lr=8.78e-06  avg_step=1.14s  ETA(에폭 잔여)=142.3분
  step= 8360 (1565/9059)  loss=0.3727  lr=8.69e-06  avg_step=1.12s  ETA(에폭 잔여)=140.5분
  step= 8380 (1585/9059)  loss=0.3731  lr=8.56e-06  avg_step=1.14s  ETA(에폭 잔여)=142.2분
  step= 8400 (1605/9059)  loss=0.3729  lr=8.47e-06  avg_step=1.10s  ETA(에폭 잔여)=136.6분
  step= 8420 (1625/9059)  loss=0.3741  lr=8.34e-06  avg_step=1.14s  ETA(에폭 잔여)=141.9분
  step= 8440 (1645/9059)  loss=0.3725  lr=8.25e-06  avg_step=1.14s  ETA(에폭 잔여)=141.3분
  step= 8460 (1665/9059)  loss=0.3752  lr=8.12e-06  avg_step=1.15s  ETA(에폭 잔여)=141.5분
  step= 8480 (1685/9059)  loss=0.3746  lr=8.04e-06  avg_step=1.12s  ETA(에폭 잔여)=137.4분
  step= 8500 (1705/9059)  loss=0.3736  lr=7.91e-06  avg_step=1.14s  ETA(에폭 잔여)=139.7분
  step= 8520 (1725/9059)  loss=0.3742  lr=7.82e-06  avg_step=1.13s  ETA(에폭 잔여)=138.3분
  step= 8540 (1745/9059)  loss=0.3728  lr=7.70e-06  avg_step=1.18s  ETA(에폭 잔여)=143.9분
  step= 8560 (1765/9059)  loss=0.3714  lr=7.61e-06  avg_step=1.13s  ETA(에폭 잔여)=137.1분
  step= 8580 (1785/9059)  loss=0.3717  lr=7.49e-06  avg_step=1.13s  ETA(에폭 잔여)=137.4분
  step= 8600 (1805/9059)  loss=0.3713  lr=7.40e-06  avg_step=1.14s  ETA(에폭 잔여)=137.9분
  step= 8620 (1825/9059)  loss=0.3708  lr=7.28e-06  avg_step=1.18s  ETA(에폭 잔여)=141.8분
  step= 8640 (1845/9059)  loss=0.3727  lr=7.20e-06  avg_step=1.14s  ETA(에폭 잔여)=136.8분
  step= 8660 (1865/9059)  loss=0.3724  lr=7.07e-06  avg_step=1.14s  ETA(에폭 잔여)=136.4분
  step= 8680 (1885/9059)  loss=0.3736  lr=6.99e-06  avg_step=1.13s  ETA(에폭 잔여)=135.6분
  step= 8700 (1905/9059)  loss=0.3715  lr=6.87e-06  avg_step=1.15s  ETA(에폭 잔여)=137.3분
  step= 8720 (1925/9059)  loss=0.3711  lr=6.79e-06  avg_step=1.15s  ETA(에폭 잔여)=136.5분
  step= 8740 (1945/9059)  loss=0.3722  lr=6.67e-06  avg_step=1.14s  ETA(에폭 잔여)=135.6분
  step= 8760 (1965/9059)  loss=0.3708  lr=6.59e-06  avg_step=1.13s  ETA(에폭 잔여)=134.1분
  step= 8780 (1985/9059)  loss=0.3700  lr=6.47e-06  avg_step=1.18s  ETA(에폭 잔여)=138.5분
  step= 8800 (2005/9059)  loss=0.3691  lr=6.40e-06  avg_step=1.14s  ETA(에폭 잔여)=133.9분
  step= 8820 (2025/9059)  loss=0.3707  lr=6.28e-06  avg_step=1.12s  ETA(에폭 잔여)=131.5분
  step= 8840 (2045/9059)  loss=0.3704  lr=6.20e-06  avg_step=1.13s  ETA(에폭 잔여)=132.3분
  step= 8860 (2065/9059)  loss=0.3711  lr=6.09e-06  avg_step=1.17s  ETA(에폭 잔여)=136.3분
  step= 8880 (2085/9059)  loss=0.3712  lr=6.01e-06  avg_step=1.14s  ETA(에폭 잔여)=132.2분
  step= 8900 (2105/9059)  loss=0.3707  lr=5.90e-06  avg_step=1.12s  ETA(에폭 잔여)=130.0분
  step= 8920 (2125/9059)  loss=0.3698  lr=5.82e-06  avg_step=1.13s  ETA(에폭 잔여)=130.6분
  step= 8940 (2145/9059)  loss=0.3703  lr=5.71e-06  avg_step=1.14s  ETA(에폭 잔여)=131.1분
  step= 8960 (2165/9059)  loss=0.3694  lr=5.64e-06  avg_step=1.11s  ETA(에폭 잔여)=127.1분
  step= 8980 (2185/9059)  loss=0.3693  lr=5.53e-06  avg_step=1.12s  ETA(에폭 잔여)=128.7분
  step= 9000 (2205/9059)  loss=0.3711  lr=5.45e-06  avg_step=1.13s  ETA(에폭 잔여)=129.3분
  step= 9020 (2225/9059)  loss=0.3713  lr=5.34e-06  avg_step=1.15s  ETA(에폭 잔여)=131.4분
  step= 9040 (2245/9059)  loss=0.3721  lr=5.27e-06  avg_step=1.12s  ETA(에폭 잔여)=127.0분
  step= 9060 (2265/9059)  loss=0.3719  lr=5.13e-06  avg_step=1.11s  ETA(에폭 잔여)=125.9분

[Epoch 4/5 완료]  소요: 42.9분  avg_loss: 0.3719

[Val] exact_match=0.5042 (240/476)  raw_pairwise_acc=0.8081  raw_adjacent(d=1)_acc=0.7822
  ★ Best saved (val_acc=0.5042)
  → Last saved to best_v18_last

============================================================
Epoch 5/5  시작: 07:46:54  (예상 step 수: 9059)
  Effective batch = 1×8×4
============================================================
  step= 9080 (20/9059)  loss=0.3774  lr=5.06e-06  avg_step=1.18s  ETA(에폭 잔여)=177.5분
  step= 9100 (40/9059)  loss=0.3454  lr=4.95e-06  avg_step=1.17s  ETA(에폭 잔여)=176.5분
  step= 9120 (60/9059)  loss=0.3724  lr=4.88e-06  avg_step=1.10s  ETA(에폭 잔여)=165.6분
  step= 9140 (80/9059)  loss=0.3833  lr=4.78e-06  avg_step=1.10s  ETA(에폭 잔여)=165.1분
  step= 9160 (100/9059)  loss=0.4000  lr=4.71e-06  avg_step=1.17s  ETA(에폭 잔여)=174.1분
  step= 9180 (120/9059)  loss=0.3884  lr=4.61e-06  avg_step=1.18s  ETA(에폭 잔여)=175.7분
  step= 9200 (140/9059)  loss=0.3982  lr=4.54e-06  avg_step=1.18s  ETA(에폭 잔여)=175.5분
  step= 9220 (160/9059)  loss=0.3804  lr=4.44e-06  avg_step=1.15s  ETA(에폭 잔여)=170.1분
  step= 9240 (180/9059)  loss=0.3836  lr=4.38e-06  avg_step=1.15s  ETA(에폭 잔여)=170.8분
  step= 9260 (200/9059)  loss=0.3835  lr=4.28e-06  avg_step=1.12s  ETA(에폭 잔여)=165.7분
  step= 9280 (220/9059)  loss=0.3896  lr=4.21e-06  avg_step=1.11s  ETA(에폭 잔여)=163.6분
  step= 9300 (240/9059)  loss=0.3923  lr=4.11e-06  avg_step=1.14s  ETA(에폭 잔여)=167.0분
  step= 9320 (260/9059)  loss=0.3872  lr=4.05e-06  avg_step=1.17s  ETA(에폭 잔여)=171.2분
  step= 9340 (280/9059)  loss=0.3880  lr=3.96e-06  avg_step=1.16s  ETA(에폭 잔여)=169.2분
  step= 9360 (300/9059)  loss=0.3934  lr=3.89e-06  avg_step=1.12s  ETA(에폭 잔여)=164.0분
  step= 9380 (320/9059)  loss=0.3830  lr=3.80e-06  avg_step=1.12s  ETA(에폭 잔여)=163.4분
  step= 9400 (340/9059)  loss=0.3819  lr=3.74e-06  avg_step=1.12s  ETA(에폭 잔여)=162.2분
  step= 9420 (360/9059)  loss=0.3809  lr=3.65e-06  avg_step=1.16s  ETA(에폭 잔여)=167.6분
  step= 9440 (380/9059)  loss=0.3791  lr=3.59e-06  avg_step=1.11s  ETA(에폭 잔여)=161.1분
  step= 9460 (400/9059)  loss=0.3766  lr=3.50e-06  avg_step=1.19s  ETA(에폭 잔여)=171.2분
  step= 9480 (420/9059)  loss=0.3745  lr=3.44e-06  avg_step=1.12s  ETA(에폭 잔여)=161.7분
  step= 9500 (440/9059)  loss=0.3766  lr=3.35e-06  avg_step=1.14s  ETA(에폭 잔여)=163.1분
  step= 9520 (460/9059)  loss=0.3758  lr=3.29e-06  avg_step=1.10s  ETA(에폭 잔여)=158.0분
  step= 9540 (480/9059)  loss=0.3678  lr=3.20e-06  avg_step=1.15s  ETA(에폭 잔여)=164.5분
  step= 9560 (500/9059)  loss=0.3712  lr=3.15e-06  avg_step=1.14s  ETA(에폭 잔여)=162.1분
  step= 9580 (520/9059)  loss=0.3696  lr=3.06e-06  avg_step=1.14s  ETA(에폭 잔여)=162.2분
  step= 9600 (540/9059)  loss=0.3634  lr=3.01e-06  avg_step=1.10s  ETA(에폭 잔여)=156.4분
  step= 9620 (560/9059)  loss=0.3600  lr=2.92e-06  avg_step=1.14s  ETA(에폭 잔여)=160.9분
  step= 9640 (580/9059)  loss=0.3571  lr=2.87e-06  avg_step=1.14s  ETA(에폭 잔여)=161.1분
  step= 9660 (600/9059)  loss=0.3594  lr=2.79e-06  avg_step=1.13s  ETA(에폭 잔여)=158.6분
  step= 9680 (620/9059)  loss=0.3572  lr=2.73e-06  avg_step=1.14s  ETA(에폭 잔여)=160.8분
  step= 9700 (640/9059)  loss=0.3560  lr=2.66e-06  avg_step=1.17s  ETA(에폭 잔여)=164.5분
  step= 9720 (660/9059)  loss=0.3503  lr=2.60e-06  avg_step=1.13s  ETA(에폭 잔여)=157.8분
  step= 9740 (680/9059)  loss=0.3494  lr=2.53e-06  avg_step=1.10s  ETA(에폭 잔여)=153.2분
  step= 9760 (700/9059)  loss=0.3460  lr=2.47e-06  avg_step=1.15s  ETA(에폭 잔여)=160.2분
  step= 9780 (720/9059)  loss=0.3445  lr=2.40e-06  avg_step=1.13s  ETA(에폭 잔여)=156.9분
  step= 9800 (740/9059)  loss=0.3419  lr=2.35e-06  avg_step=1.13s  ETA(에폭 잔여)=156.2분
  step= 9820 (760/9059)  loss=0.3413  lr=2.28e-06  avg_step=1.17s  ETA(에폭 잔여)=161.3분
  step= 9840 (780/9059)  loss=0.3377  lr=2.23e-06  avg_step=1.10s  ETA(에폭 잔여)=152.2분
  step= 9860 (800/9059)  loss=0.3363  lr=2.16e-06  avg_step=1.14s  ETA(에폭 잔여)=156.9분
  step= 9880 (820/9059)  loss=0.3377  lr=2.11e-06  avg_step=1.14s  ETA(에폭 잔여)=156.6분
  step= 9900 (840/9059)  loss=0.3371  lr=2.04e-06  avg_step=1.12s  ETA(에폭 잔여)=152.9분
  step= 9920 (860/9059)  loss=0.3356  lr=1.99e-06  avg_step=1.14s  ETA(에폭 잔여)=155.6분
  step= 9940 (880/9059)  loss=0.3374  lr=1.92e-06  avg_step=1.12s  ETA(에폭 잔여)=153.1분
  step= 9960 (900/9059)  loss=0.3372  lr=1.88e-06  avg_step=1.17s  ETA(에폭 잔여)=159.2분
  step= 9980 (920/9059)  loss=0.3413  lr=1.81e-06  avg_step=1.13s  ETA(에폭 잔여)=153.0분
  step=10000 (940/9059)  loss=0.3424  lr=1.77e-06  avg_step=1.10s  ETA(에폭 잔여)=148.5분
  step=10020 (960/9059)  loss=0.3469  lr=1.71e-06  avg_step=1.10s  ETA(에폭 잔여)=148.9분
  step=10040 (980/9059)  loss=0.3430  lr=1.66e-06  avg_step=1.13s  ETA(에폭 잔여)=152.2분
  step=10060 (1000/9059)  loss=0.3463  lr=1.60e-06  avg_step=1.14s  ETA(에폭 잔여)=152.6분
  step=10080 (1020/9059)  loss=0.3452  lr=1.56e-06  avg_step=1.15s  ETA(에폭 잔여)=154.5분
  step=10100 (1040/9059)  loss=0.3475  lr=1.50e-06  avg_step=1.16s  ETA(에폭 잔여)=154.8분
  step=10120 (1060/9059)  loss=0.3476  lr=1.46e-06  avg_step=1.14s  ETA(에폭 잔여)=152.3분
  step=10140 (1080/9059)  loss=0.3486  lr=1.40e-06  avg_step=1.16s  ETA(에폭 잔여)=154.6분
  step=10160 (1100/9059)  loss=0.3453  lr=1.36e-06  avg_step=1.12s  ETA(에폭 잔여)=148.5분
  step=10180 (1120/9059)  loss=0.3436  lr=1.31e-06  avg_step=1.14s  ETA(에폭 잔여)=150.9분
  step=10200 (1140/9059)  loss=0.3439  lr=1.27e-06  avg_step=1.13s  ETA(에폭 잔여)=148.9분
  step=10220 (1160/9059)  loss=0.3418  lr=1.22e-06  avg_step=1.16s  ETA(에폭 잔여)=153.0분
  step=10240 (1180/9059)  loss=0.3419  lr=1.18e-06  avg_step=1.10s  ETA(에폭 잔여)=144.2분
  step=10260 (1200/9059)  loss=0.3404  lr=1.13e-06  avg_step=1.15s  ETA(에폭 잔여)=150.3분
  step=10280 (1220/9059)  loss=0.3451  lr=1.09e-06  avg_step=1.12s  ETA(에폭 잔여)=146.9분
  step=10300 (1240/9059)  loss=0.3469  lr=1.04e-06  avg_step=1.16s  ETA(에폭 잔여)=151.2분
  step=10320 (1260/9059)  loss=0.3465  lr=1.01e-06  avg_step=1.12s  ETA(에폭 잔여)=145.0분
  step=10340 (1280/9059)  loss=0.3461  lr=9.61e-07  avg_step=1.11s  ETA(에폭 잔여)=143.5분
  step=10360 (1300/9059)  loss=0.3446  lr=9.29e-07  avg_step=1.14s  ETA(에폭 잔여)=148.0분
  step=10380 (1320/9059)  loss=0.3444  lr=8.82e-07  avg_step=1.14s  ETA(에폭 잔여)=147.1분
  step=10400 (1340/9059)  loss=0.3461  lr=8.52e-07  avg_step=1.12s  ETA(에폭 잔여)=144.6분
  step=10420 (1360/9059)  loss=0.3439  lr=8.07e-07  avg_step=1.10s  ETA(에폭 잔여)=140.8분
  step=10440 (1380/9059)  loss=0.3432  lr=7.78e-07  avg_step=1.09s  ETA(에폭 잔여)=139.7분
  step=10460 (1400/9059)  loss=0.3429  lr=7.35e-07  avg_step=1.14s  ETA(에폭 잔여)=145.9분
  step=10480 (1420/9059)  loss=0.3417  lr=7.07e-07  avg_step=1.12s  ETA(에폭 잔여)=142.0분
  step=10500 (1440/9059)  loss=0.3404  lr=6.66e-07  avg_step=1.18s  ETA(에폭 잔여)=149.7분
  step=10520 (1460/9059)  loss=0.3390  lr=6.40e-07  avg_step=1.12s  ETA(에폭 잔여)=142.1분
  step=10540 (1480/9059)  loss=0.3387  lr=6.01e-07  avg_step=1.11s  ETA(에폭 잔여)=139.9분
  step=10560 (1500/9059)  loss=0.3367  lr=5.76e-07  avg_step=1.11s  ETA(에폭 잔여)=140.4분
  step=10580 (1520/9059)  loss=0.3355  lr=5.39e-07  avg_step=1.11s  ETA(에폭 잔여)=139.3분
  step=10600 (1540/9059)  loss=0.3364  lr=5.15e-07  avg_step=1.14s  ETA(에폭 잔여)=143.3분
  step=10620 (1560/9059)  loss=0.3374  lr=4.80e-07  avg_step=1.14s  ETA(에폭 잔여)=142.7분
  step=10640 (1580/9059)  loss=0.3372  lr=4.58e-07  avg_step=1.16s  ETA(에폭 잔여)=144.8분
  step=10660 (1600/9059)  loss=0.3350  lr=4.25e-07  avg_step=1.13s  ETA(에폭 잔여)=140.6분
  step=10680 (1620/9059)  loss=0.3346  lr=4.04e-07  avg_step=1.14s  ETA(에폭 잔여)=141.0분
  step=10700 (1640/9059)  loss=0.3355  lr=3.73e-07  avg_step=1.14s  ETA(에폭 잔여)=140.5분
  step=10720 (1660/9059)  loss=0.3351  lr=3.53e-07  avg_step=1.15s  ETA(에폭 잔여)=141.6분
  step=10740 (1680/9059)  loss=0.3328  lr=3.24e-07  avg_step=1.15s  ETA(에폭 잔여)=141.7분
  step=10760 (1700/9059)  loss=0.3354  lr=3.06e-07  avg_step=1.15s  ETA(에폭 잔여)=141.6분
  step=10780 (1720/9059)  loss=0.3372  lr=2.79e-07  avg_step=1.16s  ETA(에폭 잔여)=141.4분
  step=10800 (1740/9059)  loss=0.3380  lr=2.62e-07  avg_step=1.12s  ETA(에폭 잔여)=136.4분
  step=10820 (1760/9059)  loss=0.3367  lr=2.37e-07  avg_step=1.16s  ETA(에폭 잔여)=141.3분
  step=10840 (1780/9059)  loss=0.3363  lr=2.21e-07  avg_step=1.09s  ETA(에폭 잔여)=132.6분
  step=10860 (1800/9059)  loss=0.3354  lr=1.99e-07  avg_step=1.14s  ETA(에폭 잔여)=138.1분
  step=10880 (1820/9059)  loss=0.3336  lr=1.84e-07  avg_step=1.14s  ETA(에폭 잔여)=137.3분
  step=10900 (1840/9059)  loss=0.3336  lr=1.64e-07  avg_step=1.17s  ETA(에폭 잔여)=140.6분
  step=10920 (1860/9059)  loss=0.3344  lr=1.51e-07  avg_step=1.12s  ETA(에폭 잔여)=134.7분
  step=10940 (1880/9059)  loss=0.3338  lr=1.32e-07  avg_step=1.14s  ETA(에폭 잔여)=136.0분
  step=10960 (1900/9059)  loss=0.3323  lr=1.20e-07  avg_step=1.13s  ETA(에폭 잔여)=134.5분
  step=10980 (1920/9059)  loss=0.3341  lr=1.04e-07  avg_step=1.18s  ETA(에폭 잔여)=140.8분
  step=11000 (1940/9059)  loss=0.3340  lr=9.34e-08  avg_step=1.15s  ETA(에폭 잔여)=136.7분
  step=11020 (1960/9059)  loss=0.3351  lr=7.89e-08  avg_step=1.12s  ETA(에폭 잔여)=132.9분
  step=11040 (1980/9059)  loss=0.3365  lr=6.99e-08  avg_step=1.11s  ETA(에폭 잔여)=131.2분
  step=11060 (2000/9059)  loss=0.3368  lr=5.74e-08  avg_step=1.15s  ETA(에폭 잔여)=134.8분
  step=11080 (2020/9059)  loss=0.3361  lr=4.98e-08  avg_step=1.13s  ETA(에폭 잔여)=132.5분
  step=11100 (2040/9059)  loss=0.3353  lr=3.93e-08  avg_step=1.15s  ETA(에폭 잔여)=134.3분
  step=11120 (2060/9059)  loss=0.3339  lr=3.30e-08  avg_step=1.14s  ETA(에폭 잔여)=132.8분
  step=11140 (2080/9059)  loss=0.3352  lr=2.46e-08  avg_step=1.14s  ETA(에폭 잔여)=132.5분
  step=11160 (2100/9059)  loss=0.3358  lr=1.97e-08  avg_step=1.09s  ETA(에폭 잔여)=126.4분
  step=11180 (2120/9059)  loss=0.3354  lr=1.34e-08  avg_step=1.13s  ETA(에폭 잔여)=131.2분
  step=11200 (2140/9059)  loss=0.3353  lr=9.83e-09  avg_step=1.14s  ETA(에폭 잔여)=131.6분
  step=11220 (2160/9059)  loss=0.3350  lr=5.53e-09  avg_step=1.13s  ETA(에폭 잔여)=129.6분
  step=11240 (2180/9059)  loss=0.3349  lr=3.35e-09  avg_step=1.09s  ETA(에폭 잔여)=124.7분
  step=11260 (2200/9059)  loss=0.3358  lr=1.09e-09  avg_step=1.16s  ETA(에폭 잔여)=132.5분
  step=11280 (2220/9059)  loss=0.3356  lr=2.73e-10  avg_step=1.12s  ETA(에폭 잔여)=127.7분
  step=11300 (2240/9059)  loss=0.3355  lr=6.83e-11  avg_step=1.09s  ETA(에폭 잔여)=123.5분
  step=11320 (2260/9059)  loss=0.3364  lr=6.14e-10  avg_step=1.16s  ETA(에폭 잔여)=130.9분

[Epoch 5/5 완료]  소요: 42.9분  avg_loss: 0.3363

[Val] exact_match=0.5042 (240/476)  raw_pairwise_acc=0.8060  raw_adjacent(d=1)_acc=0.7808
  → Last saved to best_v18_last

학습 완료. Best val_acc: 0.5042

====================================================
STAGE 2: Inference (best_v18 / best_v18_last, DDP 4-GPU)
====================================================
World size: 4
Total: 819 samples → 205 per GPU

==================================================
Checkpoint: /data/gyuyeonlim/snu_ai_challenge/v18_rank_assignment/checkpoints/best_v18

저장: /data/gyuyeonlim/snu_ai_challenge/v18_rank_assignment/submission_v18_best.csv  (819 rows)

==================================================
Checkpoint: /data/gyuyeonlim/snu_ai_challenge/v18_rank_assignment/checkpoints/best_v18_last

저장: /data/gyuyeonlim/snu_ai_challenge/v18_rank_assignment/submission_v18_last.csv  (819 rows)
Done: Sun Jul 19 08:38:15 KST 2026
