Job: 226838  Node: node24  Started: Mon Jul  6 14:02:38 KST 2026
LORA_R=128  LORA_ALPHA=256  (alpha/r=2.00, v6.5는 2.00)
샘플 20개 중 No_ordering 분포:
 No_ordering
False    18
True      2
Name: count, dtype: int64
그룹 크기(1 pos+7 neg): [8]
Loading processor...
Loading model (Qwen3VLForConditionalGeneration, bf16, attn=flash_attention_2)...
  -> flash_attention_2 OK
[vision LoRA] 블록 [24, 25, 26] 대상, 타겟 모듈 12개, r=64 alpha=128
trainable params: 352,598,016 || all params: 9,119,721,712 || trainable%: 3.8663
logits shape: torch.Size([8])
loss: 0.30238035321235657 finite: True
weights: [0.1666666716337204, 0.1666666716337204, 0.1666666716337204, 0.1666666716337204, 0.1666666716337204, 0.1666666716337204]
backward 성공
Peak VRAM: 78.84 GB  (v6.5 r=64 기준 74.90GB였음, r=128은 LoRA 파라미터 2배라 증가 예상)

=== val_exact_match 스모크 (n=3) ===

[Val] exact_match=0.3333 (1/3)  adj_swap_fail=0  other_fail=2
val smoke acc: 0.3333333333333333

스모크 테스트 전체 통과
Done: Mon Jul  6 14:03:02 KST 2026
