Loading weights:   0%|          | 0/750 [00:00<?, ?it/s]Loading weights: 100%|██████████| 750/750 [00:00<00:00, 7605.69it/s]
Traceback (most recent call last):
  File "/data/gyuyeonlim/snu_ai_challenge/v6_qwen3_final/smoke_test_v6.py", line 40, in <module>
    logits = forward_batch(model, processor, texts, imgs_list, yes_id, no_id, device)
  File "/data/gyuyeonlim/snu_ai_challenge/v6_qwen3_final/src/train.py", line 109, in forward_batch
    return _forward_chunk(model_unwrapped, processor, texts, imgs_list, yes_id, no_id, device, TRAIN_MINIBATCH)
  File "/data/gyuyeonlim/snu_ai_challenge/v6_qwen3_final/src/train.py", line 98, in _forward_chunk
    parts.append(forward_logit(model_unwrapped, processor, inp, yes_id, no_id))
  File "/data/gyuyeonlim/snu_ai_challenge/v6_qwen3_final/src/model.py", line 91, in forward_logit
    outputs = model(**inputs)
  File "/home/gyuyeonlim/.conda/envs/aichallenge/lib/python3.10/site-packages/torch/nn/modules/module.py", line 1778, in _wrapped_call_impl
    return self._call_impl(*args, **kwargs)
  File "/home/gyuyeonlim/.conda/envs/aichallenge/lib/python3.10/site-packages/torch/nn/modules/module.py", line 1789, in _call_impl
    return forward_call(*args, **kwargs)
  File "/home/gyuyeonlim/.conda/envs/aichallenge/lib/python3.10/site-packages/peft/peft_model.py", line 1993, in forward
    return self.base_model(
  File "/home/gyuyeonlim/.conda/envs/aichallenge/lib/python3.10/site-packages/torch/nn/modules/module.py", line 1778, in _wrapped_call_impl
    return self._call_impl(*args, **kwargs)
  File "/home/gyuyeonlim/.conda/envs/aichallenge/lib/python3.10/site-packages/torch/nn/modules/module.py", line 1789, in _call_impl
    return forward_call(*args, **kwargs)
  File "/home/gyuyeonlim/.conda/envs/aichallenge/lib/python3.10/site-packages/peft/tuners/tuners_utils.py", line 330, in forward
    return self.model.forward(*args, **kwargs)
  File "/home/gyuyeonlim/.conda/envs/aichallenge/lib/python3.10/site-packages/transformers/utils/generic.py", line 907, in wrapper
    output = func(self, *args, **kwargs)
  File "/home/gyuyeonlim/.conda/envs/aichallenge/lib/python3.10/site-packages/transformers/models/qwen3_vl/modeling_qwen3_vl.py", line 1385, in forward
    outputs = self.model(
  File "/home/gyuyeonlim/.conda/envs/aichallenge/lib/python3.10/site-packages/torch/nn/modules/module.py", line 1778, in _wrapped_call_impl
    return self._call_impl(*args, **kwargs)
  File "/home/gyuyeonlim/.conda/envs/aichallenge/lib/python3.10/site-packages/torch/nn/modules/module.py", line 1789, in _call_impl
    return forward_call(*args, **kwargs)
  File "/home/gyuyeonlim/.conda/envs/aichallenge/lib/python3.10/site-packages/transformers/utils/generic.py", line 907, in wrapper
    output = func(self, *args, **kwargs)
  File "/home/gyuyeonlim/.conda/envs/aichallenge/lib/python3.10/site-packages/transformers/models/qwen3_vl/modeling_qwen3_vl.py", line 1250, in forward
    outputs = self.language_model(
  File "/home/gyuyeonlim/.conda/envs/aichallenge/lib/python3.10/site-packages/torch/nn/modules/module.py", line 1778, in _wrapped_call_impl
    return self._call_impl(*args, **kwargs)
  File "/home/gyuyeonlim/.conda/envs/aichallenge/lib/python3.10/site-packages/torch/nn/modules/module.py", line 1789, in _call_impl
    return forward_call(*args, **kwargs)
  File "/home/gyuyeonlim/.conda/envs/aichallenge/lib/python3.10/site-packages/transformers/utils/generic.py", line 1036, in wrapper
    output = func(self, *args, **kwargs)
  File "/home/gyuyeonlim/.conda/envs/aichallenge/lib/python3.10/site-packages/transformers/utils/output_capturing.py", line 252, in wrapper
    outputs = func(self, *args, **kwargs)
  File "/home/gyuyeonlim/.conda/envs/aichallenge/lib/python3.10/site-packages/transformers/models/qwen3_vl/modeling_qwen3_vl.py", line 824, in forward
    layer_outputs = decoder_layer(
  File "/home/gyuyeonlim/.conda/envs/aichallenge/lib/python3.10/site-packages/transformers/modeling_layers.py", line 93, in __call__
    return super().__call__(*args, **kwargs)
  File "/home/gyuyeonlim/.conda/envs/aichallenge/lib/python3.10/site-packages/torch/nn/modules/module.py", line 1778, in _wrapped_call_impl
    return self._call_impl(*args, **kwargs)
  File "/home/gyuyeonlim/.conda/envs/aichallenge/lib/python3.10/site-packages/torch/nn/modules/module.py", line 1789, in _call_impl
    return forward_call(*args, **kwargs)
  File "/home/gyuyeonlim/.conda/envs/aichallenge/lib/python3.10/site-packages/transformers/models/qwen3_vl/modeling_qwen3_vl.py", line 567, in forward
    hidden_states = self.mlp(hidden_states)
  File "/home/gyuyeonlim/.conda/envs/aichallenge/lib/python3.10/site-packages/torch/nn/modules/module.py", line 1778, in _wrapped_call_impl
    return self._call_impl(*args, **kwargs)
  File "/home/gyuyeonlim/.conda/envs/aichallenge/lib/python3.10/site-packages/torch/nn/modules/module.py", line 1789, in _call_impl
    return forward_call(*args, **kwargs)
  File "/home/gyuyeonlim/.conda/envs/aichallenge/lib/python3.10/site-packages/transformers/models/qwen3_vl/modeling_qwen3_vl.py", line 525, in forward
    down_proj = self.down_proj(self.act_fn(self.gate_proj(x)) * self.up_proj(x))
  File "/home/gyuyeonlim/.conda/envs/aichallenge/lib/python3.10/site-packages/torch/nn/modules/module.py", line 1778, in _wrapped_call_impl
    return self._call_impl(*args, **kwargs)
  File "/home/gyuyeonlim/.conda/envs/aichallenge/lib/python3.10/site-packages/torch/nn/modules/module.py", line 1789, in _call_impl
    return forward_call(*args, **kwargs)
  File "/home/gyuyeonlim/.conda/envs/aichallenge/lib/python3.10/site-packages/peft/tuners/lora/layer.py", line 969, in forward
    result = result + lora_B(lora_A(dropout(x))) * scaling
torch.OutOfMemoryError: CUDA out of memory. Tried to allocate 30.00 MiB. GPU 0 has a total capacity of 79.18 GiB of which 14.38 MiB is free. Including non-PyTorch memory, this process has 79.16 GiB memory in use. Of the allocated memory 78.44 GiB is allocated by PyTorch, and 48.06 MiB is reserved by PyTorch but unallocated. If reserved but unallocated memory is large try setting PYTORCH_CUDA_ALLOC_CONF=expandable_segments:True to avoid fragmentation.  See documentation for Memory Management  (https://docs.pytorch.org/docs/stable/notes/cuda.html#optimizing-memory-usage-with-pytorch-cuda-alloc-conf)
