Loading weights:   0%|          | 0/750 [00:00<?, ?it/s]Loading weights: 100%|██████████| 750/750 [00:00<00:00, 41373.74it/s]
Loading weights:   0%|          | 0/750 [00:00<?, ?it/s]Loading weights: 100%|██████████| 750/750 [00:00<00:00, 42227.94it/s]
Traceback (most recent call last):
  File "/data/gyuyeonlim/snu_ai_challenge/v6_qwen3_final/check_vram_v6.py", line 81, in <module>
    out = model(**inp)
  File "/home/gyuyeonlim/.conda/envs/aichallenge/lib/python3.10/site-packages/torch/nn/modules/module.py", line 1778, in _wrapped_call_impl
    return self._call_impl(*args, **kwargs)
  File "/home/gyuyeonlim/.conda/envs/aichallenge/lib/python3.10/site-packages/torch/nn/modules/module.py", line 1789, in _call_impl
    return forward_call(*args, **kwargs)
  File "/home/gyuyeonlim/.conda/envs/aichallenge/lib/python3.10/site-packages/peft/peft_model.py", line 1993, in forward
    return self.base_model(
  File "/home/gyuyeonlim/.conda/envs/aichallenge/lib/python3.10/site-packages/torch/nn/modules/module.py", line 1778, in _wrapped_call_impl
    return self._call_impl(*args, **kwargs)
  File "/home/gyuyeonlim/.conda/envs/aichallenge/lib/python3.10/site-packages/torch/nn/modules/module.py", line 1789, in _call_impl
    return forward_call(*args, **kwargs)
  File "/home/gyuyeonlim/.conda/envs/aichallenge/lib/python3.10/site-packages/peft/tuners/tuners_utils.py", line 330, in forward
    return self.model.forward(*args, **kwargs)
  File "/home/gyuyeonlim/.conda/envs/aichallenge/lib/python3.10/site-packages/transformers/utils/generic.py", line 907, in wrapper
    output = func(self, *args, **kwargs)
  File "/home/gyuyeonlim/.conda/envs/aichallenge/lib/python3.10/site-packages/transformers/models/qwen3_vl/modeling_qwen3_vl.py", line 1385, in forward
    outputs = self.model(
  File "/home/gyuyeonlim/.conda/envs/aichallenge/lib/python3.10/site-packages/torch/nn/modules/module.py", line 1778, in _wrapped_call_impl
    return self._call_impl(*args, **kwargs)
  File "/home/gyuyeonlim/.conda/envs/aichallenge/lib/python3.10/site-packages/torch/nn/modules/module.py", line 1789, in _call_impl
    return forward_call(*args, **kwargs)
  File "/home/gyuyeonlim/.conda/envs/aichallenge/lib/python3.10/site-packages/transformers/utils/generic.py", line 907, in wrapper
    output = func(self, *args, **kwargs)
  File "/home/gyuyeonlim/.conda/envs/aichallenge/lib/python3.10/site-packages/transformers/models/qwen3_vl/modeling_qwen3_vl.py", line 1250, in forward
    outputs = self.language_model(
  File "/home/gyuyeonlim/.conda/envs/aichallenge/lib/python3.10/site-packages/torch/nn/modules/module.py", line 1778, in _wrapped_call_impl
    return self._call_impl(*args, **kwargs)
  File "/home/gyuyeonlim/.conda/envs/aichallenge/lib/python3.10/site-packages/torch/nn/modules/module.py", line 1789, in _call_impl
    return forward_call(*args, **kwargs)
  File "/home/gyuyeonlim/.conda/envs/aichallenge/lib/python3.10/site-packages/transformers/utils/generic.py", line 1036, in wrapper
    output = func(self, *args, **kwargs)
  File "/home/gyuyeonlim/.conda/envs/aichallenge/lib/python3.10/site-packages/transformers/utils/output_capturing.py", line 252, in wrapper
    outputs = func(self, *args, **kwargs)
  File "/home/gyuyeonlim/.conda/envs/aichallenge/lib/python3.10/site-packages/transformers/models/qwen3_vl/modeling_qwen3_vl.py", line 824, in forward
    layer_outputs = decoder_layer(
  File "/home/gyuyeonlim/.conda/envs/aichallenge/lib/python3.10/site-packages/transformers/modeling_layers.py", line 93, in __call__
    return super().__call__(*args, **kwargs)
  File "/home/gyuyeonlim/.conda/envs/aichallenge/lib/python3.10/site-packages/torch/nn/modules/module.py", line 1778, in _wrapped_call_impl
    return self._call_impl(*args, **kwargs)
  File "/home/gyuyeonlim/.conda/envs/aichallenge/lib/python3.10/site-packages/torch/nn/modules/module.py", line 1789, in _call_impl
    return forward_call(*args, **kwargs)
  File "/home/gyuyeonlim/.conda/envs/aichallenge/lib/python3.10/site-packages/transformers/models/qwen3_vl/modeling_qwen3_vl.py", line 567, in forward
    hidden_states = self.mlp(hidden_states)
  File "/home/gyuyeonlim/.conda/envs/aichallenge/lib/python3.10/site-packages/torch/nn/modules/module.py", line 1778, in _wrapped_call_impl
    return self._call_impl(*args, **kwargs)
  File "/home/gyuyeonlim/.conda/envs/aichallenge/lib/python3.10/site-packages/torch/nn/modules/module.py", line 1789, in _call_impl
    return forward_call(*args, **kwargs)
  File "/home/gyuyeonlim/.conda/envs/aichallenge/lib/python3.10/site-packages/transformers/models/qwen3_vl/modeling_qwen3_vl.py", line 525, in forward
    down_proj = self.down_proj(self.act_fn(self.gate_proj(x)) * self.up_proj(x))
  File "/home/gyuyeonlim/.conda/envs/aichallenge/lib/python3.10/site-packages/torch/nn/modules/module.py", line 1778, in _wrapped_call_impl
    return self._call_impl(*args, **kwargs)
  File "/home/gyuyeonlim/.conda/envs/aichallenge/lib/python3.10/site-packages/torch/nn/modules/module.py", line 1789, in _call_impl
    return forward_call(*args, **kwargs)
  File "/home/gyuyeonlim/.conda/envs/aichallenge/lib/python3.10/site-packages/peft/tuners/lora/layer.py", line 969, in forward
    result = result + lora_B(lora_A(dropout(x))) * scaling
  File "/home/gyuyeonlim/.conda/envs/aichallenge/lib/python3.10/site-packages/torch/nn/modules/module.py", line 1778, in _wrapped_call_impl
    return self._call_impl(*args, **kwargs)
  File "/home/gyuyeonlim/.conda/envs/aichallenge/lib/python3.10/site-packages/torch/nn/modules/module.py", line 1789, in _call_impl
    return forward_call(*args, **kwargs)
  File "/home/gyuyeonlim/.conda/envs/aichallenge/lib/python3.10/site-packages/torch/nn/modules/linear.py", line 134, in forward
    return F.linear(input, self.weight, self.bias)
torch.OutOfMemoryError: CUDA out of memory. Tried to allocate 384.00 MiB. GPU 0 has a total capacity of 79.18 GiB of which 314.38 MiB is free. Including non-PyTorch memory, this process has 78.86 GiB memory in use. Of the allocated memory 78.06 GiB is allocated by PyTorch, and 132.45 MiB is reserved by PyTorch but unallocated. If reserved but unallocated memory is large try setting PYTORCH_CUDA_ALLOC_CONF=expandable_segments:True to avoid fragmentation.  See documentation for Memory Management  (https://docs.pytorch.org/docs/stable/notes/cuda.html#optimizing-memory-usage-with-pytorch-cuda-alloc-conf)
Loading weights:   0%|          | 0/750 [00:00<?, ?it/s]Loading weights: 100%|██████████| 750/750 [00:00<00:00, 42135.18it/s]
Loading weights:   0%|          | 0/750 [00:00<?, ?it/s]Loading weights: 100%|██████████| 750/750 [00:00<00:00, 42435.29it/s]
Traceback (most recent call last):
  File "/data/gyuyeonlim/snu_ai_challenge/v6_qwen3_final/check_vram_v6.py", line 81, in <module>
    out = model(**inp)
  File "/home/gyuyeonlim/.conda/envs/aichallenge/lib/python3.10/site-packages/torch/nn/modules/module.py", line 1778, in _wrapped_call_impl
    return self._call_impl(*args, **kwargs)
  File "/home/gyuyeonlim/.conda/envs/aichallenge/lib/python3.10/site-packages/torch/nn/modules/module.py", line 1789, in _call_impl
    return forward_call(*args, **kwargs)
  File "/home/gyuyeonlim/.conda/envs/aichallenge/lib/python3.10/site-packages/peft/peft_model.py", line 1993, in forward
    return self.base_model(
  File "/home/gyuyeonlim/.conda/envs/aichallenge/lib/python3.10/site-packages/torch/nn/modules/module.py", line 1778, in _wrapped_call_impl
    return self._call_impl(*args, **kwargs)
  File "/home/gyuyeonlim/.conda/envs/aichallenge/lib/python3.10/site-packages/torch/nn/modules/module.py", line 1789, in _call_impl
    return forward_call(*args, **kwargs)
  File "/home/gyuyeonlim/.conda/envs/aichallenge/lib/python3.10/site-packages/peft/tuners/tuners_utils.py", line 330, in forward
    return self.model.forward(*args, **kwargs)
  File "/home/gyuyeonlim/.conda/envs/aichallenge/lib/python3.10/site-packages/transformers/utils/generic.py", line 907, in wrapper
    output = func(self, *args, **kwargs)
  File "/home/gyuyeonlim/.conda/envs/aichallenge/lib/python3.10/site-packages/transformers/models/qwen3_vl/modeling_qwen3_vl.py", line 1385, in forward
    outputs = self.model(
  File "/home/gyuyeonlim/.conda/envs/aichallenge/lib/python3.10/site-packages/torch/nn/modules/module.py", line 1778, in _wrapped_call_impl
    return self._call_impl(*args, **kwargs)
  File "/home/gyuyeonlim/.conda/envs/aichallenge/lib/python3.10/site-packages/torch/nn/modules/module.py", line 1789, in _call_impl
    return forward_call(*args, **kwargs)
  File "/home/gyuyeonlim/.conda/envs/aichallenge/lib/python3.10/site-packages/transformers/utils/generic.py", line 907, in wrapper
    output = func(self, *args, **kwargs)
  File "/home/gyuyeonlim/.conda/envs/aichallenge/lib/python3.10/site-packages/transformers/models/qwen3_vl/modeling_qwen3_vl.py", line 1250, in forward
    outputs = self.language_model(
  File "/home/gyuyeonlim/.conda/envs/aichallenge/lib/python3.10/site-packages/torch/nn/modules/module.py", line 1778, in _wrapped_call_impl
    return self._call_impl(*args, **kwargs)
  File "/home/gyuyeonlim/.conda/envs/aichallenge/lib/python3.10/site-packages/torch/nn/modules/module.py", line 1789, in _call_impl
    return forward_call(*args, **kwargs)
  File "/home/gyuyeonlim/.conda/envs/aichallenge/lib/python3.10/site-packages/transformers/utils/generic.py", line 1036, in wrapper
    output = func(self, *args, **kwargs)
  File "/home/gyuyeonlim/.conda/envs/aichallenge/lib/python3.10/site-packages/transformers/utils/output_capturing.py", line 252, in wrapper
    outputs = func(self, *args, **kwargs)
  File "/home/gyuyeonlim/.conda/envs/aichallenge/lib/python3.10/site-packages/transformers/models/qwen3_vl/modeling_qwen3_vl.py", line 824, in forward
    layer_outputs = decoder_layer(
  File "/home/gyuyeonlim/.conda/envs/aichallenge/lib/python3.10/site-packages/transformers/modeling_layers.py", line 93, in __call__
    return super().__call__(*args, **kwargs)
  File "/home/gyuyeonlim/.conda/envs/aichallenge/lib/python3.10/site-packages/torch/nn/modules/module.py", line 1778, in _wrapped_call_impl
    return self._call_impl(*args, **kwargs)
  File "/home/gyuyeonlim/.conda/envs/aichallenge/lib/python3.10/site-packages/torch/nn/modules/module.py", line 1789, in _call_impl
    return forward_call(*args, **kwargs)
  File "/home/gyuyeonlim/.conda/envs/aichallenge/lib/python3.10/site-packages/transformers/models/qwen3_vl/modeling_qwen3_vl.py", line 567, in forward
    hidden_states = self.mlp(hidden_states)
  File "/home/gyuyeonlim/.conda/envs/aichallenge/lib/python3.10/site-packages/torch/nn/modules/module.py", line 1778, in _wrapped_call_impl
    return self._call_impl(*args, **kwargs)
  File "/home/gyuyeonlim/.conda/envs/aichallenge/lib/python3.10/site-packages/torch/nn/modules/module.py", line 1789, in _call_impl
    return forward_call(*args, **kwargs)
  File "/home/gyuyeonlim/.conda/envs/aichallenge/lib/python3.10/site-packages/transformers/models/qwen3_vl/modeling_qwen3_vl.py", line 525, in forward
    down_proj = self.down_proj(self.act_fn(self.gate_proj(x)) * self.up_proj(x))
  File "/home/gyuyeonlim/.conda/envs/aichallenge/lib/python3.10/site-packages/torch/nn/modules/module.py", line 1778, in _wrapped_call_impl
    return self._call_impl(*args, **kwargs)
  File "/home/gyuyeonlim/.conda/envs/aichallenge/lib/python3.10/site-packages/torch/nn/modules/module.py", line 1789, in _call_impl
    return forward_call(*args, **kwargs)
  File "/home/gyuyeonlim/.conda/envs/aichallenge/lib/python3.10/site-packages/peft/tuners/lora/layer.py", line 969, in forward
    result = result + lora_B(lora_A(dropout(x))) * scaling
  File "/home/gyuyeonlim/.conda/envs/aichallenge/lib/python3.10/site-packages/torch/nn/modules/module.py", line 1778, in _wrapped_call_impl
    return self._call_impl(*args, **kwargs)
  File "/home/gyuyeonlim/.conda/envs/aichallenge/lib/python3.10/site-packages/torch/nn/modules/module.py", line 1789, in _call_impl
    return forward_call(*args, **kwargs)
  File "/home/gyuyeonlim/.conda/envs/aichallenge/lib/python3.10/site-packages/torch/nn/modules/linear.py", line 134, in forward
    return F.linear(input, self.weight, self.bias)
torch.OutOfMemoryError: CUDA out of memory. Tried to allocate 432.00 MiB. GPU 0 has a total capacity of 79.18 GiB of which 432.38 MiB is free. Including non-PyTorch memory, this process has 78.75 GiB memory in use. Of the allocated memory 77.72 GiB is allocated by PyTorch, and 365.21 MiB is reserved by PyTorch but unallocated. If reserved but unallocated memory is large try setting PYTORCH_CUDA_ALLOC_CONF=expandable_segments:True to avoid fragmentation.  See documentation for Memory Management  (https://docs.pytorch.org/docs/stable/notes/cuda.html#optimizing-memory-usage-with-pytorch-cuda-alloc-conf)
Loading weights:   0%|          | 0/750 [00:00<?, ?it/s]Loading weights: 100%|██████████| 750/750 [00:00<00:00, 42569.09it/s]
Traceback (most recent call last):
  File "/data/gyuyeonlim/snu_ai_challenge/v6_qwen3_final/check_vram_v6.py", line 84, in <module>
    loss.backward()
  File "/home/gyuyeonlim/.conda/envs/aichallenge/lib/python3.10/site-packages/torch/_tensor.py", line 631, in backward
    torch.autograd.backward(
  File "/home/gyuyeonlim/.conda/envs/aichallenge/lib/python3.10/site-packages/torch/autograd/__init__.py", line 379, in backward
    _engine_run_backward(
  File "/home/gyuyeonlim/.conda/envs/aichallenge/lib/python3.10/site-packages/torch/autograd/graph.py", line 882, in _engine_run_backward
    return Variable._execution_engine.run_backward(  # Calls into the C++ engine to run the backward pass
torch.OutOfMemoryError: CUDA out of memory. Tried to allocate 1.47 GiB. GPU 0 has a total capacity of 79.18 GiB of which 814.38 MiB is free. Including non-PyTorch memory, this process has 78.38 GiB memory in use. Of the allocated memory 77.19 GiB is allocated by PyTorch, and 525.34 MiB is reserved by PyTorch but unallocated. If reserved but unallocated memory is large try setting PYTORCH_CUDA_ALLOC_CONF=expandable_segments:True to avoid fragmentation.  See documentation for Memory Management  (https://docs.pytorch.org/docs/stable/notes/cuda.html#optimizing-memory-usage-with-pytorch-cuda-alloc-conf)
Loading weights:   0%|          | 0/750 [00:00<?, ?it/s]Loading weights: 100%|██████████| 750/750 [00:00<00:00, 42224.54it/s]
Traceback (most recent call last):
  File "/data/gyuyeonlim/snu_ai_challenge/v6_qwen3_final/check_vram_v6.py", line 81, in <module>
    out = model(**inp)
  File "/home/gyuyeonlim/.conda/envs/aichallenge/lib/python3.10/site-packages/torch/nn/modules/module.py", line 1778, in _wrapped_call_impl
    return self._call_impl(*args, **kwargs)
  File "/home/gyuyeonlim/.conda/envs/aichallenge/lib/python3.10/site-packages/torch/nn/modules/module.py", line 1789, in _call_impl
    return forward_call(*args, **kwargs)
  File "/home/gyuyeonlim/.conda/envs/aichallenge/lib/python3.10/site-packages/peft/peft_model.py", line 1993, in forward
    return self.base_model(
  File "/home/gyuyeonlim/.conda/envs/aichallenge/lib/python3.10/site-packages/torch/nn/modules/module.py", line 1778, in _wrapped_call_impl
    return self._call_impl(*args, **kwargs)
  File "/home/gyuyeonlim/.conda/envs/aichallenge/lib/python3.10/site-packages/torch/nn/modules/module.py", line 1789, in _call_impl
    return forward_call(*args, **kwargs)
  File "/home/gyuyeonlim/.conda/envs/aichallenge/lib/python3.10/site-packages/peft/tuners/tuners_utils.py", line 330, in forward
    return self.model.forward(*args, **kwargs)
  File "/home/gyuyeonlim/.conda/envs/aichallenge/lib/python3.10/site-packages/transformers/utils/generic.py", line 907, in wrapper
    output = func(self, *args, **kwargs)
  File "/home/gyuyeonlim/.conda/envs/aichallenge/lib/python3.10/site-packages/transformers/models/qwen3_vl/modeling_qwen3_vl.py", line 1385, in forward
    outputs = self.model(
  File "/home/gyuyeonlim/.conda/envs/aichallenge/lib/python3.10/site-packages/torch/nn/modules/module.py", line 1778, in _wrapped_call_impl
    return self._call_impl(*args, **kwargs)
  File "/home/gyuyeonlim/.conda/envs/aichallenge/lib/python3.10/site-packages/torch/nn/modules/module.py", line 1789, in _call_impl
    return forward_call(*args, **kwargs)
  File "/home/gyuyeonlim/.conda/envs/aichallenge/lib/python3.10/site-packages/transformers/utils/generic.py", line 907, in wrapper
    output = func(self, *args, **kwargs)
  File "/home/gyuyeonlim/.conda/envs/aichallenge/lib/python3.10/site-packages/transformers/models/qwen3_vl/modeling_qwen3_vl.py", line 1250, in forward
    outputs = self.language_model(
  File "/home/gyuyeonlim/.conda/envs/aichallenge/lib/python3.10/site-packages/torch/nn/modules/module.py", line 1778, in _wrapped_call_impl
    return self._call_impl(*args, **kwargs)
  File "/home/gyuyeonlim/.conda/envs/aichallenge/lib/python3.10/site-packages/torch/nn/modules/module.py", line 1789, in _call_impl
    return forward_call(*args, **kwargs)
  File "/home/gyuyeonlim/.conda/envs/aichallenge/lib/python3.10/site-packages/transformers/utils/generic.py", line 1036, in wrapper
    output = func(self, *args, **kwargs)
  File "/home/gyuyeonlim/.conda/envs/aichallenge/lib/python3.10/site-packages/transformers/utils/output_capturing.py", line 252, in wrapper
    outputs = func(self, *args, **kwargs)
  File "/home/gyuyeonlim/.conda/envs/aichallenge/lib/python3.10/site-packages/transformers/models/qwen3_vl/modeling_qwen3_vl.py", line 824, in forward
    layer_outputs = decoder_layer(
  File "/home/gyuyeonlim/.conda/envs/aichallenge/lib/python3.10/site-packages/transformers/modeling_layers.py", line 93, in __call__
    return super().__call__(*args, **kwargs)
  File "/home/gyuyeonlim/.conda/envs/aichallenge/lib/python3.10/site-packages/torch/nn/modules/module.py", line 1778, in _wrapped_call_impl
    return self._call_impl(*args, **kwargs)
  File "/home/gyuyeonlim/.conda/envs/aichallenge/lib/python3.10/site-packages/torch/nn/modules/module.py", line 1789, in _call_impl
    return forward_call(*args, **kwargs)
  File "/home/gyuyeonlim/.conda/envs/aichallenge/lib/python3.10/site-packages/transformers/models/qwen3_vl/modeling_qwen3_vl.py", line 567, in forward
    hidden_states = self.mlp(hidden_states)
  File "/home/gyuyeonlim/.conda/envs/aichallenge/lib/python3.10/site-packages/torch/nn/modules/module.py", line 1778, in _wrapped_call_impl
    return self._call_impl(*args, **kwargs)
  File "/home/gyuyeonlim/.conda/envs/aichallenge/lib/python3.10/site-packages/torch/nn/modules/module.py", line 1789, in _call_impl
    return forward_call(*args, **kwargs)
  File "/home/gyuyeonlim/.conda/envs/aichallenge/lib/python3.10/site-packages/transformers/models/qwen3_vl/modeling_qwen3_vl.py", line 525, in forward
    down_proj = self.down_proj(self.act_fn(self.gate_proj(x)) * self.up_proj(x))
  File "/home/gyuyeonlim/.conda/envs/aichallenge/lib/python3.10/site-packages/torch/nn/modules/module.py", line 1778, in _wrapped_call_impl
    return self._call_impl(*args, **kwargs)
  File "/home/gyuyeonlim/.conda/envs/aichallenge/lib/python3.10/site-packages/torch/nn/modules/module.py", line 1789, in _call_impl
    return forward_call(*args, **kwargs)
  File "/home/gyuyeonlim/.conda/envs/aichallenge/lib/python3.10/site-packages/peft/tuners/lora/layer.py", line 969, in forward
    result = result + lora_B(lora_A(dropout(x))) * scaling
torch.OutOfMemoryError: CUDA out of memory. Tried to allocate 366.00 MiB. GPU 0 has a total capacity of 79.18 GiB of which 290.38 MiB is free. Including non-PyTorch memory, this process has 78.89 GiB memory in use. Of the allocated memory 77.84 GiB is allocated by PyTorch, and 383.04 MiB is reserved by PyTorch but unallocated. If reserved but unallocated memory is large try setting PYTORCH_CUDA_ALLOC_CONF=expandable_segments:True to avoid fragmentation.  See documentation for Memory Management  (https://docs.pytorch.org/docs/stable/notes/cuda.html#optimizing-memory-usage-with-pytorch-cuda-alloc-conf)
