Loading weights:   0%|          | 0/750 [00:00<?, ?it/s]Loading weights: 100%|██████████| 750/750 [00:00<00:00, 8262.32it/s]
Traceback (most recent call last):
  File "/data/gyuyeonlim/snu_ai_challenge/v9_dora/find_max_dora_rank.py", line 93, in <module>
    ok, peak = try_rank(r)
  File "/data/gyuyeonlim/snu_ai_challenge/v9_dora/find_max_dora_rank.py", line 69, in try_rank
    logits = forward_batch(model, processor, texts, imgs_list, yes_id, no_id, device)
  File "/data/gyuyeonlim/snu_ai_challenge/v9_dora/src/train.py", line 109, in forward_batch
    return _forward_chunk(model_unwrapped, processor, texts, imgs_list, yes_id, no_id, device, TRAIN_MINIBATCH)
  File "/data/gyuyeonlim/snu_ai_challenge/v9_dora/src/train.py", line 98, in _forward_chunk
    parts.append(forward_logit(model_unwrapped, processor, inp, yes_id, no_id))
  File "/data/gyuyeonlim/snu_ai_challenge/v9_dora/src/model.py", line 101, in forward_logit
    outputs = model(**inputs)
  File "/home/gyuyeonlim/.conda/envs/aichallenge/lib/python3.10/site-packages/torch/nn/modules/module.py", line 1778, in _wrapped_call_impl
    return self._call_impl(*args, **kwargs)
  File "/home/gyuyeonlim/.conda/envs/aichallenge/lib/python3.10/site-packages/torch/nn/modules/module.py", line 1789, in _call_impl
    return forward_call(*args, **kwargs)
  File "/home/gyuyeonlim/.conda/envs/aichallenge/lib/python3.10/site-packages/peft/peft_model.py", line 1993, in forward
    return self.base_model(
  File "/home/gyuyeonlim/.conda/envs/aichallenge/lib/python3.10/site-packages/torch/nn/modules/module.py", line 1778, in _wrapped_call_impl
    return self._call_impl(*args, **kwargs)
  File "/home/gyuyeonlim/.conda/envs/aichallenge/lib/python3.10/site-packages/torch/nn/modules/module.py", line 1789, in _call_impl
    return forward_call(*args, **kwargs)
  File "/home/gyuyeonlim/.conda/envs/aichallenge/lib/python3.10/site-packages/peft/tuners/tuners_utils.py", line 330, in forward
    return self.model.forward(*args, **kwargs)
  File "/home/gyuyeonlim/.conda/envs/aichallenge/lib/python3.10/site-packages/transformers/utils/generic.py", line 907, in wrapper
    output = func(self, *args, **kwargs)
  File "/home/gyuyeonlim/.conda/envs/aichallenge/lib/python3.10/site-packages/transformers/models/qwen3_vl/modeling_qwen3_vl.py", line 1385, in forward
    outputs = self.model(
  File "/home/gyuyeonlim/.conda/envs/aichallenge/lib/python3.10/site-packages/torch/nn/modules/module.py", line 1778, in _wrapped_call_impl
    return self._call_impl(*args, **kwargs)
  File "/home/gyuyeonlim/.conda/envs/aichallenge/lib/python3.10/site-packages/torch/nn/modules/module.py", line 1789, in _call_impl
    return forward_call(*args, **kwargs)
  File "/home/gyuyeonlim/.conda/envs/aichallenge/lib/python3.10/site-packages/transformers/utils/generic.py", line 907, in wrapper
    output = func(self, *args, **kwargs)
  File "/home/gyuyeonlim/.conda/envs/aichallenge/lib/python3.10/site-packages/transformers/models/qwen3_vl/modeling_qwen3_vl.py", line 1186, in forward
    inputs_embeds = self.get_input_embeddings()(input_ids)
  File "/home/gyuyeonlim/.conda/envs/aichallenge/lib/python3.10/site-packages/torch/nn/modules/module.py", line 1778, in _wrapped_call_impl
    return self._call_impl(*args, **kwargs)
  File "/home/gyuyeonlim/.conda/envs/aichallenge/lib/python3.10/site-packages/torch/nn/modules/module.py", line 1884, in _call_impl
    return inner()
  File "/home/gyuyeonlim/.conda/envs/aichallenge/lib/python3.10/site-packages/torch/nn/modules/module.py", line 1832, in inner
    result = forward_call(*args, **kwargs)
  File "/home/gyuyeonlim/.conda/envs/aichallenge/lib/python3.10/site-packages/torch/nn/modules/sparse.py", line 189, in forward
    return F.embedding(
  File "/home/gyuyeonlim/.conda/envs/aichallenge/lib/python3.10/site-packages/torch/nn/functional.py", line 2567, in embedding
    return torch.embedding(weight, input, padding_idx, scale_grad_by_freq, sparse)
RuntimeError: Expected all tensors to be on the same device, but got index is on cuda:0, different from other tensors on cpu (when checking argument in method wrapper_CUDA__index_select)
