Job: 226643  Node: node27  Started: Sun Jul  5 15:43:59 KST 2026
샘플 20개 중 No_ordering 분포:
 No_ordering
False    18
True      2
Name: count, dtype: int64
n_nouns 분포:
 count    20.000000
mean      7.300000
std       3.908156
min       1.000000
25%       4.000000
50%       7.500000
75%       9.500000
max      13.000000
Name: n_nouns, dtype: float64
그룹 크기(1 pos+7 neg): [8]  noun_bucket: [0]
Loading processor...
Loading model (Qwen3VLForConditionalGeneration, bf16, attn=flash_attention_2)...
  -> flash_attention_2 OK
trainable params: 349,175,808 || all params: 9,116,299,504 || trainable%: 3.8302
logits shape: torch.Size([8])
loss: 0.3290041983127594 finite: True
dist weights: [0.1666666716337204, 0.1666666716337204, 0.1666666716337204, 0.1666666716337204, 0.1666666716337204, 0.1666666716337204]
noun weights: [1.0, 1.0, 1.0, 1.0, 1.0] (합계 기대값=5, 균등 시 전부 1.0)
backward 성공
Peak VRAM: 75.89 GB

=== val_exact_match 스모크 (n=3) ===

[Val] exact_match=0.3333 (1/3)  adj_swap_fail=0  other_fail=2
val smoke acc: 0.3333333333333333

스모크 테스트 전체 통과
Done: Sun Jul  5 15:44:23 KST 2026
