Loading weights:   0%|          | 0/750 [00:00<?, ?it/s]Loading weights: 100%|██████████| 750/750 [00:00<00:00, 41226.25it/s]
Traceback (most recent call last):
  File "/data/gyuyeonlim/snu_ai_challenge/v5_qwen3_listwise/smoke_test.py", line 44, in <module>
    out.loss.backward()
  File "/home/gyuyeonlim/.conda/envs/aichallenge/lib/python3.10/site-packages/torch/_tensor.py", line 631, in backward
    torch.autograd.backward(
  File "/home/gyuyeonlim/.conda/envs/aichallenge/lib/python3.10/site-packages/torch/autograd/__init__.py", line 379, in backward
    _engine_run_backward(
  File "/home/gyuyeonlim/.conda/envs/aichallenge/lib/python3.10/site-packages/torch/autograd/graph.py", line 882, in _engine_run_backward
    return Variable._execution_engine.run_backward(  # Calls into the C++ engine to run the backward pass
torch.OutOfMemoryError: CUDA out of memory. Tried to allocate 2.58 GiB. GPU 0 has a total capacity of 79.18 GiB of which 2.45 GiB is free. Including non-PyTorch memory, this process has 76.72 GiB memory in use. Of the allocated memory 75.59 GiB is allocated by PyTorch, and 468.24 MiB is reserved by PyTorch but unallocated. If reserved but unallocated memory is large try setting PYTORCH_CUDA_ALLOC_CONF=expandable_segments:True to avoid fragmentation.  See documentation for Memory Management  (https://docs.pytorch.org/docs/stable/notes/cuda.html#optimizing-memory-usage-with-pytorch-cuda-alloc-conf)
Loading weights:   0%|          | 0/750 [00:00<?, ?it/s]Loading weights: 100%|██████████| 750/750 [00:00<00:00, 40882.81it/s]
Traceback (most recent call last):
  File "/data/gyuyeonlim/snu_ai_challenge/v5_qwen3_listwise/smoke_test.py", line 44, in <module>
    out.loss.backward()
  File "/home/gyuyeonlim/.conda/envs/aichallenge/lib/python3.10/site-packages/torch/_tensor.py", line 631, in backward
    torch.autograd.backward(
  File "/home/gyuyeonlim/.conda/envs/aichallenge/lib/python3.10/site-packages/torch/autograd/__init__.py", line 379, in backward
    _engine_run_backward(
  File "/home/gyuyeonlim/.conda/envs/aichallenge/lib/python3.10/site-packages/torch/autograd/graph.py", line 882, in _engine_run_backward
    return Variable._execution_engine.run_backward(  # Calls into the C++ engine to run the backward pass
torch.OutOfMemoryError: CUDA out of memory. Tried to allocate 2.58 GiB. GPU 0 has a total capacity of 79.18 GiB of which 2.45 GiB is free. Including non-PyTorch memory, this process has 76.72 GiB memory in use. Of the allocated memory 75.59 GiB is allocated by PyTorch, and 468.24 MiB is reserved by PyTorch but unallocated. If reserved but unallocated memory is large try setting PYTORCH_CUDA_ALLOC_CONF=expandable_segments:True to avoid fragmentation.  See documentation for Memory Management  (https://docs.pytorch.org/docs/stable/notes/cuda.html#optimizing-memory-usage-with-pytorch-cuda-alloc-conf)
