W0708 03:43:58.190000 890748 site-packages/torch/distributed/run.py:862] 
W0708 03:43:58.190000 890748 site-packages/torch/distributed/run.py:862] *****************************************
W0708 03:43:58.190000 890748 site-packages/torch/distributed/run.py:862] Setting OMP_NUM_THREADS environment variable for each process to be 1 in default, to avoid your system being overloaded, please further tune the variable for optimal performance in your application as needed. 
W0708 03:43:58.190000 890748 site-packages/torch/distributed/run.py:862] *****************************************
  File "/data/gyuyeonlim/snu_ai_challenge/v15_dynamic_hardneg/infer_best_only.py", line 24
  File "/data/gyuyeonlim/snu_ai_challenge/v15_dynamic_hardneg/infer_best_only.py", line 24
        ("best_v15",      "submission_v15_best"),
("best_v15",      "submission_v15_best"),
IndentationErrorIndentationError: : unexpected indentunexpected indent

  File "/data/gyuyeonlim/snu_ai_challenge/v15_dynamic_hardneg/infer_best_only.py", line 24
    ("best_v15",      "submission_v15_best"),
IndentationError: unexpected indent
  File "/data/gyuyeonlim/snu_ai_challenge/v15_dynamic_hardneg/infer_best_only.py", line 24
    ("best_v15",      "submission_v15_best"),
IndentationError: unexpected indent
E0708 03:43:59.903000 890748 site-packages/torch/distributed/elastic/multiprocessing/api.py:988] failed (exitcode: 1) local_rank: 0 (pid: 890783) of binary: /home/gyuyeonlim/.conda/envs/aichallenge/bin/python3.10
Traceback (most recent call last):
  File "/home/gyuyeonlim/.conda/envs/aichallenge/bin/torchrun", line 6, in <module>
    sys.exit(main())
  File "/home/gyuyeonlim/.conda/envs/aichallenge/lib/python3.10/site-packages/torch/distributed/elastic/multiprocessing/errors/__init__.py", line 367, in wrapper
    return f(*args, **kwargs)
  File "/home/gyuyeonlim/.conda/envs/aichallenge/lib/python3.10/site-packages/torch/distributed/run.py", line 1016, in main
    run(args)
  File "/home/gyuyeonlim/.conda/envs/aichallenge/lib/python3.10/site-packages/torch/distributed/run.py", line 1007, in run
    elastic_launch(
  File "/home/gyuyeonlim/.conda/envs/aichallenge/lib/python3.10/site-packages/torch/distributed/launcher/api.py", line 191, in __call__
    return launch_agent(self._config, self._entrypoint, list(args))
  File "/home/gyuyeonlim/.conda/envs/aichallenge/lib/python3.10/site-packages/torch/distributed/launcher/api.py", line 371, in launch_agent
    raise ChildFailedError(
torch.distributed.elastic.multiprocessing.errors.ChildFailedError: 
============================================================
infer_best_only.py FAILED
------------------------------------------------------------
Failures:
[1]:
  time      : 2026-07-08_03:43:59
  host      : node26.localdomain
  rank      : 1 (local_rank: 1)
  exitcode  : 1 (pid: 890784) 
  error_file: <N/A>
  traceback : To enable traceback see: https://pytorch.org/docs/stable/elastic/errors.html
[2]:
  time      : 2026-07-08_03:43:59
  host      : node26.localdomain
  rank      : 2 (local_rank: 2)
  exitcode  : 1 (pid: 890785) 
  error_file: <N/A>
  traceback : To enable traceback see: https://pytorch.org/docs/stable/elastic/errors.html
[3]:
  time      : 2026-07-08_03:43:59
  host      : node26.localdomain
  rank      : 3 (local_rank: 3)
  exitcode  : 1 (pid: 890786) 
  error_file: <N/A>
  traceback : To enable traceback see: https://pytorch.org/docs/stable/elastic/errors.html
------------------------------------------------------------
Root Cause (first observed failure):
[0]:
  time      : 2026-07-08_03:43:59
  host      : node26.localdomain
  rank      : 0 (local_rank: 0)
  exitcode  : 1 (pid: 890783) 
  error_file: <N/A>
  traceback : To enable traceback see: https://pytorch.org/docs/stable/elastic/errors.html
============================================================
