Job: 227219  Node: node26  Started: Tue Jul  7 23:50:55 KST 2026
0, NVIDIA H100 80GB HBM3, 81559 MiB
1, NVIDIA H100 80GB HBM3, 81559 MiB
2, NVIDIA H100 80GB HBM3, 81559 MiB
3, NVIDIA H100 80GB HBM3, 81559 MiB
====================================================
STAGE 1: Training (v14 + K=7 유지 + 동적 하드 네거티브 뱅크, TRAIN_MINIBATCH=8 검증된 최대치)
====================================================
[v15] Processes=4  Device=cuda:0
  lora_r=128  lora_alpha=256  lr=5e-05
  Loss: ListwiseSoftmaxLoss (v14와 동일)
  Hard negatives: 기본 7(d1..6 전구간) + N_EXTRA=0(동적 뱅크+추가 랜덤)
  TRAIN_MINIBATCH=8
Train samples (raw, pre-expansion): 9059
Loading processor...
Loading processor...
Loading processor...
Loading processor...
Loading model (Qwen3VLForConditionalGeneration, bf16, attn=flash_attention_2)...
Loading model (Qwen3VLForConditionalGeneration, bf16, attn=flash_attention_2)...
Loading model (Qwen3VLForConditionalGeneration, bf16, attn=flash_attention_2)...
Loading model (Qwen3VLForConditionalGeneration, bf16, attn=flash_attention_2)...
  -> flash_attention_2 OK
  -> flash_attention_2 OK
  -> flash_attention_2 OK
  -> flash_attention_2 OK
trainable params: 349,175,808 || all params: 9,116,299,504 || trainable%: 3.8302
trainable params: 349,175,808 || all params: 9,116,299,504 || trainable%: 3.8302
trainable params: 349,175,808 || all params: 9,116,299,504 || trainable%: 3.8302
trainable params: 349,175,808 || all params: 9,116,299,504 || trainable%: 3.8302

============================================================
Epoch 1/5  시작: 23:51:20  (bank_size=0)
  Effective batch = 1×8×4
============================================================
  step=   50  loss=1.5010  lr=4.24e-06  avg_neg_prob=[0.028,0.073,0.327,0.002,0.002,0.000]
  step=  100  loss=1.6842  lr=8.48e-06  avg_neg_prob=[0.214,0.015,0.009,0.143,0.388,0.002]
  step=  150  loss=1.5277  lr=1.27e-05  avg_neg_prob=[0.191,0.057,0.035,0.065,0.039,0.050]
  step=  200  loss=1.3931  lr=1.77e-05  avg_neg_prob=[0.330,0.053,0.047,0.025,0.060,0.028]
  step=  250  loss=1.3276  lr=2.19e-05  avg_neg_prob=[0.010,0.360,0.218,0.005,0.008,0.360]
  step=  300  loss=1.2828  lr=2.61e-05  avg_neg_prob=[0.261,0.060,0.008,0.004,0.004,0.009]
  step=  350  loss=1.2490  lr=3.04e-05  avg_neg_prob=[0.123,0.005,0.003,0.002,0.008,0.012]
  step=  400  loss=1.2618  lr=3.53e-05  avg_neg_prob=[0.267,0.003,0.026,0.020,0.004,0.008]
  step=  450  loss=1.2525  lr=3.96e-05  avg_neg_prob=[0.004,0.000,0.000,0.007,0.000,0.000]
  step=  500  loss=1.2393  lr=4.38e-05  avg_neg_prob=[0.022,0.041,0.099,0.060,0.144,0.306]
  step=  550  loss=1.2009  lr=4.81e-05  avg_neg_prob=[0.016,0.000,0.000,0.000,0.000,0.025]
  step=  600  loss=1.2101  lr=5.00e-05  avg_neg_prob=[0.147,0.007,0.055,0.016,0.020,0.023]
  step=  650  loss=1.2130  lr=5.00e-05  avg_neg_prob=[0.084,0.044,0.105,0.082,0.222,0.285]
  step=  700  loss=1.1941  lr=5.00e-05  avg_neg_prob=[0.056,0.005,0.018,0.169,0.016,0.014]
  step=  750  loss=1.1980  lr=5.00e-05  avg_neg_prob=[0.173,0.009,0.124,0.205,0.008,0.009]
  step=  800  loss=1.2003  lr=4.99e-05  avg_neg_prob=[0.108,0.062,0.003,0.000,0.054,0.000]
  step=  850  loss=1.1815  lr=4.99e-05  avg_neg_prob=[0.101,0.000,0.000,0.000,0.000,0.000]
  step=  900  loss=1.1833  lr=4.99e-05  avg_neg_prob=[0.087,0.143,0.087,0.019,0.007,0.003]
  step=  950  loss=1.1751  lr=4.98e-05  avg_neg_prob=[0.000,0.000,0.000,0.000,0.000,0.000]
  step= 1000  loss=1.1655  lr=4.98e-05  avg_neg_prob=[0.000,0.008,0.001,0.000,0.000,0.000]
  step= 1050  loss=1.1627  lr=4.98e-05  avg_neg_prob=[0.089,0.069,0.088,0.078,0.128,0.272]
  step= 1100  loss=1.1584  lr=4.97e-05  avg_neg_prob=[0.413,0.003,0.002,0.005,0.006,0.001]
  step= 1150  loss=1.1530  lr=4.96e-05  avg_neg_prob=[0.083,0.219,0.193,0.110,0.091,0.103]
  step= 1200  loss=1.1463  lr=4.96e-05  avg_neg_prob=[0.000,0.000,0.000,0.000,0.000,0.000]
  step= 1250  loss=1.1507  lr=4.95e-05  avg_neg_prob=[0.020,0.014,0.072,0.026,0.064,0.009]
  step= 1300  loss=1.1344  lr=4.94e-05  avg_neg_prob=[0.007,0.000,0.000,0.000,0.000,0.000]
  step= 1350  loss=1.1314  lr=4.94e-05  avg_neg_prob=[0.181,0.055,0.010,0.018,0.014,0.018]
  step= 1400  loss=1.1278  lr=4.93e-05  avg_neg_prob=[0.000,0.000,0.000,0.001,0.013,0.000]
  step= 1450  loss=1.1230  lr=4.92e-05  avg_neg_prob=[0.000,0.000,0.000,0.126,0.000,0.000]
  step= 1500  loss=1.1220  lr=4.91e-05  avg_neg_prob=[0.175,0.001,0.001,0.003,0.000,0.000]
  step= 1550  loss=1.1156  lr=4.90e-05  avg_neg_prob=[0.101,0.192,0.080,0.169,0.149,0.091]
  step= 1600  loss=1.1066  lr=4.89e-05  avg_neg_prob=[0.320,0.029,0.009,0.002,0.002,0.006]
  step= 1650  loss=1.1006  lr=4.88e-05  avg_neg_prob=[0.014,0.025,0.000,0.000,0.002,0.001]
  step= 1700  loss=1.0911  lr=4.87e-05  avg_neg_prob=[0.067,0.861,0.000,0.000,0.002,0.001]
  step= 1750  loss=1.0890  lr=4.85e-05  avg_neg_prob=[0.000,0.000,0.000,0.000,0.000,0.000]
  step= 1800  loss=1.0887  lr=4.84e-05  avg_neg_prob=[0.187,0.251,0.049,0.072,0.063,0.038]
  step= 1850  loss=1.0858  lr=4.83e-05  avg_neg_prob=[0.203,0.000,0.005,0.000,0.000,0.000]
  step= 1900  loss=1.0778  lr=4.81e-05  avg_neg_prob=[0.171,0.045,0.045,0.050,0.107,0.329]
  step= 1950  loss=1.0771  lr=4.80e-05  avg_neg_prob=[0.000,0.000,0.000,0.000,0.000,0.000]
  step= 2000  loss=1.0727  lr=4.78e-05  avg_neg_prob=[0.430,0.002,0.055,0.001,0.000,0.001]
  step= 2050  loss=1.0707  lr=4.77e-05  avg_neg_prob=[0.179,0.105,0.072,0.173,0.039,0.119]
  step= 2100  loss=1.0712  lr=4.75e-05  avg_neg_prob=[0.141,0.000,0.000,0.000,0.000,0.000]
  step= 2150  loss=1.0642  lr=4.74e-05  avg_neg_prob=[0.033,0.049,0.018,0.467,0.134,0.030]
  step= 2200  loss=1.0660  lr=4.72e-05  avg_neg_prob=[0.220,0.064,0.027,0.013,0.005,0.005]
  step= 2250  loss=1.0628  lr=4.70e-05  avg_neg_prob=[0.110,0.047,0.014,0.009,0.006,0.003]

[Epoch 1/5 완료]  소요: 42.7분  avg_loss: 1.0647  bank_size=9059  mean_hard_score=5.102

[Val] exact_match=0.5504 (262/476)  adj_swap_fail=63  other_fail=151
  ★ Best saved (val_acc=0.5504)
  → Last saved to best_v15_last

============================================================
Epoch 2/5  시작: 00:45:18  (bank_size=9059)
  Effective batch = 1×8×4
============================================================
  step= 2300  loss=0.7414  lr=4.68e-05  avg_neg_prob=[0.000,0.000,0.000,0.000,0.000,0.000]
  step= 2350  loss=0.9096  lr=4.67e-05  avg_neg_prob=[0.000,0.000,0.000,0.000,0.000,0.000]
  step= 2400  loss=1.1188  lr=4.65e-05  avg_neg_prob=[0.300,0.025,0.174,0.086,0.086,0.059]
  step= 2450  loss=1.0810  lr=4.63e-05  avg_neg_prob=[0.431,0.004,0.015,0.033,0.020,0.004]
  step= 2500  loss=1.0720  lr=4.61e-05  avg_neg_prob=[0.008,0.000,0.000,0.000,0.000,0.000]
  step= 2550  loss=1.0422  lr=4.59e-05  avg_neg_prob=[0.017,0.003,0.005,0.004,0.000,0.000]
  step= 2600  loss=0.9991  lr=4.57e-05  avg_neg_prob=[0.001,0.000,0.000,0.000,0.000,0.000]
  step= 2650  loss=0.9979  lr=4.55e-05  avg_neg_prob=[0.000,0.012,0.140,0.006,0.037,0.001]
  step= 2700  loss=0.9825  lr=4.53e-05  avg_neg_prob=[0.067,0.086,0.195,0.141,0.067,0.017]
  step= 2750  loss=0.9957  lr=4.51e-05  avg_neg_prob=[0.002,0.000,0.000,0.000,0.000,0.000]
  step= 2800  loss=1.0059  lr=4.49e-05  avg_neg_prob=[0.009,0.033,0.033,0.125,0.006,0.012]
  step= 2850  loss=0.9928  lr=4.46e-05  avg_neg_prob=[0.273,0.000,0.000,0.000,0.000,0.000]
  step= 2900  loss=0.9790  lr=4.44e-05  avg_neg_prob=[0.042,0.000,0.000,0.000,0.000,0.002]
  step= 2950  loss=0.9700  lr=4.42e-05  avg_neg_prob=[0.000,0.000,0.000,0.000,0.000,0.000]
  step= 3000  loss=1.0012  lr=4.39e-05  avg_neg_prob=[0.118,0.030,0.056,0.026,0.249,0.466]
  step= 3050  loss=0.9932  lr=4.37e-05  avg_neg_prob=[0.155,0.076,0.098,0.087,0.126,0.162]
  step= 3100  loss=0.9873  lr=4.34e-05  avg_neg_prob=[0.017,0.000,0.000,0.000,0.000,0.000]
  step= 3150  loss=0.9756  lr=4.32e-05  avg_neg_prob=[0.266,0.000,0.000,0.007,0.000,0.000]
  step= 3200  loss=0.9778  lr=4.30e-05  avg_neg_prob=[0.399,0.000,0.011,0.008,0.000,0.000]
  step= 3250  loss=0.9790  lr=4.27e-05  avg_neg_prob=[0.002,0.000,0.000,0.000,0.000,0.000]
  step= 3300  loss=0.9828  lr=4.24e-05  avg_neg_prob=[0.107,0.036,0.161,0.067,0.265,0.052]
  step= 3350  loss=0.9678  lr=4.22e-05  avg_neg_prob=[0.253,0.051,0.000,0.001,0.007,0.007]
  step= 3400  loss=0.9717  lr=4.19e-05  avg_neg_prob=[0.000,0.000,0.000,0.000,0.000,0.000]
  step= 3450  loss=0.9709  lr=4.16e-05  avg_neg_prob=[0.106,0.007,0.012,0.059,0.032,0.041]
  step= 3500  loss=0.9623  lr=4.13e-05  avg_neg_prob=[0.088,0.001,0.285,0.000,0.002,0.002]
  step= 3550  loss=0.9511  lr=4.11e-05  avg_neg_prob=[0.000,0.000,0.000,0.000,0.000,0.000]
  step= 3600  loss=0.9516  lr=4.08e-05  avg_neg_prob=[0.017,0.014,0.001,0.001,0.000,0.001]
  step= 3650  loss=0.9489  lr=4.05e-05  avg_neg_prob=[0.000,0.000,0.000,0.000,0.000,0.000]
  step= 3700  loss=0.9450  lr=4.02e-05  avg_neg_prob=[0.016,0.001,0.001,0.000,0.000,0.000]
  step= 3750  loss=0.9457  lr=3.99e-05  avg_neg_prob=[0.077,0.214,0.127,0.053,0.041,0.112]
  step= 3800  loss=0.9467  lr=3.96e-05  avg_neg_prob=[0.129,0.136,0.154,0.024,0.024,0.034]
  step= 3850  loss=0.9362  lr=3.93e-05  avg_neg_prob=[0.002,0.000,0.000,0.000,0.000,0.000]
  step= 3900  loss=0.9398  lr=3.90e-05  avg_neg_prob=[0.007,0.000,0.000,0.000,0.002,0.000]
  step= 3950  loss=0.9365  lr=3.87e-05  avg_neg_prob=[0.001,0.000,0.000,0.001,0.005,0.000]
  step= 4000  loss=0.9373  lr=3.84e-05  avg_neg_prob=[0.095,0.127,0.144,0.032,0.028,0.036]
  step= 4050  loss=0.9313  lr=3.81e-05  avg_neg_prob=[0.279,0.000,0.000,0.004,0.004,0.000]
  step= 4100  loss=0.9323  lr=3.78e-05  avg_neg_prob=[0.241,0.468,0.000,0.000,0.000,0.018]
  step= 4150  loss=0.9344  lr=3.75e-05  avg_neg_prob=[0.175,0.023,0.135,0.093,0.072,0.153]
  step= 4200  loss=0.9412  lr=3.72e-05  avg_neg_prob=[0.367,0.013,0.005,0.000,0.003,0.008]
  step= 4250  loss=0.9400  lr=3.68e-05  avg_neg_prob=[0.104,0.172,0.104,0.081,0.117,0.133]
  step= 4300  loss=0.9444  lr=3.65e-05  avg_neg_prob=[0.182,0.454,0.148,0.016,0.008,0.005]
  step= 4350  loss=0.9366  lr=3.62e-05  avg_neg_prob=[0.434,0.007,0.013,0.001,0.141,0.141]
  step= 4400  loss=0.9390  lr=3.59e-05  avg_neg_prob=[0.116,0.170,0.131,0.148,0.102,0.102]
  step= 4450  loss=0.9346  lr=3.55e-05  avg_neg_prob=[0.208,0.076,0.067,0.101,0.126,0.053]
  step= 4500  loss=0.9316  lr=3.52e-05  avg_neg_prob=[0.121,0.133,0.133,0.219,0.049,0.030]

[Epoch 2/5 완료]  소요: 42.3분  avg_loss: 0.9304  bank_size=9059  mean_hard_score=6.893

[Val] exact_match=0.5840 (278/476)  adj_swap_fail=55  other_fail=143
  ★ Best saved (val_acc=0.5840)
  → Last saved to best_v15_last

============================================================
Epoch 3/5  시작: 01:38:22  (bank_size=9059)
  Effective batch = 1×8×4
============================================================
  step= 4550  loss=0.5902  lr=3.48e-05  avg_neg_prob=[0.359,0.000,0.000,0.000,0.000,0.000]
  step= 4600  loss=0.9412  lr=3.45e-05  avg_neg_prob=[0.016,0.095,0.266,0.013,0.027,0.292]
  step= 4650  loss=0.9867  lr=3.41e-05  avg_neg_prob=[0.185,0.085,0.066,0.123,0.123,0.075]
  step= 4700  loss=0.9403  lr=3.38e-05  avg_neg_prob=[0.001,0.001,0.000,0.000,0.000,0.000]
  step= 4750  loss=0.9310  lr=3.35e-05  avg_neg_prob=[0.221,0.021,0.000,0.000,0.000,0.000]
  step= 4800  loss=0.9209  lr=3.31e-05  avg_neg_prob=[0.101,0.098,0.076,0.053,0.019,0.111]
  step= 4850  loss=0.8821  lr=3.28e-05  avg_neg_prob=[0.019,0.000,0.000,0.000,0.000,0.000]
  step= 4900  loss=0.8923  lr=3.24e-05  avg_neg_prob=[0.147,0.038,0.025,0.033,0.061,0.147]
  step= 4950  loss=0.8818  lr=3.21e-05  avg_neg_prob=[0.295,0.001,0.010,0.014,0.001,0.003]
  step= 5000  loss=0.8839  lr=3.17e-05  avg_neg_prob=[0.099,0.211,0.008,0.000,0.006,0.003]
  step= 5050  loss=0.8545  lr=3.13e-05  avg_neg_prob=[0.082,0.045,0.000,0.000,0.001,0.001]
  step= 5100  loss=0.8672  lr=3.10e-05  avg_neg_prob=[0.000,0.000,0.000,0.000,0.000,0.000]
  step= 5150  loss=0.8540  lr=3.07e-05  avg_neg_prob=[0.050,0.120,0.171,0.024,0.044,0.223]
  step= 5200  loss=0.8636  lr=3.03e-05  avg_neg_prob=[0.104,0.111,0.266,0.076,0.142,0.086]
  step= 5250  loss=0.8487  lr=2.99e-05  avg_neg_prob=[0.000,0.000,0.000,0.000,0.000,0.000]
  step= 5300  loss=0.8534  lr=2.96e-05  avg_neg_prob=[0.000,0.000,0.000,0.000,0.000,0.000]
  step= 5350  loss=0.8439  lr=2.92e-05  avg_neg_prob=[0.007,0.002,0.005,0.005,0.125,0.007]
  step= 5400  loss=0.8462  lr=2.89e-05  avg_neg_prob=[0.170,0.005,0.000,0.000,0.000,0.000]
  step= 5450  loss=0.8449  lr=2.85e-05  avg_neg_prob=[0.000,0.000,0.000,0.000,0.000,0.000]
  step= 5500  loss=0.8522  lr=2.81e-05  avg_neg_prob=[0.161,0.134,0.063,0.105,0.221,0.105]
  step= 5550  loss=0.8538  lr=2.78e-05  avg_neg_prob=[0.033,0.001,0.000,0.000,0.000,0.000]
  step= 5600  loss=0.8431  lr=2.74e-05  avg_neg_prob=[0.125,0.022,0.036,0.010,0.300,0.300]
  step= 5650  loss=0.8347  lr=2.70e-05  avg_neg_prob=[0.000,0.000,0.000,0.000,0.000,0.000]
  step= 5700  loss=0.8313  lr=2.67e-05  avg_neg_prob=[0.008,0.227,0.011,0.058,0.138,0.074]
  step= 5750  loss=0.8355  lr=2.63e-05  avg_neg_prob=[0.279,0.000,0.000,0.000,0.000,0.000]
  step= 5800  loss=0.8384  lr=2.60e-05  avg_neg_prob=[0.018,0.000,0.000,0.000,0.002,0.000]
  step= 5850  loss=0.8456  lr=2.56e-05  avg_neg_prob=[0.102,0.033,0.140,0.193,0.062,0.045]
  step= 5900  loss=0.8393  lr=2.52e-05  avg_neg_prob=[0.001,0.000,0.000,0.000,0.000,0.000]
  step= 5950  loss=0.8389  lr=2.49e-05  avg_neg_prob=[0.325,0.014,0.064,0.009,0.002,0.064]
  step= 6000  loss=0.8358  lr=2.45e-05  avg_neg_prob=[0.001,0.001,0.019,0.001,0.000,0.000]
  step= 6050  loss=0.8344  lr=2.41e-05  avg_neg_prob=[0.083,0.083,0.206,0.176,0.094,0.121]
  step= 6100  loss=0.8353  lr=2.38e-05  avg_neg_prob=[0.147,0.000,0.000,0.000,0.000,0.000]
  step= 6150  loss=0.8422  lr=2.34e-05  avg_neg_prob=[0.102,0.287,0.008,0.325,0.106,0.008]
  step= 6200  loss=0.8420  lr=2.31e-05  avg_neg_prob=[0.000,0.000,0.000,0.000,0.005,0.000]
  step= 6250  loss=0.8474  lr=2.27e-05  avg_neg_prob=[0.107,0.083,0.137,0.083,0.255,0.121]
  step= 6300  loss=0.8491  lr=2.23e-05  avg_neg_prob=[0.109,0.077,0.085,0.204,0.180,0.109]
  step= 6350  loss=0.8482  lr=2.20e-05  avg_neg_prob=[0.003,0.000,0.000,0.000,0.000,0.000]
  step= 6400  loss=0.8409  lr=2.16e-05  avg_neg_prob=[0.070,0.008,0.013,0.276,0.215,0.004]
  step= 6450  loss=0.8401  lr=2.12e-05  avg_neg_prob=[0.248,0.033,0.002,0.008,0.001,0.029]
  step= 6500  loss=0.8353  lr=2.09e-05  avg_neg_prob=[0.007,0.000,0.000,0.000,0.000,0.000]
  step= 6550  loss=0.8304  lr=2.05e-05  avg_neg_prob=[0.009,0.000,0.391,0.000,0.000,0.000]
  step= 6600  loss=0.8223  lr=2.02e-05  avg_neg_prob=[0.055,0.146,0.000,0.000,0.000,0.000]
  step= 6650  loss=0.8142  lr=1.98e-05  avg_neg_prob=[0.184,0.003,0.003,0.046,0.012,0.641]
  step= 6700  loss=0.8088  lr=1.94e-05  avg_neg_prob=[0.000,0.000,0.000,0.000,0.000,0.000]
  step= 6750  loss=0.8061  lr=1.91e-05  avg_neg_prob=[0.190,0.055,0.216,0.216,0.070,0.038]

[Epoch 3/5 완료]  소요: 42.4분  avg_loss: 0.8074  bank_size=9059  mean_hard_score=7.922

[Val] exact_match=0.5966 (284/476)  adj_swap_fail=62  other_fail=130
  ★ Best saved (val_acc=0.5966)
  → Last saved to best_v15_last

============================================================
Epoch 4/5  시작: 02:31:37  (bank_size=9059)
  Effective batch = 1×8×4
============================================================
  step= 6800  loss=0.8269  lr=1.87e-05  avg_neg_prob=[0.000,0.001,0.095,0.001,0.000,0.004]
  step= 6850  loss=0.8810  lr=1.84e-05  avg_neg_prob=[0.087,0.183,0.388,0.053,0.111,0.013]
  step= 6900  loss=0.8023  lr=1.80e-05  avg_neg_prob=[0.050,0.044,0.128,0.224,0.120,0.082]
  step= 6950  loss=0.8239  lr=1.76e-05  avg_neg_prob=[0.059,0.110,0.141,0.181,0.170,0.141]
  step= 7000  loss=0.7760  lr=1.73e-05  avg_neg_prob=[0.000,0.000,0.000,0.000,0.000,0.000]
  step= 7050  loss=0.7572  lr=1.70e-05  avg_neg_prob=[0.000,0.000,0.468,0.207,0.000,0.000]
  step= 7100  loss=0.7146  lr=1.66e-05  avg_neg_prob=[0.003,0.001,0.000,0.000,0.001,0.000]
  step= 7150  loss=0.6963  lr=1.62e-05  avg_neg_prob=[0.140,0.000,0.040,0.000,0.007,0.000]
  step= 7200  loss=0.6690  lr=1.59e-05  avg_neg_prob=[0.008,0.001,0.240,0.028,0.032,0.010]
  step= 7250  loss=0.7280  lr=1.56e-05  avg_neg_prob=[0.000,0.000,0.000,0.000,0.010,0.000]
  step= 7300  loss=0.7129  lr=1.52e-05  avg_neg_prob=[0.011,0.002,0.042,0.041,0.022,0.006]
  step= 7350  loss=0.6994  lr=1.49e-05  avg_neg_prob=[0.028,0.000,0.000,0.000,0.000,0.000]
  step= 7400  loss=0.6819  lr=1.46e-05  avg_neg_prob=[0.262,0.007,0.080,0.043,0.080,0.116]
  step= 7450  loss=0.7106  lr=1.43e-05  avg_neg_prob=[0.019,0.028,0.035,0.138,0.085,0.005]
  step= 7500  loss=0.7186  lr=1.39e-05  avg_neg_prob=[0.166,0.048,0.112,0.045,0.019,0.101]
  step= 7550  loss=0.7309  lr=1.36e-05  avg_neg_prob=[0.000,0.000,0.000,0.000,0.000,0.000]
  step= 7600  loss=0.7272  lr=1.33e-05  avg_neg_prob=[0.000,0.000,0.000,0.000,0.000,0.000]
  step= 7650  loss=0.7413  lr=1.30e-05  avg_neg_prob=[0.125,0.015,0.120,0.120,0.017,0.005]
  step= 7700  loss=0.7355  lr=1.26e-05  avg_neg_prob=[0.000,0.000,0.000,0.000,0.000,0.000]
  step= 7750  loss=0.7193  lr=1.23e-05  avg_neg_prob=[0.193,0.091,0.160,0.091,0.071,0.063]
  step= 7800  loss=0.7078  lr=1.20e-05  avg_neg_prob=[0.000,0.000,0.000,0.000,0.000,0.000]
  step= 7850  loss=0.6991  lr=1.17e-05  avg_neg_prob=[0.000,0.000,0.000,0.000,0.000,0.000]
  step= 7900  loss=0.7054  lr=1.14e-05  avg_neg_prob=[0.002,0.398,0.001,0.003,0.001,0.002]
  step= 7950  loss=0.7133  lr=1.11e-05  avg_neg_prob=[0.034,0.000,0.000,0.000,0.000,0.000]
  step= 8000  loss=0.7254  lr=1.08e-05  avg_neg_prob=[0.025,0.005,0.001,0.086,0.012,0.865]
  step= 8050  loss=0.7175  lr=1.05e-05  avg_neg_prob=[0.000,0.000,0.000,0.000,0.000,0.000]
  step= 8100  loss=0.7211  lr=1.02e-05  avg_neg_prob=[0.000,0.000,0.000,0.000,0.000,0.000]
  step= 8150  loss=0.7245  lr=9.87e-06  avg_neg_prob=[0.084,0.040,0.303,0.095,0.045,0.035]
  step= 8200  loss=0.7202  lr=9.59e-06  avg_neg_prob=[0.000,0.000,0.000,0.000,0.000,0.000]
  step= 8250  loss=0.7212  lr=9.32e-06  avg_neg_prob=[0.001,0.001,0.001,0.001,0.024,0.001]
  step= 8300  loss=0.7161  lr=9.00e-06  avg_neg_prob=[0.065,0.016,0.023,0.020,0.037,0.027]
  step= 8350  loss=0.7150  lr=8.73e-06  avg_neg_prob=[0.000,0.000,0.000,0.000,0.000,0.000]
  step= 8400  loss=0.7205  lr=8.47e-06  avg_neg_prob=[0.000,0.000,0.001,0.000,0.000,0.000]
  step= 8450  loss=0.7239  lr=8.21e-06  avg_neg_prob=[0.283,0.220,0.034,0.038,0.071,0.320]
  step= 8500  loss=0.7228  lr=7.91e-06  avg_neg_prob=[0.287,0.056,0.027,0.027,0.056,0.039]
  step= 8550  loss=0.7154  lr=7.65e-06  avg_neg_prob=[0.115,0.089,0.128,0.079,0.020,0.275]
  step= 8600  loss=0.7147  lr=7.40e-06  avg_neg_prob=[0.223,0.056,0.021,0.087,0.105,0.018]
  step= 8650  loss=0.7129  lr=7.16e-06  avg_neg_prob=[0.000,0.000,0.000,0.000,0.000,0.000]
  step= 8700  loss=0.7069  lr=6.87e-06  avg_neg_prob=[0.000,0.000,0.000,0.001,0.000,0.000]
  step= 8750  loss=0.7099  lr=6.63e-06  avg_neg_prob=[0.000,0.000,0.000,0.001,0.012,0.000]
  step= 8800  loss=0.7010  lr=6.40e-06  avg_neg_prob=[0.008,0.025,0.539,0.000,0.000,0.000]
  step= 8850  loss=0.7079  lr=6.16e-06  avg_neg_prob=[0.114,0.000,0.000,0.000,0.000,0.000]
  step= 8900  loss=0.7126  lr=5.90e-06  avg_neg_prob=[0.001,0.000,0.000,0.000,0.000,0.000]
  step= 8950  loss=0.7054  lr=5.67e-06  avg_neg_prob=[0.134,0.000,0.000,0.000,0.000,0.000]
  step= 9000  loss=0.7028  lr=5.45e-06  avg_neg_prob=[0.073,0.000,0.001,0.002,0.005,0.002]
  step= 9050  loss=0.7090  lr=5.24e-06  avg_neg_prob=[0.149,0.059,0.003,0.038,0.005,0.018]

[Epoch 4/5 완료]  소요: 42.4분  avg_loss: 0.7071  bank_size=9059  mean_hard_score=8.102

[Val] exact_match=0.5903 (281/476)  adj_swap_fail=60  other_fail=135
  → Last saved to best_v15_last

============================================================
Epoch 5/5  시작: 03:24:49  (bank_size=9059)
  Effective batch = 1×8×4
============================================================
  step= 9100  loss=0.4893  lr=4.95e-06  avg_neg_prob=[0.004,0.000,0.024,0.000,0.000,0.000]
  step= 9150  loss=0.6685  lr=4.75e-06  avg_neg_prob=[0.000,0.000,0.000,0.000,0.000,0.000]
  step= 9200  loss=0.6770  lr=4.54e-06  avg_neg_prob=[0.174,0.051,0.025,0.174,0.016,0.036]
  step= 9250  loss=0.6307  lr=4.34e-06  avg_neg_prob=[0.072,0.018,0.004,0.005,0.035,0.010]
  step= 9300  loss=0.6818  lr=4.11e-06  avg_neg_prob=[0.008,0.000,0.384,0.004,0.000,0.000]
  step= 9350  loss=0.7125  lr=3.92e-06  avg_neg_prob=[0.001,0.000,0.340,0.097,0.000,0.000]
  step= 9400  loss=0.6977  lr=3.74e-06  avg_neg_prob=[0.205,0.126,0.019,0.068,0.041,0.267]
  step= 9450  loss=0.6930  lr=3.56e-06  avg_neg_prob=[0.002,0.000,0.000,0.000,0.000,0.000]
  step= 9500  loss=0.6705  lr=3.35e-06  avg_neg_prob=[0.005,0.003,0.528,0.320,0.056,0.002]
  step= 9550  loss=0.6583  lr=3.18e-06  avg_neg_prob=[0.092,0.003,0.000,0.000,0.000,0.000]
  step= 9600  loss=0.6549  lr=3.01e-06  avg_neg_prob=[0.000,0.000,0.000,0.000,0.000,0.000]
  step= 9650  loss=0.6222  lr=2.84e-06  avg_neg_prob=[0.000,0.000,0.000,0.000,0.000,0.000]
  step= 9700  loss=0.6129  lr=2.66e-06  avg_neg_prob=[0.000,0.000,0.000,0.000,0.000,0.000]
  step= 9750  loss=0.6034  lr=2.50e-06  avg_neg_prob=[0.179,0.037,0.025,0.022,0.187,0.061]
  step= 9800  loss=0.5947  lr=2.35e-06  avg_neg_prob=[0.076,0.161,0.025,0.130,0.207,0.111]
  step= 9850  loss=0.5873  lr=2.20e-06  avg_neg_prob=[0.000,0.000,0.000,0.000,0.000,0.000]
  step= 9900  loss=0.5866  lr=2.04e-06  avg_neg_prob=[0.005,0.530,0.134,0.081,0.104,0.002]
  step= 9950  loss=0.5849  lr=1.90e-06  avg_neg_prob=[0.000,0.000,0.000,0.003,0.000,0.000]
  step=10000  loss=0.6074  lr=1.77e-06  avg_neg_prob=[0.002,0.000,0.000,0.000,0.000,0.000]
