Job: 226074  Node: node23  Started: Thu Jul  2 21:43:49 KST 2026
0, NVIDIA H100 80GB HBM3, 81559 MiB
1, NVIDIA H100 80GB HBM3, 81559 MiB
2, NVIDIA H100 80GB HBM3, 81559 MiB
3, NVIDIA H100 80GB HBM3, 81559 MiB
[v4] Processes=4  Device=cuda:0
  lora_r=64  lora_alpha=128
  margin=1.5  ranking_weight=1.5
  aux_weight=0.5  lr=1e-05
  Loss: 4f BCE(tau-soft) + ListNet + 2f AUX BCE
Train groups: 9059  4f samples: 45295  2f samples: 27177
Loading processor...
Loading processor...
Loading processor...
Loading processor...
Loading model (Qwen2_5_VLForConditionalGeneration, bf16, attn=flash_attention_2)...
Loading model (Qwen2_5_VLForConditionalGeneration, bf16, attn=flash_attention_2)...
Loading model (Qwen2_5_VLForConditionalGeneration, bf16, attn=flash_attention_2)...
  -> flash_attention_2 skipped: FlashAttention2 has been toggled on, but it cannot be used due to the following error: the package for FlashAttention2 doesn't seem to be installed.
Loading model (Qwen2_5_VLForConditionalGeneration, bf16, attn=sdpa)...
  -> flash_attention_2 skipped: FlashAttention2 has been toggled on, but it cannot be used due to the following error: the package for FlashAttention2 doesn't seem to be installed.
Loading model (Qwen2_5_VLForConditionalGeneration, bf16, attn=sdpa)...
  -> flash_attention_2 skipped: FlashAttention2 has been toggled on, but it cannot be used due to the following error: the package for FlashAttention2 doesn't seem to be installed.
Loading model (Qwen2_5_VLForConditionalGeneration, bf16, attn=sdpa)...
Loading model (Qwen2_5_VLForConditionalGeneration, bf16, attn=flash_attention_2)...
  -> flash_attention_2 skipped: FlashAttention2 has been toggled on, but it cannot be used due to the following error: the package for FlashAttention2 doesn't seem to be installed.
Loading model (Qwen2_5_VLForConditionalGeneration, bf16, attn=sdpa)...
  -> sdpa OK
  -> sdpa OK
  -> sdpa OK
  -> sdpa OK
trainable params: 190,357,504 || all params: 8,482,524,160 || trainable%: 2.2441
trainable params: 190,357,504 || all params: 8,482,524,160 || trainable%: 2.2441
trainable params: 190,357,504 || all params: 8,482,524,160 || trainable%: 2.2441
trainable params: 190,357,504 || all params: 8,482,524,160 || trainable%: 2.2441

============================================================
Epoch 1/5  시작: 21:44:50
  Effective batch = 1×8×4
============================================================
  step=   50  loss=3.4262  bce4f=0.9785  rank=1.7035  bce2f=1.5923  lr=8.48e-07
  step=  100  loss=3.3786  bce4f=0.5172  rank=1.2299  bce2f=0.5402  lr=1.70e-06
  step=  150  loss=3.3424  bce4f=0.6338  rank=1.5830  bce2f=0.3387  lr=2.54e-06
  step=  200  loss=3.2327  bce4f=0.8965  rank=1.9507  bce2f=0.6519  lr=3.53e-06
  step=  250  loss=3.1285  bce4f=0.6573  rank=1.5824  bce2f=0.2299  lr=4.38e-06
  step=  300  loss=3.0382  bce4f=0.6147  rank=1.3350  bce2f=0.0162  lr=5.23e-06
  step=  350  loss=2.9569  bce4f=0.6515  rank=1.6179  bce2f=0.0141  lr=6.08e-06
  step=  400  loss=2.8958  bce4f=0.5750  rank=1.4182  bce2f=0.0009  lr=7.07e-06
  step=  450  loss=2.8449  bce4f=0.5370  rank=1.3846  bce2f=0.0004  lr=7.92e-06
  step=  500  loss=2.8042  bce4f=0.5984  rank=1.3994  bce2f=0.0004  lr=8.76e-06
  step=  550  loss=2.7747  bce4f=0.7695  rank=1.7541  bce2f=0.0127  lr=9.61e-06
  step=  600  loss=2.7454  bce4f=0.5554  rank=1.3557  bce2f=0.0002  lr=1.00e-05
  step=  650  loss=2.7181  bce4f=0.4788  rank=1.2573  bce2f=0.0000  lr=1.00e-05
  step=  700  loss=2.6975  bce4f=0.6114  rank=1.4904  bce2f=0.0001  lr=1.00e-05
  step=  750  loss=2.6749  bce4f=0.5639  rank=1.3851  bce2f=0.0001  lr=9.99e-06
  step=  800  loss=2.6591  bce4f=0.6345  rank=1.4673  bce2f=0.0001  lr=9.99e-06
  step=  850  loss=2.6419  bce4f=0.6595  rank=1.6424  bce2f=0.0003  lr=9.98e-06
  step=  900  loss=2.6298  bce4f=0.7055  rank=1.6430  bce2f=0.0003  lr=9.98e-06
  step=  950  loss=2.6164  bce4f=0.6552  rank=1.6290  bce2f=0.0002  lr=9.97e-06
  step= 1000  loss=2.6068  bce4f=0.6417  rank=1.5175  bce2f=0.0004  lr=9.96e-06
  step= 1050  loss=2.5958  bce4f=0.5503  rank=1.2910  bce2f=0.0001  lr=9.95e-06
  step= 1100  loss=2.5877  bce4f=0.6437  rank=1.5761  bce2f=0.0003  lr=9.94e-06
  step= 1150  loss=2.5805  bce4f=0.6740  rank=1.6744  bce2f=0.0002  lr=9.93e-06
  step= 1200  loss=2.5722  bce4f=0.5844  rank=1.3218  bce2f=0.0001  lr=9.91e-06
  step= 1250  loss=2.5652  bce4f=0.5688  rank=1.3459  bce2f=0.0003  lr=9.90e-06
  step= 1300  loss=2.5576  bce4f=0.5589  rank=1.3703  bce2f=0.0000  lr=9.89e-06
  step= 1350  loss=2.5524  bce4f=0.6780  rank=1.7216  bce2f=0.0001  lr=9.87e-06
  step= 1400  loss=nan  bce4f=nan  rank=nan  bce2f=nan  lr=9.85e-06
  step= 1450  loss=nan  bce4f=nan  rank=nan  bce2f=nan  lr=9.83e-06
  step= 1500  loss=nan  bce4f=nan  rank=nan  bce2f=nan  lr=9.82e-06
  step= 1550  loss=nan  bce4f=nan  rank=nan  bce2f=nan  lr=9.80e-06
  step= 1600  loss=nan  bce4f=nan  rank=nan  bce2f=nan  lr=9.77e-06
  step= 1650  loss=nan  bce4f=nan  rank=nan  bce2f=nan  lr=9.75e-06
  step= 1700  loss=nan  bce4f=nan  rank=nan  bce2f=nan  lr=9.73e-06
  step= 1750  loss=nan  bce4f=nan  rank=nan  bce2f=nan  lr=9.71e-06
  step= 1800  loss=nan  bce4f=nan  rank=nan  bce2f=nan  lr=9.68e-06
  step= 1850  loss=nan  bce4f=nan  rank=nan  bce2f=nan  lr=9.65e-06
  step= 1900  loss=nan  bce4f=nan  rank=nan  bce2f=nan  lr=9.63e-06
  step= 1950  loss=nan  bce4f=nan  rank=nan  bce2f=nan  lr=9.60e-06
  step= 2000  loss=nan  bce4f=nan  rank=nan  bce2f=nan  lr=9.57e-06
  step= 2050  loss=nan  bce4f=nan  rank=nan  bce2f=nan  lr=9.54e-06
  step= 2100  loss=nan  bce4f=nan  rank=nan  bce2f=nan  lr=9.51e-06
  step= 2150  loss=nan  bce4f=nan  rank=nan  bce2f=nan  lr=9.48e-06
  step= 2200  loss=nan  bce4f=nan  rank=nan  bce2f=nan  lr=9.44e-06
  step= 2250  loss=nan  bce4f=nan  rank=nan  bce2f=nan  lr=9.41e-06

[Epoch 1/5 완료]  소요: 168.2분  avg_loss: nan

[Val] exact_match=0.1100 (11/100)  adj_swap_fail=23  other_fail=66
  ★ Best saved (val_acc=0.1100)

============================================================
Epoch 2/5  시작: 00:38:38
  Effective batch = 1×8×4
============================================================
  step= 2300  loss=nan  bce4f=nan  rank=nan  bce2f=nan  lr=9.37e-06
  step= 2350  loss=nan  bce4f=nan  rank=nan  bce2f=nan  lr=9.33e-06
  step= 2400  loss=nan  bce4f=nan  rank=nan  bce2f=nan  lr=9.30e-06
  step= 2450  loss=nan  bce4f=nan  rank=nan  bce2f=nan  lr=9.26e-06
  step= 2500  loss=nan  bce4f=nan  rank=nan  bce2f=nan  lr=9.22e-06
  step= 2550  loss=nan  bce4f=nan  rank=nan  bce2f=nan  lr=9.18e-06
  step= 2600  loss=nan  bce4f=nan  rank=nan  bce2f=nan  lr=9.14e-06
  step= 2650  loss=nan  bce4f=nan  rank=nan  bce2f=nan  lr=9.10e-06
  step= 2700  loss=nan  bce4f=nan  rank=nan  bce2f=nan  lr=9.06e-06
  step= 2750  loss=nan  bce4f=nan  rank=nan  bce2f=nan  lr=9.01e-06
  step= 2800  loss=nan  bce4f=nan  rank=nan  bce2f=nan  lr=8.97e-06
  step= 2850  loss=nan  bce4f=nan  rank=nan  bce2f=nan  lr=8.92e-06
  step= 2900  loss=nan  bce4f=nan  rank=nan  bce2f=nan  lr=8.88e-06
  step= 2950  loss=nan  bce4f=nan  rank=nan  bce2f=nan  lr=8.83e-06
  step= 3000  loss=nan  bce4f=nan  rank=nan  bce2f=nan  lr=8.79e-06
  step= 3050  loss=nan  bce4f=nan  rank=nan  bce2f=nan  lr=8.73e-06
  step= 3100  loss=nan  bce4f=nan  rank=nan  bce2f=nan  lr=8.69e-06
  step= 3150  loss=nan  bce4f=nan  rank=nan  bce2f=nan  lr=8.64e-06
  step= 3200  loss=nan  bce4f=nan  rank=nan  bce2f=nan  lr=8.59e-06
  step= 3250  loss=nan  bce4f=nan  rank=nan  bce2f=nan  lr=8.53e-06
  step= 3300  loss=nan  bce4f=nan  rank=nan  bce2f=nan  lr=8.48e-06
  step= 3350  loss=nan  bce4f=nan  rank=nan  bce2f=nan  lr=8.43e-06
  step= 3400  loss=nan  bce4f=nan  rank=nan  bce2f=nan  lr=8.38e-06
  step= 3450  loss=nan  bce4f=nan  rank=nan  bce2f=nan  lr=8.32e-06
  step= 3500  loss=nan  bce4f=nan  rank=nan  bce2f=nan  lr=8.27e-06
  step= 3550  loss=nan  bce4f=nan  rank=nan  bce2f=nan  lr=8.22e-06
  step= 3600  loss=nan  bce4f=nan  rank=nan  bce2f=nan  lr=8.16e-06
  step= 3650  loss=nan  bce4f=nan  rank=nan  bce2f=nan  lr=8.10e-06
  step= 3700  loss=nan  bce4f=nan  rank=nan  bce2f=nan  lr=8.04e-06
  step= 3750  loss=nan  bce4f=nan  rank=nan  bce2f=nan  lr=7.99e-06
  step= 3800  loss=nan  bce4f=nan  rank=nan  bce2f=nan  lr=7.93e-06
  step= 3850  loss=nan  bce4f=nan  rank=nan  bce2f=nan  lr=7.86e-06
  step= 3900  loss=nan  bce4f=nan  rank=nan  bce2f=nan  lr=7.81e-06
  step= 3950  loss=nan  bce4f=nan  rank=nan  bce2f=nan  lr=7.75e-06
  step= 4000  loss=nan  bce4f=nan  rank=nan  bce2f=nan  lr=7.69e-06
  step= 4050  loss=nan  bce4f=nan  rank=nan  bce2f=nan  lr=7.62e-06
  step= 4100  loss=nan  bce4f=nan  rank=nan  bce2f=nan  lr=7.56e-06
  step= 4150  loss=nan  bce4f=nan  rank=nan  bce2f=nan  lr=7.50e-06
  step= 4200  loss=nan  bce4f=nan  rank=nan  bce2f=nan  lr=7.44e-06
  step= 4250  loss=nan  bce4f=nan  rank=nan  bce2f=nan  lr=7.37e-06
  step= 4300  loss=nan  bce4f=nan  rank=nan  bce2f=nan  lr=7.30e-06
  step= 4350  loss=nan  bce4f=nan  rank=nan  bce2f=nan  lr=7.24e-06
  step= 4400  loss=nan  bce4f=nan  rank=nan  bce2f=nan  lr=7.18e-06
  step= 4450  loss=nan  bce4f=nan  rank=nan  bce2f=nan  lr=7.10e-06
  step= 4500  loss=nan  bce4f=nan  rank=nan  bce2f=nan  lr=7.04e-06

[Epoch 2/5 완료]  소요: 162.2분  avg_loss: nan

[Val] exact_match=0.1100 (11/100)  adj_swap_fail=23  other_fail=66

============================================================
Epoch 3/5  시작: 03:26:20
  Effective batch = 1×8×4
============================================================
  step= 4550  loss=nan  bce4f=nan  rank=nan  bce2f=nan  lr=6.97e-06
  step= 4600  loss=nan  bce4f=nan  rank=nan  bce2f=nan  lr=6.90e-06
  step= 4650  loss=nan  bce4f=nan  rank=nan  bce2f=nan  lr=6.83e-06
  step= 4700  loss=nan  bce4f=nan  rank=nan  bce2f=nan  lr=6.76e-06
  step= 4750  loss=nan  bce4f=nan  rank=nan  bce2f=nan  lr=6.69e-06
  step= 4800  loss=nan  bce4f=nan  rank=nan  bce2f=nan  lr=6.63e-06
  step= 4850  loss=nan  bce4f=nan  rank=nan  bce2f=nan  lr=6.55e-06
  step= 4900  loss=nan  bce4f=nan  rank=nan  bce2f=nan  lr=6.48e-06
  step= 4950  loss=nan  bce4f=nan  rank=nan  bce2f=nan  lr=6.42e-06
  step= 5000  loss=nan  bce4f=nan  rank=nan  bce2f=nan  lr=6.35e-06
  step= 5050  loss=nan  bce4f=nan  rank=nan  bce2f=nan  lr=6.27e-06
  step= 5100  loss=nan  bce4f=nan  rank=nan  bce2f=nan  lr=6.20e-06
  step= 5150  loss=nan  bce4f=nan  rank=nan  bce2f=nan  lr=6.13e-06
  step= 5200  loss=nan  bce4f=nan  rank=nan  bce2f=nan  lr=6.07e-06
  step= 5250  loss=nan  bce4f=nan  rank=nan  bce2f=nan  lr=5.99e-06
  step= 5300  loss=nan  bce4f=nan  rank=nan  bce2f=nan  lr=5.92e-06
  step= 5350  loss=nan  bce4f=nan  rank=nan  bce2f=nan  lr=5.85e-06
  step= 5400  loss=nan  bce4f=nan  rank=nan  bce2f=nan  lr=5.78e-06
  step= 5450  loss=nan  bce4f=nan  rank=nan  bce2f=nan  lr=5.70e-06
  step= 5500  loss=nan  bce4f=nan  rank=nan  bce2f=nan  lr=5.63e-06
  step= 5550  loss=nan  bce4f=nan  rank=nan  bce2f=nan  lr=5.56e-06
  step= 5600  loss=nan  bce4f=nan  rank=nan  bce2f=nan  lr=5.49e-06
  step= 5650  loss=nan  bce4f=nan  rank=nan  bce2f=nan  lr=5.41e-06
  step= 5700  loss=nan  bce4f=nan  rank=nan  bce2f=nan  lr=5.34e-06
  step= 5750  loss=nan  bce4f=nan  rank=nan  bce2f=nan  lr=5.27e-06
  step= 5800  loss=nan  bce4f=nan  rank=nan  bce2f=nan  lr=5.20e-06
  step= 5850  loss=nan  bce4f=nan  rank=nan  bce2f=nan  lr=5.12e-06
  step= 5900  loss=nan  bce4f=nan  rank=nan  bce2f=nan  lr=5.05e-06
  step= 5950  loss=nan  bce4f=nan  rank=nan  bce2f=nan  lr=4.98e-06
  step= 6000  loss=nan  bce4f=nan  rank=nan  bce2f=nan  lr=4.91e-06
  step= 6050  loss=nan  bce4f=nan  rank=nan  bce2f=nan  lr=4.82e-06
  step= 6100  loss=nan  bce4f=nan  rank=nan  bce2f=nan  lr=4.75e-06
  step= 6150  loss=nan  bce4f=nan  rank=nan  bce2f=nan  lr=4.68e-06
  step= 6200  loss=nan  bce4f=nan  rank=nan  bce2f=nan  lr=4.61e-06
  step= 6250  loss=nan  bce4f=nan  rank=nan  bce2f=nan  lr=4.53e-06
  step= 6300  loss=nan  bce4f=nan  rank=nan  bce2f=nan  lr=4.46e-06
  step= 6350  loss=nan  bce4f=nan  rank=nan  bce2f=nan  lr=4.39e-06
  step= 6400  loss=nan  bce4f=nan  rank=nan  bce2f=nan  lr=4.32e-06
  step= 6450  loss=nan  bce4f=nan  rank=nan  bce2f=nan  lr=4.24e-06
  step= 6500  loss=nan  bce4f=nan  rank=nan  bce2f=nan  lr=4.17e-06
  step= 6550  loss=nan  bce4f=nan  rank=nan  bce2f=nan  lr=4.10e-06
  step= 6600  loss=nan  bce4f=nan  rank=nan  bce2f=nan  lr=4.03e-06
  step= 6650  loss=nan  bce4f=nan  rank=nan  bce2f=nan  lr=3.95e-06
  step= 6700  loss=nan  bce4f=nan  rank=nan  bce2f=nan  lr=3.89e-06
  step= 6750  loss=nan  bce4f=nan  rank=nan  bce2f=nan  lr=3.82e-06

[Epoch 3/5 완료]  소요: 162.1분  avg_loss: nan

[Val] exact_match=0.1100 (11/100)  adj_swap_fail=23  other_fail=66

============================================================
Epoch 4/5  시작: 06:13:52
  Effective batch = 1×8×4
============================================================
  step= 6800  loss=nan  bce4f=nan  rank=nan  bce2f=nan  lr=3.74e-06
  step= 6850  loss=nan  bce4f=nan  rank=nan  bce2f=nan  lr=3.67e-06
  step= 6900  loss=nan  bce4f=nan  rank=nan  bce2f=nan  lr=3.59e-06
  step= 6950  loss=nan  bce4f=nan  rank=nan  bce2f=nan  lr=3.53e-06
  step= 7000  loss=nan  bce4f=nan  rank=nan  bce2f=nan  lr=3.46e-06
  step= 7050  loss=nan  bce4f=nan  rank=nan  bce2f=nan  lr=3.39e-06
  step= 7100  loss=nan  bce4f=nan  rank=nan  bce2f=nan  lr=3.31e-06
  step= 7150  loss=nan  bce4f=nan  rank=nan  bce2f=nan  lr=3.25e-06
  step= 7200  loss=nan  bce4f=nan  rank=nan  bce2f=nan  lr=3.18e-06
  step= 7250  loss=nan  bce4f=nan  rank=nan  bce2f=nan  lr=3.12e-06
  step= 7300  loss=nan  bce4f=nan  rank=nan  bce2f=nan  lr=3.04e-06
  step= 7350  loss=nan  bce4f=nan  rank=nan  bce2f=nan  lr=2.98e-06
  step= 7400  loss=nan  bce4f=nan  rank=nan  bce2f=nan  lr=2.91e-06
  step= 7450  loss=nan  bce4f=nan  rank=nan  bce2f=nan  lr=2.85e-06
  step= 7500  loss=nan  bce4f=nan  rank=nan  bce2f=nan  lr=2.78e-06
  step= 7550  loss=nan  bce4f=nan  rank=nan  bce2f=nan  lr=2.71e-06
  step= 7600  loss=nan  bce4f=nan  rank=nan  bce2f=nan  lr=2.65e-06
  step= 7650  loss=nan  bce4f=nan  rank=nan  bce2f=nan  lr=2.59e-06
  step= 7700  loss=nan  bce4f=nan  rank=nan  bce2f=nan  lr=2.52e-06
  step= 7750  loss=nan  bce4f=nan  rank=nan  bce2f=nan  lr=2.46e-06
  step= 7800  loss=nan  bce4f=nan  rank=nan  bce2f=nan  lr=2.40e-06
  step= 7850  loss=nan  bce4f=nan  rank=nan  bce2f=nan  lr=2.34e-06
  step= 7900  loss=nan  bce4f=nan  rank=nan  bce2f=nan  lr=2.27e-06
  step= 7950  loss=nan  bce4f=nan  rank=nan  bce2f=nan  lr=2.21e-06
  step= 8000  loss=nan  bce4f=nan  rank=nan  bce2f=nan  lr=2.15e-06
  step= 8050  loss=nan  bce4f=nan  rank=nan  bce2f=nan  lr=2.10e-06
  step= 8100  loss=nan  bce4f=nan  rank=nan  bce2f=nan  lr=2.03e-06
  step= 8150  loss=nan  bce4f=nan  rank=nan  bce2f=nan  lr=1.97e-06
  step= 8200  loss=nan  bce4f=nan  rank=nan  bce2f=nan  lr=1.92e-06
  step= 8250  loss=nan  bce4f=nan  rank=nan  bce2f=nan  lr=1.86e-06
  step= 8300  loss=nan  bce4f=nan  rank=nan  bce2f=nan  lr=1.80e-06
  step= 8350  loss=nan  bce4f=nan  rank=nan  bce2f=nan  lr=1.75e-06
  step= 8400  loss=nan  bce4f=nan  rank=nan  bce2f=nan  lr=1.69e-06
  step= 8450  loss=nan  bce4f=nan  rank=nan  bce2f=nan  lr=1.64e-06
  step= 8500  loss=nan  bce4f=nan  rank=nan  bce2f=nan  lr=1.58e-06
  step= 8550  loss=nan  bce4f=nan  rank=nan  bce2f=nan  lr=1.53e-06
  step= 8600  loss=nan  bce4f=nan  rank=nan  bce2f=nan  lr=1.48e-06
  step= 8650  loss=nan  bce4f=nan  rank=nan  bce2f=nan  lr=1.43e-06
  step= 8700  loss=nan  bce4f=nan  rank=nan  bce2f=nan  lr=1.37e-06
  step= 8750  loss=nan  bce4f=nan  rank=nan  bce2f=nan  lr=1.33e-06
  step= 8800  loss=nan  bce4f=nan  rank=nan  bce2f=nan  lr=1.28e-06
  step= 8850  loss=nan  bce4f=nan  rank=nan  bce2f=nan  lr=1.23e-06
  step= 8900  loss=nan  bce4f=nan  rank=nan  bce2f=nan  lr=1.18e-06
  step= 8950  loss=nan  bce4f=nan  rank=nan  bce2f=nan  lr=1.13e-06
  step= 9000  loss=nan  bce4f=nan  rank=nan  bce2f=nan  lr=1.09e-06
  step= 9050  loss=nan  bce4f=nan  rank=nan  bce2f=nan  lr=1.05e-06

[Epoch 4/5 완료]  소요: 162.6분  avg_loss: nan

[Val] exact_match=0.1100 (11/100)  adj_swap_fail=23  other_fail=66

============================================================
Epoch 5/5  시작: 09:02:00
  Effective batch = 1×8×4
============================================================
  step= 9100  loss=nan  bce4f=nan  rank=nan  bce2f=nan  lr=9.91e-07
  step= 9150  loss=nan  bce4f=nan  rank=nan  bce2f=nan  lr=9.49e-07
  step= 9200  loss=nan  bce4f=nan  rank=nan  bce2f=nan  lr=9.08e-07
  step= 9250  loss=nan  bce4f=nan  rank=nan  bce2f=nan  lr=8.68e-07
  step= 9300  loss=nan  bce4f=nan  rank=nan  bce2f=nan  lr=8.23e-07
  step= 9350  loss=nan  bce4f=nan  rank=nan  bce2f=nan  lr=7.85e-07
  step= 9400  loss=nan  bce4f=nan  rank=nan  bce2f=nan  lr=7.48e-07
  step= 9450  loss=nan  bce4f=nan  rank=nan  bce2f=nan  lr=7.11e-07
  step= 9500  loss=nan  bce4f=nan  rank=nan  bce2f=nan  lr=6.70e-07
  step= 9550  loss=nan  bce4f=nan  rank=nan  bce2f=nan  lr=6.35e-07
  step= 9600  loss=nan  bce4f=nan  rank=nan  bce2f=nan  lr=6.01e-07
  step= 9650  loss=nan  bce4f=nan  rank=nan  bce2f=nan  lr=5.68e-07
  step= 9700  loss=nan  bce4f=nan  rank=nan  bce2f=nan  lr=5.31e-07
  step= 9750  loss=nan  bce4f=nan  rank=nan  bce2f=nan  lr=5.00e-07
  step= 9800  loss=nan  bce4f=nan  rank=nan  bce2f=nan  lr=4.70e-07
  step= 9850  loss=nan  bce4f=nan  rank=nan  bce2f=nan  lr=4.41e-07
  step= 9900  loss=nan  bce4f=nan  rank=nan  bce2f=nan  lr=4.08e-07
  step= 9950  loss=nan  bce4f=nan  rank=nan  bce2f=nan  lr=3.80e-07
  step=10000  loss=nan  bce4f=nan  rank=nan  bce2f=nan  lr=3.54e-07
  step=10050  loss=nan  bce4f=nan  rank=nan  bce2f=nan  lr=3.29e-07
  step=10100  loss=nan  bce4f=nan  rank=nan  bce2f=nan  lr=3.00e-07
  step=10150  loss=nan  bce4f=nan  rank=nan  bce2f=nan  lr=2.77e-07
  step=10200  loss=nan  bce4f=nan  rank=nan  bce2f=nan  lr=2.54e-07
  step=10250  loss=nan  bce4f=nan  rank=nan  bce2f=nan  lr=2.33e-07
  step=10300  loss=nan  bce4f=nan  rank=nan  bce2f=nan  lr=2.08e-07
  step=10350  loss=nan  bce4f=nan  rank=nan  bce2f=nan  lr=1.89e-07
  step=10400  loss=nan  bce4f=nan  rank=nan  bce2f=nan  lr=1.70e-07
  step=10450  loss=nan  bce4f=nan  rank=nan  bce2f=nan  lr=1.53e-07
  step=10500  loss=nan  bce4f=nan  rank=nan  bce2f=nan  lr=1.33e-07
  step=10550  loss=nan  bce4f=nan  rank=nan  bce2f=nan  lr=1.18e-07
  step=10600  loss=nan  bce4f=nan  rank=nan  bce2f=nan  lr=1.03e-07
  step=10650  loss=nan  bce4f=nan  rank=nan  bce2f=nan  lr=8.93e-08
  step=10700  loss=nan  bce4f=nan  rank=nan  bce2f=nan  lr=7.46e-08
