Job: 226193  Node: node25  Started: Fri Jul  3 13:50:33 KST 2026
0, NVIDIA H100 80GB HBM3, 81559 MiB
1, NVIDIA H100 80GB HBM3, 81559 MiB
2, NVIDIA H100 80GB HBM3, 81559 MiB
3, NVIDIA H100 80GB HBM3, 81559 MiB
[v4] Processes=4  Device=cuda:0
  lora_r=64  lora_alpha=128  lr=1e-05
  Loss: AdaptiveDistanceLoss (all 23 perms, d=1..6 fully covered)
  [data] ordered groups: 7658 (8 samples each)  no_ordering groups: 1401×5=7005  total rows: 68269
Train groups: 14663  Total rows: 68269
Loading processor...
Loading processor...
Loading processor...
Loading processor...
Loading model (Qwen2_5_VLForConditionalGeneration, bf16, attn=flash_attention_2)...
Loading model (Qwen2_5_VLForConditionalGeneration, bf16, attn=flash_attention_2)...
  -> flash_attention_2 skipped: FlashAttention2 has been toggled on, but it cannot be used due to the following error: the package for FlashAttention2 doesn't seem to be installed.
Loading model (Qwen2_5_VLForConditionalGeneration, bf16, attn=sdpa)...
  -> flash_attention_2 skipped: FlashAttention2 has been toggled on, but it cannot be used due to the following error: the package for FlashAttention2 doesn't seem to be installed.
Loading model (Qwen2_5_VLForConditionalGeneration, bf16, attn=sdpa)...
Loading model (Qwen2_5_VLForConditionalGeneration, bf16, attn=flash_attention_2)...
Loading model (Qwen2_5_VLForConditionalGeneration, bf16, attn=flash_attention_2)...
  -> flash_attention_2 skipped: FlashAttention2 has been toggled on, but it cannot be used due to the following error: the package for FlashAttention2 doesn't seem to be installed.
Loading model (Qwen2_5_VLForConditionalGeneration, bf16, attn=sdpa)...
  -> flash_attention_2 skipped: FlashAttention2 has been toggled on, but it cannot be used due to the following error: the package for FlashAttention2 doesn't seem to be installed.
Loading model (Qwen2_5_VLForConditionalGeneration, bf16, attn=sdpa)...
  -> sdpa OK
  -> sdpa OK
  -> sdpa OK
  -> sdpa OK
trainable params: 190,357,504 || all params: 8,482,524,160 || trainable%: 2.2441
trainable params: 190,357,504 || all params: 8,482,524,160 || trainable%: 2.2441
trainable params: 190,357,504 || all params: 8,482,524,160 || trainable%: 2.2441
trainable params: 190,357,504 || all params: 8,482,524,160 || trainable%: 2.2441

============================================================
Epoch 1/5  시작: 13:50:57
  Effective batch = 1×8×4
============================================================
  step=   50  loss=0.6950  no_ord=0.0000  lr=5.24e-07  w=[0.174,0.166,0.170,0.163,0.163,0.164]  L=[0.238,0.004,0.055,0.974,0.826,0.009]
  step=  100  loss=0.8737  no_ord=0.0000  lr=1.05e-06  w=[0.176,0.174,0.167,0.163,0.165,0.155]  L=[0.760,0.826,0.348,0.348,0.576,0.313]
  step=  150  loss=0.8200  no_ord=5.7532  lr=1.57e-06  w=[0.177,0.166,0.170,0.175,0.165,0.146]  L=[nan,nan,nan,nan,nan,nan]
  step=  200  loss=0.8644  no_ord=1.2234  lr=2.18e-06  w=[0.181,0.168,0.173,0.170,0.160,0.148]  L=[nan,nan,nan,nan,nan,nan]
  step=  250  loss=0.8278  no_ord=0.0000  lr=2.71e-06  w=[0.183,0.170,0.170,0.174,0.157,0.146]  L=[0.342,0.030,0.089,0.070,0.043,0.079]
  step=  300  loss=0.7628  no_ord=1.3133  lr=3.23e-06  w=[0.188,0.173,0.163,0.170,0.158,0.148]  L=[nan,nan,nan,nan,nan,nan]
  step=  350  loss=0.7004  no_ord=0.0000  lr=3.76e-06  w=[0.195,0.164,0.161,0.169,0.163,0.148]  L=[0.663,0.429,0.387,0.633,0.576,0.474]
  step=  400  loss=0.6408  no_ord=0.0041  lr=4.37e-06  w=[0.195,0.165,0.161,0.167,0.163,0.149]  L=[nan,nan,nan,nan,nan,nan]
  step=  450  loss=0.5879  no_ord=0.0000  lr=4.89e-06  w=[0.194,0.169,0.163,0.166,0.162,0.146]  L=[0.667,0.225,0.387,0.633,0.898,0.633]
  step=  500  loss=0.5506  no_ord=0.0000  lr=5.41e-06  w=[0.191,0.168,0.166,0.172,0.158,0.146]  L=[0.287,0.010,0.089,0.030,0.034,0.013]
  step=  550  loss=0.5166  no_ord=0.0000  lr=5.94e-06  w=[0.192,0.166,0.168,0.171,0.156,0.146]  L=[0.184,0.023,0.252,1.805,0.006,0.005]
  step=  600  loss=0.4977  no_ord=0.0000  lr=6.55e-06  w=[0.181,0.174,0.168,0.178,0.155,0.144]  L=[0.153,0.002,0.000,0.000,0.000,0.000]
  step=  650  loss=0.4836  no_ord=0.0000  lr=7.07e-06  w=[0.176,0.163,0.167,0.186,0.158,0.149]  L=[1.932,2.695,0.898,2.238,0.898,1.910]
  step=  700  loss=0.4635  no_ord=0.0000  lr=7.60e-06  w=[0.183,0.175,0.162,0.178,0.156,0.147]  L=[3.715,6.377,0.348,1.910,2.238,2.018]
  step=  750  loss=0.4469  no_ord=0.0000  lr=8.12e-06  w=[0.187,0.175,0.154,0.173,0.161,0.149]  L=[0.143,0.089,0.429,0.180,0.633,0.252]
  step=  800  loss=0.4360  no_ord=0.0000  lr=8.73e-06  w=[0.177,0.171,0.152,0.170,0.168,0.161]  L=[1.190,1.054,0.693,0.898,0.758,1.313]
  step=  850  loss=0.4194  no_ord=0.0000  lr=9.26e-06  w=[0.182,0.167,0.151,0.167,0.169,0.164]  L=[0.002,0.002,0.001,0.003,0.001,0.001]
  step=  900  loss=0.4044  no_ord=0.0004  lr=9.78e-06  w=[0.179,0.166,0.153,0.173,0.166,0.162]  L=[nan,nan,nan,nan,nan,nan]
  step=  950  loss=0.3896  no_ord=0.0000  lr=1.00e-05  w=[0.180,0.167,0.150,0.179,0.167,0.156]  L=[1.179,1.406,1.406,0.633,2.018,3.773]
  step= 1000  loss=0.3773  no_ord=0.0000  lr=1.00e-05  w=[0.173,0.151,0.168,0.161,0.171,0.176]  L=[1.360,0.898,1.406,0.826,0.576,0.348]
  step= 1050  loss=0.3685  no_ord=0.0000  lr=1.00e-05  w=[0.179,0.147,0.169,0.157,0.163,0.186]  L=[nan,nan,nan,nan,nan,nan]
  step= 1100  loss=0.3626  no_ord=0.0000  lr=1.00e-05  w=[0.183,0.153,0.183,0.155,0.156,0.171]  L=[nan,nan,nan,nan,nan,nan]
  step= 1150  loss=0.3531  no_ord=0.0000  lr=1.00e-05  w=[0.186,0.148,0.173,0.163,0.163,0.167]  L=[0.111,0.143,0.693,0.143,0.160,0.281]
  step= 1200  loss=0.3427  no_ord=0.0000  lr=9.99e-06  w=[0.192,0.148,0.171,0.158,0.162,0.168]  L=[nan,nan,nan,nan,nan,nan]
  step= 1250  loss=0.3343  no_ord=0.0000  lr=9.99e-06  w=[0.183,0.153,0.169,0.153,0.166,0.176]  L=[0.002,0.000,0.000,0.011,0.002,0.001]
  step= 1300  loss=0.3276  no_ord=0.0000  lr=9.99e-06  w=[0.178,0.148,0.178,0.153,0.162,0.180]  L=[nan,nan,nan,nan,nan,nan]
  step= 1350  loss=0.3222  no_ord=0.0000  lr=9.99e-06  w=[0.177,0.154,0.168,0.145,0.166,0.190]  L=[nan,nan,nan,nan,nan,nan]
  step= 1400  loss=0.3151  no_ord=0.0000  lr=9.98e-06  w=[0.185,0.147,0.169,0.148,0.166,0.185]  L=[0.001,0.000,0.000,0.003,0.000,0.000]
  step= 1450  loss=0.3087  no_ord=0.0000  lr=9.98e-06  w=[0.186,0.149,0.171,0.150,0.165,0.179]  L=[0.017,0.000,0.000,0.000,0.000,0.000]
  step= 1500  loss=0.3040  no_ord=0.0002  lr=9.97e-06  w=[0.185,0.160,0.171,0.147,0.172,0.166]  L=[nan,nan,nan,nan,nan,nan]
  step= 1550  loss=0.2980  no_ord=0.0000  lr=9.97e-06  w=[0.185,0.149,0.173,0.146,0.180,0.167]  L=[0.449,0.281,0.009,0.001,0.387,0.143]
  step= 1600  loss=0.2943  no_ord=0.0000  lr=9.96e-06  w=[0.182,0.159,0.164,0.144,0.181,0.170]  L=[nan,nan,nan,nan,nan,nan]
  step= 1650  loss=0.2906  no_ord=0.0000  lr=9.96e-06  w=[0.180,0.158,0.168,0.148,0.173,0.173]  L=[0.102,0.021,0.010,0.005,0.127,0.127]
  step= 1700  loss=0.2849  no_ord=0.0000  lr=9.95e-06  w=[0.191,0.152,0.163,0.146,0.169,0.179]  L=[0.015,0.003,0.000,0.000,0.000,0.002]
  step= 1750  loss=0.2792  no_ord=0.0000  lr=9.94e-06  w=[0.186,0.152,0.160,0.163,0.169,0.169]  L=[0.024,0.023,0.002,0.004,0.011,0.026]
  step= 1800  loss=0.2748  no_ord=0.0010  lr=9.94e-06  w=[0.181,0.153,0.159,0.172,0.172,0.163]  L=[nan,nan,nan,nan,nan,nan]
  step= 1850  loss=0.2726  no_ord=0.0032  lr=9.93e-06  w=[0.174,0.151,0.158,0.193,0.172,0.151]  L=[nan,nan,nan,nan,nan,nan]
  step= 1900  loss=0.2691  no_ord=0.0067  lr=9.92e-06  w=[0.179,0.147,0.162,0.191,0.169,0.152]  L=[nan,nan,nan,nan,nan,nan]
  step= 1950  loss=0.2657  no_ord=0.0022  lr=9.91e-06  w=[0.178,0.147,0.167,0.193,0.164,0.150]  L=[nan,nan,nan,nan,nan,nan]
  step= 2000  loss=0.2614  no_ord=0.0001  lr=9.90e-06  w=[0.186,0.148,0.164,0.186,0.165,0.152]  L=[nan,nan,nan,nan,nan,nan]
  step= 2050  loss=0.2590  no_ord=0.0002  lr=9.90e-06  w=[0.182,0.149,0.160,0.193,0.160,0.156]  L=[nan,nan,nan,nan,nan,nan]
  step= 2100  loss=0.2555  no_ord=0.0000  lr=9.89e-06  w=[0.190,0.154,0.157,0.179,0.161,0.158]  L=[0.361,0.180,0.633,0.281,0.429,1.600]
  step= 2150  loss=0.2521  no_ord=0.0010  lr=9.88e-06  w=[0.193,0.152,0.157,0.177,0.165,0.158]  L=[nan,nan,nan,nan,nan,nan]
  step= 2200  loss=0.2500  no_ord=0.0000  lr=9.87e-06  w=[0.181,0.145,0.178,0.170,0.169,0.157]  L=[0.053,0.000,0.313,0.043,0.001,0.002]
  step= 2250  loss=0.2484  no_ord=0.0000  lr=9.86e-06  w=[0.183,0.158,0.181,0.174,0.160,0.144]  L=[0.169,0.100,0.252,0.387,0.758,1.223]
  step= 2300  loss=0.2455  no_ord=0.0000  lr=9.85e-06  w=[0.185,0.152,0.177,0.174,0.161,0.152]  L=[nan,nan,nan,nan,nan,nan]
  step= 2350  loss=0.2437  no_ord=0.0000  lr=9.83e-06  w=[0.190,0.152,0.175,0.174,0.160,0.148]  L=[0.142,0.000,0.000,0.000,0.000,0.000]
  step= 2400  loss=0.2403  no_ord=0.0004  lr=9.82e-06  w=[0.185,0.153,0.171,0.173,0.168,0.149]  L=[nan,nan,nan,nan,nan,nan]
  step= 2450  loss=0.2390  no_ord=0.0000  lr=9.81e-06  w=[0.192,0.171,0.159,0.165,0.166,0.147]  L=[nan,nan,nan,nan,nan,nan]
  step= 2500  loss=0.2375  no_ord=0.0000  lr=9.80e-06  w=[0.194,0.179,0.163,0.155,0.163,0.146]  L=[0.640,0.633,0.523,0.313,0.348,0.523]
  step= 2550  loss=0.2347  no_ord=0.0003  lr=9.79e-06  w=[0.191,0.181,0.160,0.155,0.164,0.150]  L=[nan,nan,nan,nan,nan,nan]
  step= 2600  loss=0.2349  no_ord=0.0000  lr=9.77e-06  w=[0.191,0.187,0.145,0.161,0.166,0.150]  L=[0.000,0.000,0.201,0.000,0.000,0.000]
  step= 2650  loss=0.2341  no_ord=0.0000  lr=9.76e-06  w=[0.189,0.188,0.156,0.156,0.168,0.143]  L=[0.421,5.131,0.014,0.576,0.576,1.502]
  step= 2700  loss=0.2336  no_ord=0.0000  lr=9.74e-06  w=[0.185,0.198,0.152,0.152,0.162,0.150]  L=[0.126,0.002,0.000,0.001,0.002,0.005]
  step= 2750  loss=0.2321  no_ord=0.0001  lr=9.73e-06  w=[0.194,0.192,0.150,0.152,0.161,0.151]  L=[nan,nan,nan,nan,nan,nan]
  step= 2800  loss=0.2310  no_ord=0.0000  lr=9.71e-06  w=[0.191,0.179,0.152,0.159,0.170,0.150]  L=[nan,nan,nan,nan,nan,nan]
  step= 2850  loss=0.2277  no_ord=0.0000  lr=9.70e-06  w=[0.188,0.179,0.156,0.158,0.168,0.150]  L=[nan,nan,nan,nan,nan,nan]
  step= 2900  loss=0.2252  no_ord=0.0000  lr=9.68e-06  w=[0.189,0.172,0.159,0.158,0.169,0.153]  L=[0.003,0.000,0.000,0.000,0.000,0.000]
  step= 2950  loss=0.2241  no_ord=0.0000  lr=9.67e-06  w=[0.191,0.161,0.160,0.157,0.160,0.169]  L=[0.509,0.297,0.633,0.001,0.000,0.030]
  step= 3000  loss=0.2237  no_ord=0.0000  lr=9.65e-06  w=[0.196,0.173,0.162,0.163,0.152,0.154]  L=[0.429,3.168,0.633,2.579,0.070,0.313]
  step= 3050  loss=0.2238  no_ord=0.0001  lr=9.63e-06  w=[0.193,0.158,0.155,0.158,0.177,0.159]  L=[nan,nan,nan,nan,nan,nan]
  step= 3100  loss=0.2236  no_ord=0.0000  lr=9.62e-06  w=[0.189,0.161,0.150,0.167,0.173,0.159]  L=[nan,nan,nan,nan,nan,nan]
  step= 3150  loss=0.2216  no_ord=0.0000  lr=9.60e-06  w=[0.188,0.168,0.159,0.163,0.166,0.156]  L=[0.006,0.000,0.000,0.000,0.000,0.000]
  step= 3200  loss=0.2203  no_ord=0.0000  lr=9.58e-06  w=[0.184,0.158,0.162,0.166,0.167,0.162]  L=[0.040,0.038,0.070,0.014,0.038,0.826]
  step= 3250  loss=0.2186  no_ord=0.0000  lr=9.56e-06  w=[0.189,0.163,0.166,0.160,0.162,0.160]  L=[0.604,0.758,1.137,0.281,0.313,0.348]
  step= 3300  loss=0.2181  no_ord=0.0000  lr=9.55e-06  w=[0.181,0.162,0.166,0.157,0.160,0.175]  L=[0.850,0.348,0.225,0.252,1.054,1.313]
  step= 3350  loss=0.2180  no_ord=0.0000  lr=9.53e-06  w=[0.177,0.168,0.159,0.155,0.168,0.173]  L=[0.929,0.013,0.005,0.011,0.002,0.018]
  step= 3400  loss=0.2186  no_ord=0.0000  lr=9.51e-06  w=[0.189,0.181,0.162,0.143,0.162,0.163]  L=[0.474,0.523,0.693,0.576,0.429,0.633]
  step= 3450  loss=0.2168  no_ord=0.0000  lr=9.49e-06  w=[0.185,0.172,0.163,0.147,0.165,0.168]  L=[nan,nan,nan,nan,nan,nan]
  step= 3500  loss=0.2159  no_ord=0.0000  lr=9.47e-06  w=[0.180,0.166,0.172,0.148,0.169,0.164]  L=[0.435,0.026,0.070,0.693,0.127,0.127]
  step= 3550  loss=0.2149  no_ord=0.0000  lr=9.45e-06  w=[0.181,0.166,0.169,0.151,0.170,0.163]  L=[nan,nan,nan,nan,nan,nan]
  step= 3600  loss=0.2140  no_ord=0.0000  lr=9.42e-06  w=[0.182,0.164,0.175,0.153,0.166,0.160]  L=[0.053,0.000,0.000,0.000,0.000,0.000]
  step= 3650  loss=0.2137  no_ord=0.0000  lr=9.40e-06  w=[0.183,0.164,0.176,0.146,0.170,0.161]  L=[0.908,0.055,0.070,0.018,0.030,0.049]

[Epoch 1/5 완료]  소요: 182.8분  avg_loss: 0.2130

[Val] exact_match=0.5000 (238/476)  adj_swap_fail=66  other_fail=172
  ★ Best saved (val_acc=0.5000)
  → Last saved to best_v4_last

============================================================
Epoch 2/5  시작: 17:15:29
  Effective batch = 1×8×4
============================================================
  step= 3700  loss=0.0836  no_ord=0.0000  lr=9.38e-06  w=[0.186,0.161,0.174,0.144,0.174,0.163]  L=[nan,nan,nan,nan,nan,nan]
  step= 3750  loss=0.1278  no_ord=0.0000  lr=9.36e-06  w=[0.176,0.160,0.179,0.150,0.167,0.168]  L=[nan,nan,nan,nan,nan,nan]
  step= 3800  loss=0.1297  no_ord=0.0000  lr=9.34e-06  w=[0.177,0.154,0.175,0.158,0.165,0.171]  L=[0.000,0.000,0.000,0.000,0.000,0.000]
  step= 3850  loss=0.1325  no_ord=0.0000  lr=9.31e-06  w=[0.170,0.161,0.172,0.161,0.165,0.171]  L=[nan,nan,nan,nan,nan,nan]
  step= 3900  loss=0.1602  no_ord=0.0000  lr=9.29e-06  w=[0.168,0.150,0.168,0.168,0.169,0.177]  L=[nan,nan,nan,nan,nan,nan]
  step= 3950  loss=0.1409  no_ord=0.0000  lr=9.27e-06  w=[0.176,0.151,0.164,0.164,0.172,0.171]  L=[nan,nan,nan,nan,nan,nan]
  step= 4000  loss=0.1492  no_ord=0.0000  lr=9.25e-06  w=[0.180,0.167,0.151,0.160,0.169,0.172]  L=[nan,nan,nan,nan,nan,nan]
  step= 4050  loss=0.1541  no_ord=0.0000  lr=9.22e-06  w=[0.185,0.161,0.154,0.165,0.164,0.171]  L=[0.141,1.223,0.113,0.043,0.062,0.160]
  step= 4100  loss=0.1475  no_ord=0.0000  lr=9.19e-06  w=[0.188,0.167,0.150,0.163,0.163,0.170]  L=[0.001,0.000,0.000,0.004,0.018,0.000]
  step= 4150  loss=0.1560  no_ord=0.0000  lr=9.17e-06  w=[0.186,0.174,0.160,0.161,0.161,0.158]  L=[0.429,0.348,0.313,0.127,0.201,0.313]
  step= 4200  loss=0.1576  no_ord=0.0000  lr=9.15e-06  w=[0.184,0.173,0.162,0.158,0.166,0.157]  L=[0.184,0.000,0.000,0.000,0.013,0.011]
  step= 4250  loss=0.1588  no_ord=0.0000  lr=9.12e-06  w=[0.193,0.173,0.154,0.165,0.154,0.161]  L=[nan,nan,nan,nan,nan,nan]
  step= 4300  loss=0.1611  no_ord=0.0000  lr=9.09e-06  w=[0.186,0.180,0.153,0.167,0.156,0.157]  L=[nan,nan,nan,nan,nan,nan]
  step= 4350  loss=0.1663  no_ord=0.0000  lr=9.07e-06  w=[0.173,0.163,0.165,0.170,0.166,0.163]  L=[1.019,1.313,1.502,1.502,2.127,0.898]
  step= 4400  loss=0.1670  no_ord=0.0000  lr=9.04e-06  w=[0.163,0.170,0.159,0.165,0.180,0.164]  L=[0.338,0.023,0.049,0.079,0.038,0.062]
  step= 4450  loss=0.1699  no_ord=0.0000  lr=9.01e-06  w=[0.176,0.156,0.156,0.158,0.193,0.161]  L=[0.019,0.001,0.000,0.000,0.000,0.000]
  step= 4500  loss=0.1702  no_ord=0.0000  lr=8.99e-06  w=[0.177,0.156,0.157,0.154,0.187,0.170]  L=[nan,nan,nan,nan,nan,nan]
  step= 4550  loss=0.1675  no_ord=0.0002  lr=8.96e-06  w=[0.177,0.160,0.158,0.151,0.180,0.174]  L=[nan,nan,nan,nan,nan,nan]
  step= 4600  loss=0.1684  no_ord=0.0000  lr=8.93e-06  w=[0.182,0.155,0.164,0.149,0.178,0.172]  L=[nan,nan,nan,nan,nan,nan]
  step= 4650  loss=0.1676  no_ord=0.0000  lr=8.90e-06  w=[0.188,0.160,0.159,0.150,0.178,0.165]  L=[0.885,0.089,0.021,0.429,0.062,0.018]
  step= 4700  loss=0.1668  no_ord=0.0000  lr=8.88e-06  w=[0.193,0.162,0.161,0.152,0.173,0.158]  L=[0.046,0.030,0.049,0.070,0.049,0.079]
  step= 4750  loss=0.1647  no_ord=0.0000  lr=8.85e-06  w=[0.197,0.160,0.155,0.156,0.176,0.156]  L=[1.264,0.576,0.974,2.127,0.974,1.223]
  step= 4800  loss=0.1641  no_ord=0.0000  lr=8.82e-06  w=[0.199,0.166,0.165,0.155,0.168,0.147]  L=[0.008,0.000,0.000,0.000,0.000,0.000]
  step= 4850  loss=0.1630  no_ord=0.0000  lr=8.79e-06  w=[0.197,0.164,0.165,0.152,0.169,0.153]  L=[nan,nan,nan,nan,nan,nan]
  step= 4900  loss=0.1650  no_ord=0.0000  lr=8.76e-06  w=[0.190,0.166,0.165,0.148,0.169,0.162]  L=[0.616,0.898,1.313,0.898,0.633,1.406]
  step= 4950  loss=0.1623  no_ord=0.0000  lr=8.73e-06  w=[0.185,0.164,0.168,0.148,0.168,0.168]  L=[nan,nan,nan,nan,nan,nan]
  step= 5000  loss=0.1633  no_ord=0.0000  lr=8.70e-06  w=[0.186,0.180,0.163,0.155,0.159,0.157]  L=[0.004,0.000,0.000,0.000,0.000,0.001]
  step= 5050  loss=0.1660  no_ord=0.0004  lr=8.67e-06  w=[0.177,0.158,0.167,0.155,0.173,0.170]  L=[nan,nan,nan,nan,nan,nan]
  step= 5100  loss=0.1623  no_ord=0.0000  lr=8.64e-06  w=[0.180,0.154,0.167,0.156,0.175,0.168]  L=[0.009,0.089,0.023,0.000,0.003,0.000]
  step= 5150  loss=0.1604  no_ord=0.0000  lr=8.61e-06  w=[0.189,0.157,0.162,0.157,0.168,0.166]  L=[0.184,0.000,0.000,0.000,0.000,0.407]
  step= 5200  loss=0.1588  no_ord=0.0000  lr=8.58e-06  w=[0.182,0.149,0.165,0.153,0.164,0.188]  L=[0.068,0.127,0.026,0.011,0.002,0.004]
  step= 5250  loss=0.1588  no_ord=0.0000  lr=8.54e-06  w=[0.191,0.145,0.174,0.154,0.157,0.178]  L=[nan,nan,nan,nan,nan,nan]
  step= 5300  loss=0.1570  no_ord=0.0000  lr=8.51e-06  w=[0.191,0.146,0.172,0.152,0.158,0.180]  L=[nan,nan,nan,nan,nan,nan]
  step= 5350  loss=0.1573  no_ord=0.0000  lr=8.48e-06  w=[0.188,0.143,0.184,0.157,0.157,0.171]  L=[nan,nan,nan,nan,nan,nan]
  step= 5400  loss=0.1557  no_ord=0.0000  lr=8.45e-06  w=[0.188,0.153,0.172,0.157,0.159,0.172]  L=[0.006,0.001,0.000,0.000,0.000,0.000]
  step= 5450  loss=0.1537  no_ord=0.0000  lr=8.41e-06  w=[0.186,0.152,0.164,0.158,0.160,0.179]  L=[0.221,0.113,0.062,0.281,0.826,0.143]
  step= 5500  loss=0.1547  no_ord=0.0002  lr=8.38e-06  w=[0.192,0.153,0.156,0.151,0.165,0.183]  L=[nan,nan,nan,nan,nan,nan]
  step= 5550  loss=0.1548  no_ord=0.0000  lr=8.35e-06  w=[0.207,0.150,0.161,0.147,0.161,0.174]  L=[0.007,0.021,0.003,0.004,0.002,0.180]
  step= 5600  loss=0.1538  no_ord=0.0000  lr=8.32e-06  w=[0.198,0.146,0.168,0.144,0.171,0.174]  L=[nan,nan,nan,nan,nan,nan]
  step= 5650  loss=0.1528  no_ord=0.0000  lr=8.28e-06  w=[0.194,0.143,0.164,0.147,0.176,0.177]  L=[nan,nan,nan,nan,nan,nan]
  step= 5700  loss=0.1518  no_ord=0.0000  lr=8.25e-06  w=[0.186,0.154,0.163,0.147,0.177,0.172]  L=[0.011,0.000,0.000,0.000,0.000,0.000]
  step= 5750  loss=0.1516  no_ord=0.0000  lr=8.21e-06  w=[0.188,0.160,0.162,0.153,0.167,0.169]  L=[1.135,1.137,0.576,0.049,0.143,0.180]
  step= 5800  loss=0.1496  no_ord=0.0000  lr=8.18e-06  w=[0.193,0.158,0.165,0.152,0.164,0.168]  L=[1.202,1.701,0.000,0.474,0.043,0.000]
  step= 5850  loss=0.1479  no_ord=0.0000  lr=8.14e-06  w=[0.195,0.159,0.164,0.153,0.167,0.162]  L=[nan,nan,nan,nan,nan,nan]
  step= 5900  loss=0.1468  no_ord=0.0000  lr=8.11e-06  w=[0.191,0.152,0.176,0.153,0.169,0.158]  L=[nan,nan,nan,nan,nan,nan]
  step= 5950  loss=0.1491  no_ord=0.0000  lr=8.07e-06  w=[0.194,0.156,0.190,0.155,0.170,0.135]  L=[nan,nan,nan,nan,nan,nan]
  step= 6000  loss=0.1493  no_ord=0.0000  lr=8.04e-06  w=[0.199,0.151,0.172,0.150,0.187,0.141]  L=[nan,nan,nan,nan,nan,nan]
  step= 6050  loss=0.1501  no_ord=0.0000  lr=8.00e-06  w=[0.201,0.154,0.171,0.158,0.177,0.140]  L=[0.191,0.160,0.038,0.201,0.089,0.693]
  step= 6100  loss=0.1495  no_ord=0.0000  lr=7.96e-06  w=[0.201,0.155,0.172,0.156,0.170,0.146]  L=[nan,nan,nan,nan,nan,nan]
  step= 6150  loss=0.1500  no_ord=0.0000  lr=7.93e-06  w=[0.192,0.160,0.178,0.159,0.158,0.153]  L=[nan,nan,nan,nan,nan,nan]
  step= 6200  loss=0.1503  no_ord=0.0000  lr=7.89e-06  w=[0.191,0.162,0.172,0.152,0.161,0.163]  L=[0.363,0.387,1.054,0.143,0.387,1.054]
  step= 6250  loss=0.1501  no_ord=0.0000  lr=7.85e-06  w=[0.187,0.163,0.170,0.149,0.162,0.169]  L=[nan,nan,nan,nan,nan,nan]
  step= 6300  loss=0.1516  no_ord=0.0000  lr=7.82e-06  w=[0.171,0.158,0.168,0.145,0.173,0.185]  L=[0.000,0.000,0.758,0.000,0.000,0.001]
  step= 6350  loss=0.1515  no_ord=0.0000  lr=7.78e-06  w=[0.182,0.154,0.165,0.144,0.166,0.188]  L=[nan,nan,nan,nan,nan,nan]
  step= 6400  loss=0.1505  no_ord=0.0000  lr=7.74e-06  w=[0.185,0.156,0.160,0.147,0.164,0.189]  L=[nan,nan,nan,nan,nan,nan]
  step= 6450  loss=0.1503  no_ord=0.0000  lr=7.70e-06  w=[0.180,0.155,0.158,0.152,0.169,0.186]  L=[nan,nan,nan,nan,nan,nan]
  step= 6500  loss=0.1491  no_ord=0.0000  lr=7.66e-06  w=[0.182,0.152,0.157,0.157,0.173,0.180]  L=[nan,nan,nan,nan,nan,nan]
  step= 6550  loss=0.1500  no_ord=0.0000  lr=7.63e-06  w=[0.185,0.155,0.159,0.149,0.165,0.187]  L=[0.001,0.002,0.000,0.000,0.000,0.000]
  step= 6600  loss=0.1500  no_ord=0.0000  lr=7.59e-06  w=[0.196,0.152,0.164,0.148,0.167,0.173]  L=[0.000,0.000,0.000,0.000,0.000,0.000]
  step= 6650  loss=0.1515  no_ord=0.0000  lr=7.55e-06  w=[0.190,0.153,0.162,0.150,0.174,0.171]  L=[nan,nan,nan,nan,nan,nan]
  step= 6700  loss=0.1520  no_ord=0.0000  lr=7.51e-06  w=[0.192,0.161,0.162,0.149,0.168,0.168]  L=[nan,nan,nan,nan,nan,nan]
  step= 6750  loss=0.1511  no_ord=0.0000  lr=7.47e-06  w=[0.197,0.158,0.161,0.150,0.168,0.166]  L=[0.039,0.160,1.054,0.062,0.006,0.127]
  step= 6800  loss=0.1508  no_ord=0.0000  lr=7.44e-06  w=[0.211,0.161,0.158,0.153,0.164,0.154]  L=[0.000,0.000,0.000,0.000,0.000,0.000]
  step= 6850  loss=0.1504  no_ord=0.0000  lr=7.39e-06  w=[0.212,0.156,0.159,0.151,0.169,0.155]  L=[nan,nan,nan,nan,nan,nan]
  step= 6900  loss=0.1506  no_ord=0.0000  lr=7.35e-06  w=[0.204,0.153,0.158,0.146,0.174,0.165]  L=[0.127,0.001,0.143,0.013,0.030,0.009]
  step= 6950  loss=0.1495  no_ord=0.0000  lr=7.31e-06  w=[0.202,0.151,0.153,0.159,0.172,0.163]  L=[0.000,0.000,0.000,0.000,0.000,0.000]
  step= 7000  loss=0.1484  no_ord=0.0000  lr=7.28e-06  w=[0.209,0.151,0.154,0.157,0.169,0.160]  L=[nan,nan,nan,nan,nan,nan]
  step= 7050  loss=0.1473  no_ord=0.0000  lr=7.23e-06  w=[0.198,0.152,0.166,0.153,0.164,0.166]  L=[nan,nan,nan,nan,nan,nan]
  step= 7100  loss=0.1469  no_ord=0.0000  lr=7.19e-06  w=[0.185,0.168,0.179,0.154,0.155,0.160]  L=[0.000,0.000,0.000,0.000,0.000,0.000]
  step= 7150  loss=0.1479  no_ord=0.0000  lr=7.15e-06  w=[0.193,0.164,0.166,0.146,0.162,0.169]  L=[0.054,0.003,0.143,0.001,0.089,0.003]
  step= 7200  loss=0.1480  no_ord=0.0000  lr=7.11e-06  w=[0.187,0.171,0.169,0.137,0.165,0.172]  L=[nan,nan,nan,nan,nan,nan]
  step= 7250  loss=0.1470  no_ord=0.0001  lr=7.07e-06  w=[0.187,0.172,0.168,0.139,0.168,0.165]  L=[nan,nan,nan,nan,nan,nan]
  step= 7300  loss=0.1476  no_ord=0.0000  lr=7.03e-06  w=[0.185,0.181,0.166,0.136,0.173,0.159]  L=[1.071,0.004,0.004,0.009,0.002,0.000]

[Epoch 2/5 완료]  소요: 182.8분  avg_loss: 0.1475

[Val] exact_match=0.5273 (251/476)  adj_swap_fail=66  other_fail=159
  ★ Best saved (val_acc=0.5273)
  → Last saved to best_v4_last

============================================================
Epoch 3/5  시작: 20:39:53
  Effective batch = 1×8×4
============================================================
  step= 7350  loss=0.0756  no_ord=0.0002  lr=6.98e-06  w=[0.187,0.173,0.164,0.147,0.169,0.160]  L=[nan,nan,nan,nan,nan,nan]
  step= 7400  loss=0.0800  no_ord=0.0000  lr=6.94e-06  w=[0.191,0.171,0.163,0.148,0.169,0.159]  L=[0.000,0.000,0.002,0.000,0.000,0.000]
  step= 7450  loss=0.1043  no_ord=0.0000  lr=6.90e-06  w=[0.191,0.172,0.161,0.147,0.174,0.155]  L=[0.274,0.079,0.021,0.001,0.016,0.001]
  step= 7500  loss=0.1082  no_ord=0.0000  lr=6.86e-06  w=[0.180,0.182,0.177,0.149,0.164,0.148]  L=[nan,nan,nan,nan,nan,nan]
  step= 7550  loss=0.1153  no_ord=0.0000  lr=6.82e-06  w=[0.172,0.171,0.193,0.149,0.163,0.152]  L=[0.613,1.701,1.054,0.021,0.100,0.143]
  step= 7600  loss=0.1335  no_ord=0.0000  lr=6.77e-06  w=[0.166,0.172,0.199,0.153,0.161,0.149]  L=[nan,nan,nan,nan,nan,nan]
  step= 7650  loss=0.1358  no_ord=0.0000  lr=6.73e-06  w=[0.166,0.167,0.178,0.172,0.165,0.152]  L=[0.000,0.000,0.000,0.000,0.000,0.000]
  step= 7700  loss=0.1272  no_ord=0.0000  lr=6.69e-06  w=[0.169,0.168,0.170,0.169,0.172,0.152]  L=[0.529,0.313,0.313,0.180,0.113,0.100]
  step= 7750  loss=0.1216  no_ord=0.0000  lr=6.65e-06  w=[0.183,0.164,0.164,0.165,0.172,0.152]  L=[nan,nan,nan,nan,nan,nan]
  step= 7800  loss=0.1247  no_ord=0.0000  lr=6.60e-06  w=[0.182,0.166,0.164,0.172,0.167,0.148]  L=[nan,nan,nan,nan,nan,nan]
  step= 7850  loss=0.1319  no_ord=0.0000  lr=6.56e-06  w=[0.181,0.157,0.174,0.156,0.181,0.152]  L=[0.000,0.000,0.000,0.000,0.000,0.000]
  step= 7900  loss=0.1354  no_ord=0.0000  lr=6.52e-06  w=[0.185,0.159,0.168,0.158,0.182,0.147]  L=[nan,nan,nan,nan,nan,nan]
  step= 7950  loss=0.1344  no_ord=0.0000  lr=6.47e-06  w=[0.190,0.155,0.166,0.168,0.172,0.149]  L=[0.288,0.000,0.000,0.000,0.000,0.000]
  step= 8000  loss=0.1318  no_ord=0.0000  lr=6.43e-06  w=[0.189,0.153,0.172,0.161,0.174,0.151]  L=[0.000,0.000,0.000,0.000,0.000,0.000]
  step= 8050  loss=0.1337  no_ord=0.0000  lr=6.39e-06  w=[0.193,0.154,0.158,0.169,0.177,0.148]  L=[1.190,0.633,1.054,1.313,0.633,1.137]
  step= 8100  loss=0.1321  no_ord=0.0000  lr=6.34e-06  w=[0.190,0.155,0.153,0.169,0.185,0.149]  L=[nan,nan,nan,nan,nan,nan]
  step= 8150  loss=0.1340  no_ord=0.0000  lr=6.30e-06  w=[0.188,0.158,0.153,0.167,0.184,0.149]  L=[0.000,0.000,0.170,0.000,0.000,0.000]
  step= 8200  loss=0.1357  no_ord=0.0000  lr=6.26e-06  w=[0.183,0.157,0.157,0.165,0.187,0.151]  L=[0.000,0.000,0.000,0.000,0.000,0.000]
  step= 8250  loss=0.1301  no_ord=0.0000  lr=6.22e-06  w=[0.184,0.157,0.162,0.164,0.179,0.154]  L=[nan,nan,nan,nan,nan,nan]
  step= 8300  loss=0.1296  no_ord=0.0000  lr=6.17e-06  w=[0.179,0.160,0.176,0.160,0.169,0.156]  L=[nan,nan,nan,nan,nan,nan]
  step= 8350  loss=0.1325  no_ord=0.0000  lr=6.13e-06  w=[0.175,0.163,0.173,0.152,0.183,0.154]  L=[nan,nan,nan,nan,nan,nan]
  step= 8400  loss=0.1319  no_ord=0.0000  lr=6.08e-06  w=[0.175,0.160,0.164,0.155,0.180,0.165]  L=[0.018,0.000,0.000,0.000,0.000,0.000]
  step= 8450  loss=0.1322  no_ord=0.0000  lr=6.04e-06  w=[0.179,0.150,0.163,0.167,0.183,0.157]  L=[nan,nan,nan,nan,nan,nan]
  step= 8500  loss=0.1353  no_ord=0.0000  lr=5.99e-06  w=[0.170,0.159,0.189,0.166,0.166,0.149]  L=[0.022,0.000,0.000,0.000,0.000,0.000]
  step= 8550  loss=0.1363  no_ord=0.0000  lr=5.95e-06  w=[0.167,0.154,0.185,0.162,0.173,0.158]  L=[nan,nan,nan,nan,nan,nan]
  step= 8600  loss=0.1327  no_ord=0.0000  lr=5.91e-06  w=[0.173,0.152,0.182,0.158,0.170,0.165]  L=[0.170,0.201,0.348,0.523,0.079,0.003]
  step= 8650  loss=0.1350  no_ord=0.0000  lr=5.86e-06  w=[0.175,0.164,0.183,0.164,0.154,0.161]  L=[nan,nan,nan,nan,nan,nan]
  step= 8700  loss=0.1343  no_ord=0.0000  lr=5.81e-06  w=[0.177,0.163,0.169,0.162,0.159,0.169]  L=[0.064,0.000,0.000,0.000,1.313,0.201]
  step= 8750  loss=0.1358  no_ord=0.0000  lr=5.77e-06  w=[0.184,0.167,0.164,0.170,0.155,0.161]  L=[0.000,0.000,0.000,0.000,0.000,0.000]
  step= 8800  loss=0.1340  no_ord=0.0000  lr=5.73e-06  w=[0.177,0.159,0.164,0.183,0.161,0.156]  L=[0.186,0.043,0.002,0.001,0.000,0.000]
  step= 8850  loss=0.1348  no_ord=0.0000  lr=5.69e-06  w=[0.175,0.161,0.161,0.187,0.160,0.156]  L=[nan,nan,nan,nan,nan,nan]
  step= 8900  loss=0.1348  no_ord=0.0000  lr=5.64e-06  w=[0.174,0.162,0.163,0.180,0.162,0.159]  L=[nan,nan,nan,nan,nan,nan]
  step= 8950  loss=0.1328  no_ord=0.0000  lr=5.59e-06  w=[0.175,0.161,0.165,0.174,0.162,0.162]  L=[nan,nan,nan,nan,nan,nan]
  step= 9000  loss=0.1320  no_ord=0.0000  lr=5.55e-06  w=[0.182,0.166,0.163,0.173,0.156,0.162]  L=[0.000,0.000,0.000,0.000,0.000,0.000]
  step= 9050  loss=0.1300  no_ord=0.0000  lr=5.51e-06  w=[0.186,0.164,0.163,0.169,0.157,0.161]  L=[nan,nan,nan,nan,nan,nan]
  step= 9100  loss=0.1317  no_ord=0.0000  lr=5.46e-06  w=[0.198,0.171,0.146,0.164,0.167,0.153]  L=[nan,nan,nan,nan,nan,nan]
  step= 9150  loss=0.1300  no_ord=0.0000  lr=5.41e-06  w=[0.198,0.172,0.152,0.161,0.163,0.153]  L=[nan,nan,nan,nan,nan,nan]
  step= 9200  loss=0.1291  no_ord=0.0000  lr=5.37e-06  w=[0.216,0.172,0.148,0.153,0.159,0.152]  L=[nan,nan,nan,nan,nan,nan]
  step= 9250  loss=0.1275  no_ord=0.0000  lr=5.33e-06  w=[0.212,0.171,0.149,0.156,0.156,0.155]  L=[0.900,0.313,0.079,0.281,0.070,0.348]
  step= 9300  loss=0.1266  no_ord=0.0000  lr=5.28e-06  w=[0.218,0.172,0.156,0.147,0.149,0.158]  L=[nan,nan,nan,nan,nan,nan]
  step= 9350  loss=0.1262  no_ord=0.0000  lr=5.23e-06  w=[0.207,0.173,0.166,0.148,0.147,0.159]  L=[1.144,0.281,2.238,0.034,0.348,0.113]
  step= 9400  loss=0.1253  no_ord=0.0000  lr=5.19e-06  w=[0.194,0.166,0.178,0.149,0.150,0.162]  L=[0.005,0.000,0.000,0.004,0.000,0.000]
  step= 9450  loss=0.1262  no_ord=0.0000  lr=5.15e-06  w=[0.194,0.176,0.167,0.145,0.157,0.161]  L=[0.018,0.001,0.113,0.002,0.113,0.038]
  step= 9500  loss=0.1254  no_ord=0.0000  lr=5.10e-06  w=[0.206,0.161,0.166,0.153,0.155,0.160]  L=[0.002,0.000,0.000,0.000,0.001,0.000]
  step= 9550  loss=0.1238  no_ord=0.0000  lr=5.05e-06  w=[0.210,0.166,0.162,0.155,0.152,0.155]  L=[0.015,0.100,0.143,0.001,0.002,0.013]
  step= 9600  loss=0.1230  no_ord=0.0000  lr=5.01e-06  w=[0.199,0.164,0.174,0.155,0.150,0.158]  L=[nan,nan,nan,nan,nan,nan]
  step= 9650  loss=0.1233  no_ord=0.0002  lr=4.97e-06  w=[0.189,0.165,0.165,0.155,0.159,0.167]  L=[nan,nan,nan,nan,nan,nan]
  step= 9700  loss=0.1228  no_ord=0.0000  lr=4.92e-06  w=[0.185,0.169,0.181,0.148,0.154,0.163]  L=[nan,nan,nan,nan,nan,nan]
  step= 9750  loss=0.1231  no_ord=0.0000  lr=4.87e-06  w=[0.193,0.188,0.168,0.147,0.147,0.157]  L=[0.000,0.000,0.000,0.000,0.000,0.000]
  step= 9800  loss=0.1237  no_ord=0.0000  lr=4.83e-06  w=[0.193,0.185,0.165,0.142,0.157,0.159]  L=[nan,nan,nan,nan,nan,nan]
  step= 9850  loss=0.1233  no_ord=0.0000  lr=4.79e-06  w=[0.191,0.177,0.166,0.142,0.158,0.166]  L=[nan,nan,nan,nan,nan,nan]
  step= 9900  loss=0.1240  no_ord=0.0000  lr=4.73e-06  w=[0.203,0.190,0.152,0.141,0.151,0.164]  L=[nan,nan,nan,nan,nan,nan]
  step= 9950  loss=0.1236  no_ord=0.0000  lr=4.69e-06  w=[0.196,0.203,0.148,0.141,0.149,0.163]  L=[0.499,0.070,0.348,0.062,0.113,0.100]
  step=10000  loss=0.1235  no_ord=0.0000  lr=4.65e-06  w=[0.192,0.191,0.154,0.148,0.150,0.165]  L=[nan,nan,nan,nan,nan,nan]
  step=10050  loss=0.1254  no_ord=0.0000  lr=4.61e-06  w=[0.190,0.187,0.148,0.165,0.156,0.153]  L=[0.000,0.000,0.000,0.000,0.000,0.000]
  step=10100  loss=0.1272  no_ord=0.0000  lr=4.55e-06  w=[0.181,0.201,0.147,0.168,0.158,0.146]  L=[nan,nan,nan,nan,nan,nan]
  step=10150  loss=0.1267  no_ord=0.0000  lr=4.51e-06  w=[0.190,0.190,0.152,0.159,0.158,0.151]  L=[nan,nan,nan,nan,nan,nan]
  step=10200  loss=0.1266  no_ord=0.0000  lr=4.47e-06  w=[0.191,0.183,0.162,0.169,0.151,0.146]  L=[nan,nan,nan,nan,nan,nan]
  step=10250  loss=0.1268  no_ord=0.0000  lr=4.43e-06  w=[0.190,0.172,0.151,0.164,0.169,0.153]  L=[0.013,0.000,0.000,0.000,0.000,0.000]
  step=10300  loss=0.1276  no_ord=0.0000  lr=4.38e-06  w=[0.198,0.171,0.161,0.159,0.165,0.146]  L=[0.786,0.523,0.348,0.576,1.701,0.523]
  step=10350  loss=0.1271  no_ord=0.0000  lr=4.33e-06  w=[0.194,0.162,0.155,0.159,0.170,0.159]  L=[0.413,0.000,0.000,0.000,0.000,0.000]
  step=10400  loss=0.1280  no_ord=0.0000  lr=4.29e-06  w=[0.201,0.153,0.156,0.162,0.168,0.160]  L=[nan,nan,nan,nan,nan,nan]
  step=10450  loss=0.1281  no_ord=0.0000  lr=4.25e-06  w=[0.196,0.158,0.159,0.162,0.167,0.158]  L=[0.153,2.238,1.313,1.223,1.054,0.429]
  step=10500  loss=0.1279  no_ord=0.0000  lr=4.20e-06  w=[0.189,0.160,0.155,0.163,0.169,0.163]  L=[0.071,0.000,0.000,0.000,0.000,0.034]
  step=10550  loss=0.1270  no_ord=0.0000  lr=4.15e-06  w=[0.191,0.160,0.159,0.164,0.166,0.160]  L=[nan,nan,nan,nan,nan,nan]
  step=10600  loss=0.1279  no_ord=0.0000  lr=4.11e-06  w=[0.190,0.156,0.159,0.174,0.164,0.156]  L=[0.713,0.016,0.826,0.034,0.023,0.313]
  step=10650  loss=0.1282  no_ord=0.0000  lr=4.07e-06  w=[0.186,0.161,0.156,0.164,0.160,0.172]  L=[0.429,0.281,0.127,0.062,0.023,0.062]
  step=10700  loss=0.1293  no_ord=0.0000  lr=4.02e-06  w=[0.198,0.174,0.150,0.154,0.168,0.156]  L=[0.000,0.000,0.000,0.000,0.000,0.000]
  step=10750  loss=0.1293  no_ord=0.0000  lr=3.98e-06  w=[0.197,0.166,0.159,0.154,0.174,0.151]  L=[nan,nan,nan,nan,nan,nan]
  step=10800  loss=0.1292  no_ord=0.0000  lr=3.93e-06  w=[0.195,0.157,0.156,0.160,0.180,0.152]  L=[nan,nan,nan,nan,nan,nan]
  step=10850  loss=0.1288  no_ord=0.0000  lr=3.89e-06  w=[0.192,0.171,0.149,0.163,0.175,0.151]  L=[nan,nan,nan,nan,nan,nan]
  step=10900  loss=0.1280  no_ord=0.0000  lr=3.84e-06  w=[0.184,0.173,0.147,0.159,0.179,0.159]  L=[0.099,0.113,0.030,0.021,0.026,0.070]
  step=10950  loss=0.1277  no_ord=0.0000  lr=3.80e-06  w=[0.177,0.166,0.155,0.150,0.190,0.163]  L=[0.214,0.000,0.000,0.000,0.000,0.000]

[Epoch 3/5 완료]  소요: 184.4분  avg_loss: 0.1299

[Val] exact_match=0.5336 (254/476)  adj_swap_fail=60  other_fail=162
  ★ Best saved (val_acc=0.5336)
  → Last saved to best_v4_last

============================================================
Epoch 4/5  시작: 00:05:52
  Effective batch = 1×8×4
============================================================
  step=11000  loss=0.0228  no_ord=0.0000  lr=3.75e-06  w=[0.178,0.168,0.158,0.149,0.187,0.160]  L=[0.253,0.000,0.000,0.004,0.000,0.000]
  step=11050  loss=0.0554  no_ord=0.0000  lr=3.71e-06  w=[0.184,0.162,0.155,0.149,0.185,0.165]  L=[0.000,0.000,0.000,0.000,0.000,0.000]
  step=11100  loss=0.0676  no_ord=0.0000  lr=3.67e-06  w=[0.188,0.160,0.150,0.155,0.184,0.162]  L=[nan,nan,nan,nan,nan,nan]
  step=11150  loss=0.0752  no_ord=0.0000  lr=3.62e-06  w=[0.189,0.162,0.158,0.153,0.179,0.159]  L=[0.000,0.000,0.000,0.000,0.000,0.000]
  step=11200  loss=0.0821  no_ord=0.0000  lr=3.58e-06  w=[0.189,0.166,0.160,0.154,0.178,0.152]  L=[0.263,0.002,0.002,0.001,0.002,0.002]
  step=11250  loss=0.0862  no_ord=0.0000  lr=3.54e-06  w=[0.185,0.166,0.156,0.162,0.168,0.162]  L=[nan,nan,nan,nan,nan,nan]
  step=11300  loss=0.1011  no_ord=0.0000  lr=3.49e-06  w=[0.174,0.173,0.156,0.175,0.159,0.163]  L=[nan,nan,nan,nan,nan,nan]
  step=11350  loss=0.1085  no_ord=0.0000  lr=3.45e-06  w=[0.171,0.192,0.154,0.165,0.157,0.161]  L=[0.570,1.964,0.633,0.160,0.160,0.474]
  step=11400  loss=0.1113  no_ord=0.0000  lr=3.41e-06  w=[0.175,0.190,0.168,0.168,0.147,0.151]  L=[nan,nan,nan,nan,nan,nan]
  step=11450  loss=0.1084  no_ord=0.0000  lr=3.36e-06  w=[0.175,0.196,0.168,0.160,0.152,0.149]  L=[0.000,0.000,0.000,0.000,0.000,0.000]
  step=11500  loss=0.1042  no_ord=0.0000  lr=3.32e-06  w=[0.182,0.193,0.167,0.156,0.149,0.153]  L=[nan,nan,nan,nan,nan,nan]
  step=11550  loss=0.1043  no_ord=0.0000  lr=3.28e-06  w=[0.184,0.183,0.166,0.160,0.154,0.154]  L=[nan,nan,nan,nan,nan,nan]
  step=11600  loss=0.1029  no_ord=0.0000  lr=3.24e-06  w=[0.187,0.184,0.162,0.159,0.151,0.158]  L=[nan,nan,nan,nan,nan,nan]
  step=11650  loss=0.1048  no_ord=0.0000  lr=3.20e-06  w=[0.183,0.170,0.171,0.175,0.153,0.148]  L=[0.000,0.000,0.000,0.000,0.000,0.000]
  step=11700  loss=0.1037  no_ord=0.0000  lr=3.15e-06  w=[0.181,0.161,0.190,0.164,0.152,0.152]  L=[0.000,0.000,0.000,0.000,0.000,0.000]
  step=11750  loss=0.1019  no_ord=0.0000  lr=3.11e-06  w=[0.183,0.163,0.181,0.167,0.155,0.152]  L=[nan,nan,nan,nan,nan,nan]
  step=11800  loss=0.0987  no_ord=0.0000  lr=3.07e-06  w=[0.181,0.161,0.180,0.169,0.157,0.152]  L=[nan,nan,nan,nan,nan,nan]
  step=11850  loss=0.1091  no_ord=0.0000  lr=3.03e-06  w=[0.166,0.157,0.185,0.181,0.164,0.147]  L=[nan,nan,nan,nan,nan,nan]
  step=11900  loss=0.1130  no_ord=0.0000  lr=2.99e-06  w=[0.175,0.153,0.187,0.172,0.163,0.150]  L=[nan,nan,nan,nan,nan,nan]
  step=11950  loss=0.1116  no_ord=0.0000  lr=2.94e-06  w=[0.175,0.152,0.183,0.170,0.164,0.157]  L=[0.000,0.000,0.000,0.000,0.000,0.000]
  step=12000  loss=0.1150  no_ord=0.0000  lr=2.90e-06  w=[0.171,0.163,0.175,0.165,0.157,0.169]  L=[nan,nan,nan,nan,nan,nan]
  step=12050  loss=0.1144  no_ord=0.0000  lr=2.86e-06  w=[0.173,0.167,0.179,0.157,0.157,0.166]  L=[nan,nan,nan,nan,nan,nan]
  step=12100  loss=0.1122  no_ord=0.0000  lr=2.82e-06  w=[0.174,0.170,0.172,0.156,0.160,0.168]  L=[0.326,0.003,0.000,0.000,0.000,0.002]
  step=12150  loss=0.1172  no_ord=0.0000  lr=2.78e-06  w=[0.195,0.166,0.172,0.143,0.155,0.169]  L=[0.327,0.170,0.407,0.106,1.651,3.108]
  step=12200  loss=0.1162  no_ord=0.0000  lr=2.74e-06  w=[0.190,0.163,0.165,0.152,0.158,0.171]  L=[0.000,0.000,0.000,0.000,0.000,0.000]
  step=12250  loss=0.1180  no_ord=0.0000  lr=2.70e-06  w=[0.180,0.169,0.163,0.148,0.170,0.170]  L=[nan,nan,nan,nan,nan,nan]
  step=12300  loss=0.1155  no_ord=0.0000  lr=2.66e-06  w=[0.180,0.173,0.162,0.149,0.169,0.167]  L=[0.634,0.662,0.151,0.151,0.407,0.135]
  step=12350  loss=0.1169  no_ord=0.0000  lr=2.62e-06  w=[0.189,0.170,0.168,0.156,0.155,0.162]  L=[0.000,0.000,0.000,0.000,0.000,0.000]
  step=12400  loss=0.1227  no_ord=0.0000  lr=2.58e-06  w=[0.170,0.147,0.183,0.175,0.163,0.162]  L=[nan,nan,nan,nan,nan,nan]
  step=12450  loss=0.1233  no_ord=0.0000  lr=2.54e-06  w=[0.183,0.145,0.168,0.173,0.172,0.160]  L=[0.144,0.014,0.008,0.062,0.038,0.002]
  step=12500  loss=0.1220  no_ord=0.0000  lr=2.51e-06  w=[0.185,0.151,0.168,0.169,0.170,0.157]  L=[nan,nan,nan,nan,nan,nan]
  step=12550  loss=0.1240  no_ord=0.0000  lr=2.46e-06  w=[0.188,0.154,0.164,0.172,0.167,0.155]  L=[nan,nan,nan,nan,nan,nan]
  step=12600  loss=0.1242  no_ord=0.0000  lr=2.42e-06  w=[0.186,0.157,0.167,0.165,0.169,0.156]  L=[0.026,0.005,0.049,0.201,0.002,0.009]
  step=12650  loss=0.1233  no_ord=0.0000  lr=2.39e-06  w=[0.183,0.161,0.169,0.164,0.164,0.159]  L=[0.093,0.002,0.000,0.000,0.001,0.011]
  step=12700  loss=0.1235  no_ord=0.0000  lr=2.35e-06  w=[0.191,0.156,0.170,0.162,0.161,0.160]  L=[nan,nan,nan,nan,nan,nan]
  step=12750  loss=0.1224  no_ord=0.0000  lr=2.31e-06  w=[0.193,0.163,0.166,0.162,0.162,0.154]  L=[0.044,0.013,0.001,0.000,0.000,0.000]
  step=12800  loss=0.1201  no_ord=0.0000  lr=2.27e-06  w=[0.193,0.162,0.165,0.161,0.164,0.155]  L=[nan,nan,nan,nan,nan,nan]
  step=12850  loss=0.1189  no_ord=0.0000  lr=2.24e-06  w=[0.185,0.159,0.167,0.167,0.171,0.151]  L=[1.437,0.009,0.089,1.054,0.006,0.079]
  step=12900  loss=0.1201  no_ord=0.0000  lr=2.20e-06  w=[0.182,0.155,0.165,0.168,0.171,0.160]  L=[nan,nan,nan,nan,nan,nan]
  step=12950  loss=0.1183  no_ord=0.0000  lr=2.16e-06  w=[0.190,0.151,0.161,0.167,0.174,0.157]  L=[nan,nan,nan,nan,nan,nan]
  step=13000  loss=0.1177  no_ord=0.0000  lr=2.12e-06  w=[0.193,0.158,0.162,0.161,0.171,0.155]  L=[nan,nan,nan,nan,nan,nan]
  step=13050  loss=0.1179  no_ord=0.0000  lr=2.09e-06  w=[0.187,0.162,0.155,0.161,0.178,0.156]  L=[nan,nan,nan,nan,nan,nan]
  step=13100  loss=0.1173  no_ord=0.0000  lr=2.05e-06  w=[0.192,0.162,0.155,0.157,0.179,0.155]  L=[0.045,0.100,0.000,0.000,0.000,0.000]
  step=13150  loss=0.1173  no_ord=0.0000  lr=2.01e-06  w=[0.185,0.154,0.150,0.170,0.190,0.151]  L=[nan,nan,nan,nan,nan,nan]
  step=13200  loss=0.1158  no_ord=0.0000  lr=1.98e-06  w=[0.187,0.155,0.153,0.165,0.182,0.158]  L=[nan,nan,nan,nan,nan,nan]
  step=13250  loss=0.1152  no_ord=0.0000  lr=1.94e-06  w=[0.185,0.161,0.150,0.164,0.183,0.157]  L=[nan,nan,nan,nan,nan,nan]
  step=13300  loss=0.1145  no_ord=0.0000  lr=1.91e-06  w=[0.185,0.157,0.150,0.163,0.179,0.166]  L=[nan,nan,nan,nan,nan,nan]
  step=13350  loss=0.1158  no_ord=0.0000  lr=1.87e-06  w=[0.171,0.171,0.159,0.156,0.185,0.158]  L=[nan,nan,nan,nan,nan,nan]
  step=13400  loss=0.1164  no_ord=0.0000  lr=1.83e-06  w=[0.176,0.165,0.160,0.154,0.177,0.168]  L=[nan,nan,nan,nan,nan,nan]
  step=13450  loss=0.1166  no_ord=0.0000  lr=1.80e-06  w=[0.180,0.157,0.189,0.158,0.162,0.155]  L=[nan,nan,nan,nan,nan,nan]
  step=13500  loss=0.1170  no_ord=0.0000  lr=1.77e-06  w=[0.186,0.164,0.175,0.160,0.166,0.149]  L=[nan,nan,nan,nan,nan,nan]
  step=13550  loss=0.1162  no_ord=0.0000  lr=1.73e-06  w=[0.188,0.164,0.170,0.161,0.168,0.149]  L=[0.052,0.007,1.313,0.758,0.014,0.127]
  step=13600  loss=0.1167  no_ord=0.0000  lr=1.70e-06  w=[0.184,0.168,0.178,0.161,0.157,0.152]  L=[0.085,0.000,0.000,0.000,0.000,0.040]
  step=13650  loss=0.1156  no_ord=0.0000  lr=1.66e-06  w=[0.190,0.165,0.173,0.166,0.156,0.151]  L=[0.034,0.113,0.016,0.000,0.000,0.000]
  step=13700  loss=0.1148  no_ord=0.0000  lr=1.63e-06  w=[0.193,0.163,0.170,0.164,0.156,0.153]  L=[0.000,0.000,0.000,0.000,0.000,0.000]
  step=13750  loss=0.1142  no_ord=0.0000  lr=1.60e-06  w=[0.194,0.170,0.167,0.164,0.156,0.149]  L=[nan,nan,nan,nan,nan,nan]
  step=13800  loss=0.1143  no_ord=0.0000  lr=1.56e-06  w=[0.188,0.168,0.161,0.169,0.163,0.152]  L=[0.000,0.000,0.000,0.000,0.000,0.000]
  step=13850  loss=0.1140  no_ord=0.0000  lr=1.53e-06  w=[0.188,0.160,0.167,0.169,0.161,0.156]  L=[0.007,0.000,0.000,0.000,0.000,0.000]
  step=13900  loss=0.1148  no_ord=0.0000  lr=1.50e-06  w=[0.189,0.149,0.189,0.162,0.157,0.153]  L=[0.002,0.000,0.000,0.000,0.000,0.000]
  step=13950  loss=0.1144  no_ord=0.0000  lr=1.47e-06  w=[0.191,0.159,0.183,0.156,0.156,0.155]  L=[0.331,0.000,0.000,0.000,0.000,0.000]
  step=14000  loss=0.1137  no_ord=0.0000  lr=1.43e-06  w=[0.193,0.159,0.184,0.158,0.152,0.155]  L=[0.011,0.000,0.000,0.025,0.000,0.000]
  step=14050  loss=0.1130  no_ord=0.0000  lr=1.40e-06  w=[0.189,0.158,0.189,0.157,0.152,0.155]  L=[0.003,0.011,0.001,0.030,0.011,0.009]
  step=14100  loss=0.1141  no_ord=0.0000  lr=1.37e-06  w=[0.184,0.166,0.179,0.155,0.155,0.161]  L=[0.600,1.137,0.070,0.089,0.030,0.034]
  step=14150  loss=0.1152  no_ord=0.0000  lr=1.34e-06  w=[0.184,0.158,0.162,0.163,0.162,0.171]  L=[nan,nan,nan,nan,nan,nan]
  step=14200  loss=0.1155  no_ord=0.0000  lr=1.31e-06  w=[0.174,0.161,0.170,0.149,0.167,0.179]  L=[nan,nan,nan,nan,nan,nan]
  step=14250  loss=0.1161  no_ord=0.0000  lr=1.28e-06  w=[0.182,0.154,0.178,0.148,0.166,0.172]  L=[0.000,0.000,0.407,0.000,0.000,0.000]
  step=14300  loss=0.1155  no_ord=0.0000  lr=1.25e-06  w=[0.183,0.159,0.174,0.151,0.159,0.174]  L=[0.001,0.000,0.000,0.000,0.013,0.000]
  step=14350  loss=0.1157  no_ord=0.0000  lr=1.22e-06  w=[0.187,0.156,0.172,0.149,0.163,0.173]  L=[nan,nan,nan,nan,nan,nan]
  step=14400  loss=0.1155  no_ord=0.0000  lr=1.19e-06  w=[0.180,0.155,0.168,0.165,0.167,0.165]  L=[0.148,0.000,0.000,0.000,0.297,0.252]
  step=14450  loss=0.1168  no_ord=0.0000  lr=1.16e-06  w=[0.194,0.157,0.172,0.160,0.161,0.156]  L=[0.022,0.014,2.238,0.009,0.023,0.693]
  step=14500  loss=0.1172  no_ord=0.0000  lr=1.14e-06  w=[0.188,0.153,0.172,0.148,0.167,0.173]  L=[0.327,0.001,0.000,0.000,0.040,0.066]
  step=14550  loss=0.1176  no_ord=0.0000  lr=1.10e-06  w=[0.177,0.152,0.170,0.165,0.168,0.168]  L=[nan,nan,nan,nan,nan,nan]
  step=14600  loss=0.1173  no_ord=0.0000  lr=1.08e-06  w=[0.178,0.158,0.169,0.160,0.164,0.171]  L=[0.000,0.000,0.000,0.000,0.000,0.000]
  step=14650  loss=0.1192  no_ord=0.0000  lr=1.05e-06  w=[0.172,0.159,0.186,0.157,0.160,0.166]  L=[nan,nan,nan,nan,nan,nan]

[Epoch 4/5 완료]  소요: 184.7분  avg_loss: 0.1190

[Val] exact_match=0.5252 (250/476)  adj_swap_fail=60  other_fail=166
  → Last saved to best_v4_last

============================================================
Epoch 5/5  시작: 03:32:00
  Effective batch = 1×8×4
============================================================
  step=14700  loss=0.0691  no_ord=0.0001  lr=1.02e-06  w=[0.172,0.159,0.195,0.153,0.155,0.165]  L=[nan,nan,nan,nan,nan,nan]
  step=14750  loss=0.0730  no_ord=0.0000  lr=9.93e-07  w=[0.176,0.165,0.185,0.150,0.162,0.161]  L=[0.050,0.000,0.001,0.002,0.000,0.014]
  step=14800  loss=0.1204  no_ord=0.0000  lr=9.63e-07  w=[0.172,0.170,0.182,0.143,0.169,0.165]  L=[nan,nan,nan,nan,nan,nan]
  step=14850  loss=0.1406  no_ord=0.0000  lr=9.38e-07  w=[0.182,0.165,0.178,0.155,0.162,0.158]  L=[nan,nan,nan,nan,nan,nan]
  step=14900  loss=0.1311  no_ord=0.0000  lr=9.12e-07  w=[0.182,0.161,0.185,0.156,0.158,0.158]  L=[0.012,0.013,0.043,0.003,0.007,0.008]
  step=14950  loss=0.1287  no_ord=0.0000  lr=8.88e-07  w=[0.181,0.163,0.187,0.150,0.159,0.160]  L=[0.193,0.000,0.000,0.000,0.000,0.000]
  step=15000  loss=0.1370  no_ord=0.0000  lr=8.59e-07  w=[0.187,0.171,0.181,0.142,0.163,0.156]  L=[0.928,3.288,2.238,2.464,1.910,1.054]
  step=15050  loss=0.1302  no_ord=0.0000  lr=8.35e-07  w=[0.183,0.172,0.176,0.146,0.167,0.156]  L=[0.001,0.000,0.000,0.000,0.000,0.000]
  step=15100  loss=0.1222  no_ord=0.0000  lr=8.11e-07  w=[0.178,0.166,0.175,0.159,0.165,0.156]  L=[0.000,0.000,0.002,0.001,0.000,0.000]
  step=15150  loss=0.1208  no_ord=0.0000  lr=7.88e-07  w=[0.177,0.161,0.173,0.169,0.166,0.153]  L=[nan,nan,nan,nan,nan,nan]
  step=15200  loss=0.1125  no_ord=0.0000  lr=7.61e-07  w=[0.180,0.159,0.169,0.168,0.170,0.154]  L=[nan,nan,nan,nan,nan,nan]
  step=15250  loss=0.1182  no_ord=0.0000  lr=7.38e-07  w=[0.181,0.167,0.172,0.159,0.167,0.154]  L=[0.052,0.055,0.010,0.014,0.049,0.011]
  step=15300  loss=0.1151  no_ord=0.0000  lr=7.15e-07  w=[0.185,0.168,0.172,0.160,0.164,0.151]  L=[0.631,0.010,0.070,0.089,0.758,0.043]
  step=15350  loss=0.1146  no_ord=0.0000  lr=6.93e-07  w=[0.185,0.164,0.178,0.167,0.159,0.149]  L=[nan,nan,nan,nan,nan,nan]
  step=15400  loss=0.1143  no_ord=0.0000  lr=6.68e-07  w=[0.180,0.177,0.173,0.167,0.156,0.146]  L=[0.003,0.000,0.000,0.000,0.022,0.000]
  step=15450  loss=0.1164  no_ord=0.0000  lr=6.46e-07  w=[0.185,0.170,0.170,0.165,0.161,0.150]  L=[0.016,0.018,0.030,0.008,0.113,0.014]
  step=15500  loss=0.1198  no_ord=0.0000  lr=6.25e-07  w=[0.174,0.178,0.158,0.159,0.174,0.157]  L=[nan,nan,nan,nan,nan,nan]
  step=15550  loss=0.1202  no_ord=0.0000  lr=6.04e-07  w=[0.185,0.168,0.158,0.157,0.172,0.162]  L=[nan,nan,nan,nan,nan,nan]
  step=15600  loss=0.1174  no_ord=0.0000  lr=5.80e-07  w=[0.187,0.171,0.155,0.155,0.169,0.163]  L=[nan,nan,nan,nan,nan,nan]
  step=15650  loss=0.1163  no_ord=0.0002  lr=5.60e-07  w=[0.188,0.167,0.169,0.160,0.162,0.154]  L=[nan,nan,nan,nan,nan,nan]
  step=15700  loss=0.1143  no_ord=0.0000  lr=5.41e-07  w=[0.190,0.165,0.171,0.154,0.160,0.160]  L=[0.002,0.000,0.000,0.000,0.000,0.000]
  step=15750  loss=0.1142  no_ord=0.0000  lr=5.21e-07  w=[0.202,0.167,0.169,0.159,0.152,0.150]  L=[0.640,0.160,0.003,0.030,0.004,0.002]
  step=15800  loss=0.1138  no_ord=0.0000  lr=4.99e-07  w=[0.197,0.166,0.170,0.162,0.155,0.149]  L=[nan,nan,nan,nan,nan,nan]
  step=15850  loss=0.1126  no_ord=0.0000  lr=4.80e-07  w=[0.201,0.165,0.162,0.159,0.163,0.149]  L=[0.276,0.313,0.034,0.021,0.143,0.281]
  step=15900  loss=0.1138  no_ord=0.0000  lr=4.62e-07  w=[0.195,0.154,0.165,0.142,0.178,0.165]  L=[nan,nan,nan,nan,nan,nan]
  step=15950  loss=0.1163  no_ord=0.0000  lr=4.44e-07  w=[0.195,0.167,0.165,0.147,0.167,0.159]  L=[0.022,0.100,0.001,0.474,0.010,0.079]
  step=16000  loss=0.1169  no_ord=0.0000  lr=4.23e-07  w=[0.190,0.171,0.161,0.148,0.172,0.159]  L=[nan,nan,nan,nan,nan,nan]
  step=16050  loss=0.1152  no_ord=0.0000  lr=4.06e-07  w=[0.190,0.167,0.165,0.145,0.171,0.162]  L=[nan,nan,nan,nan,nan,nan]
  step=16100  loss=0.1143  no_ord=0.0000  lr=3.89e-07  w=[0.196,0.165,0.158,0.146,0.170,0.164]  L=[nan,nan,nan,nan,nan,nan]
  step=16150  loss=0.1148  no_ord=0.0000  lr=3.73e-07  w=[0.190,0.171,0.167,0.146,0.163,0.162]  L=[nan,nan,nan,nan,nan,nan]
  step=16200  loss=0.1147  no_ord=0.0000  lr=3.54e-07  w=[0.185,0.176,0.165,0.150,0.166,0.158]  L=[nan,nan,nan,nan,nan,nan]
  step=16250  loss=0.1142  no_ord=0.0003  lr=3.38e-07  w=[0.185,0.179,0.163,0.151,0.166,0.157]  L=[nan,nan,nan,nan,nan,nan]
  step=16300  loss=0.1132  no_ord=0.0001  lr=3.22e-07  w=[0.192,0.172,0.162,0.151,0.166,0.158]  L=[nan,nan,nan,nan,nan,nan]
  step=16350  loss=0.1133  no_ord=0.0000  lr=3.07e-07  w=[0.189,0.162,0.168,0.157,0.161,0.163]  L=[nan,nan,nan,nan,nan,nan]
  step=16400  loss=0.1123  no_ord=0.0000  lr=2.90e-07  w=[0.193,0.162,0.169,0.157,0.161,0.159]  L=[0.000,0.000,0.000,0.000,0.000,0.000]
  step=16450  loss=0.1106  no_ord=0.0000  lr=2.76e-07  w=[0.192,0.158,0.170,0.162,0.161,0.156]  L=[nan,nan,nan,nan,nan,nan]
  step=16500  loss=0.1088  no_ord=0.0000  lr=2.62e-07  w=[0.186,0.159,0.171,0.162,0.167,0.155]  L=[0.054,0.055,0.062,0.043,0.474,0.826]
  step=16550  loss=0.1097  no_ord=0.0000  lr=2.48e-07  w=[0.193,0.154,0.170,0.170,0.157,0.155]  L=[0.000,0.000,0.000,0.000,0.106,0.001]
  step=16600  loss=0.1109  no_ord=0.0000  lr=2.32e-07  w=[0.187,0.155,0.168,0.177,0.163,0.149]  L=[0.009,0.000,0.000,0.000,0.000,0.000]
  step=16650  loss=0.1118  no_ord=0.0000  lr=2.20e-07  w=[0.193,0.154,0.163,0.173,0.172,0.144]  L=[nan,nan,nan,nan,nan,nan]
  step=16700  loss=0.1148  no_ord=0.0000  lr=2.07e-07  w=[0.191,0.157,0.165,0.162,0.185,0.139]  L=[0.960,0.008,0.008,0.006,0.070,0.026]
  step=16750  loss=0.1151  no_ord=0.0000  lr=1.95e-07  w=[0.191,0.163,0.156,0.174,0.177,0.139]  L=[nan,nan,nan,nan,nan,nan]
  step=16800  loss=0.1148  no_ord=0.0000  lr=1.81e-07  w=[0.195,0.160,0.155,0.174,0.177,0.139]  L=[nan,nan,nan,nan,nan,nan]
  step=16850  loss=0.1146  no_ord=0.0000  lr=1.70e-07  w=[0.202,0.170,0.151,0.163,0.171,0.143]  L=[nan,nan,nan,nan,nan,nan]
  step=16900  loss=0.1140  no_ord=0.0000  lr=1.59e-07  w=[0.192,0.161,0.152,0.157,0.191,0.148]  L=[nan,nan,nan,nan,nan,nan]
  step=16950  loss=0.1134  no_ord=0.0000  lr=1.48e-07  w=[0.189,0.159,0.162,0.157,0.185,0.149]  L=[0.130,0.014,0.008,0.018,0.006,0.008]
  step=17000  loss=0.1135  no_ord=0.0000  lr=1.36e-07  w=[0.205,0.157,0.158,0.158,0.174,0.149]  L=[nan,nan,nan,nan,nan,nan]
  step=17050  loss=0.1122  no_ord=0.0000  lr=1.26e-07  w=[0.203,0.154,0.158,0.161,0.173,0.152]  L=[0.000,0.000,0.070,0.000,0.000,0.000]
  step=17100  loss=0.1140  no_ord=0.0000  lr=1.17e-07  w=[0.191,0.162,0.153,0.150,0.187,0.157]  L=[nan,nan,nan,nan,nan,nan]
  step=17150  loss=0.1150  no_ord=0.0000  lr=1.08e-07  w=[0.187,0.172,0.163,0.153,0.173,0.151]  L=[nan,nan,nan,nan,nan,nan]
  step=17200  loss=0.1141  no_ord=0.0000  lr=9.75e-08  w=[0.191,0.172,0.157,0.150,0.170,0.159]  L=[nan,nan,nan,nan,nan,nan]
  step=17250  loss=0.1136  no_ord=0.0000  lr=8.92e-08  w=[0.185,0.164,0.161,0.154,0.169,0.167]  L=[nan,nan,nan,nan,nan,nan]
  step=17300  loss=0.1147  no_ord=0.0000  lr=8.12e-08  w=[0.190,0.160,0.152,0.147,0.174,0.177]  L=[0.001,0.000,0.000,0.000,0.000,0.000]
  step=17350  loss=0.1147  no_ord=0.0000  lr=7.36e-08  w=[0.192,0.168,0.150,0.150,0.166,0.175]  L=[0.012,0.001,0.000,0.004,0.000,0.055]
  step=17400  loss=0.1145  no_ord=0.0000  lr=6.53e-08  w=[0.189,0.162,0.153,0.157,0.164,0.175]  L=[nan,nan,nan,nan,nan,nan]
  step=17450  loss=0.1134  no_ord=0.0001  lr=5.85e-08  w=[0.192,0.161,0.154,0.154,0.163,0.177]  L=[nan,nan,nan,nan,nan,nan]
  step=17500  loss=0.1125  no_ord=0.0000  lr=5.20e-08  w=[0.197,0.158,0.156,0.157,0.159,0.173]  L=[0.005,0.000,0.000,0.000,0.000,0.000]
  step=17550  loss=0.1129  no_ord=0.0000  lr=4.60e-08  w=[0.185,0.147,0.171,0.145,0.172,0.180]  L=[0.000,0.000,0.000,0.000,0.000,0.000]
  step=17600  loss=0.1135  no_ord=0.0000  lr=3.94e-08  w=[0.186,0.145,0.172,0.147,0.170,0.180]  L=[0.039,0.084,0.000,0.000,0.000,0.000]
  step=17650  loss=0.1135  no_ord=0.0000  lr=3.42e-08  w=[0.183,0.151,0.169,0.148,0.175,0.174]  L=[0.115,0.062,1.223,0.005,0.348,0.180]
  step=17700  loss=0.1143  no_ord=0.0000  lr=2.93e-08  w=[0.198,0.146,0.170,0.146,0.170,0.169]  L=[0.111,0.180,0.160,0.079,0.225,0.100]
  step=17750  loss=0.1139  no_ord=0.0000  lr=2.48e-08  w=[0.192,0.146,0.166,0.155,0.171,0.169]  L=[nan,nan,nan,nan,nan,nan]
  step=17800  loss=0.1135  no_ord=0.0002  lr=2.00e-08  w=[0.191,0.149,0.172,0.149,0.170,0.170]  L=[nan,nan,nan,nan,nan,nan]
  step=17850  loss=0.1139  no_ord=0.0000  lr=1.63e-08  w=[0.196,0.150,0.182,0.147,0.166,0.159]  L=[0.000,0.000,0.000,0.000,0.000,0.000]
  step=17900  loss=0.1145  no_ord=0.0000  lr=1.30e-08  w=[0.199,0.149,0.185,0.154,0.162,0.151]  L=[nan,nan,nan,nan,nan,nan]
  step=17950  loss=0.1138  no_ord=0.0000  lr=1.01e-08  w=[0.199,0.151,0.178,0.149,0.166,0.158]  L=[0.617,0.225,0.043,0.018,0.758,1.137]
  step=18000  loss=0.1152  no_ord=0.0000  lr=7.14e-09  w=[0.204,0.148,0.180,0.147,0.164,0.158]  L=[0.001,0.000,0.000,0.000,0.036,0.000]
  step=18050  loss=0.1151  no_ord=0.0000  lr=5.01e-09  w=[0.197,0.145,0.196,0.148,0.158,0.157]  L=[0.009,0.000,0.000,0.000,0.000,0.000]
  step=18100  loss=0.1141  no_ord=0.0000  lr=3.26e-09  w=[0.192,0.150,0.191,0.147,0.161,0.159]  L=[0.000,0.000,0.000,0.000,0.000,0.000]
  step=18150  loss=0.1129  no_ord=0.0000  lr=1.88e-09  w=[0.194,0.151,0.184,0.151,0.161,0.159]  L=[nan,nan,nan,nan,nan,nan]
  step=18200  loss=0.1126  no_ord=0.0000  lr=7.51e-10  w=[0.189,0.155,0.179,0.152,0.161,0.164]  L=[1.062,1.701,3.651,0.429,0.523,1.600]
  step=18250  loss=0.1121  no_ord=0.0000  lr=1.88e-10  w=[0.185,0.162,0.183,0.148,0.158,0.164]  L=[nan,nan,nan,nan,nan,nan]
  step=18300  loss=0.1113  no_ord=0.0000  lr=0.00e+00  w=[0.186,0.159,0.176,0.151,0.162,0.166]  L=[nan,nan,nan,nan,nan,nan]

[Epoch 5/5 완료]  소요: 179.9분  avg_loss: 0.1117

[Val] exact_match=0.5231 (249/476)  adj_swap_fail=61  other_fail=166
  → Last saved to best_v4_last

학습 완료. Best val_acc: 0.5336
Done: Sat Jul  4 06:53:21 KST 2026
